Component: ARM Compiler 5.06 update 6 (build 750) Tool: armlink [4d35ed]

==============================================================================

Section Cross References

    at32f435_437_wk_config.o(i.wk_nvic_config) refers to at32f435_437_misc.o(i.nvic_priority_group_config) for nvic_priority_group_config
    at32f435_437_wk_config.o(i.wk_nvic_config) refers to at32f435_437_wk_config.o(i.__NVIC_GetPriorityGrouping) for __NVIC_GetPriorityGrouping
    at32f435_437_wk_config.o(i.wk_nvic_config) refers to at32f435_437_wk_config.o(i.NVIC_EncodePriority) for NVIC_EncodePriority
    at32f435_437_wk_config.o(i.wk_nvic_config) refers to at32f435_437_wk_config.o(i.__NVIC_SetPriority) for __NVIC_SetPriority
    at32f435_437_wk_config.o(i.wk_nvic_config) refers to at32f435_437_misc.o(i.nvic_irq_enable) for nvic_irq_enable
    at32f435_437_wk_config.o(i.wk_periph_clock_config) refers to at32f435_437_crm.o(i.crm_periph_clock_enable) for crm_periph_clock_enable
    at32f435_437_wk_config.o(i.wk_system_clock_config) refers to at32f435_437_crm.o(i.crm_reset) for crm_reset
    at32f435_437_wk_config.o(i.wk_system_clock_config) refers to at32f435_437_crm.o(i.crm_periph_clock_enable) for crm_periph_clock_enable
    at32f435_437_wk_config.o(i.wk_system_clock_config) refers to at32f435_437_crm.o(i.crm_clock_source_enable) for crm_clock_source_enable
    at32f435_437_wk_config.o(i.wk_system_clock_config) refers to at32f435_437_crm.o(i.crm_flag_get) for crm_flag_get
    at32f435_437_wk_config.o(i.wk_system_clock_config) refers to at32f435_437_crm.o(i.crm_hext_stable_wait) for crm_hext_stable_wait
    at32f435_437_wk_config.o(i.wk_system_clock_config) refers to at32f435_437_crm.o(i.crm_pll_config) for crm_pll_config
    at32f435_437_wk_config.o(i.wk_system_clock_config) refers to at32f435_437_crm.o(i.crm_ahb_div_set) for crm_ahb_div_set
    at32f435_437_wk_config.o(i.wk_system_clock_config) refers to at32f435_437_crm.o(i.crm_apb2_div_set) for crm_apb2_div_set
    at32f435_437_wk_config.o(i.wk_system_clock_config) refers to at32f435_437_crm.o(i.crm_apb1_div_set) for crm_apb1_div_set
    at32f435_437_wk_config.o(i.wk_system_clock_config) refers to at32f435_437_crm.o(i.crm_auto_step_mode_enable) for crm_auto_step_mode_enable
    at32f435_437_wk_config.o(i.wk_system_clock_config) refers to at32f435_437_crm.o(i.crm_sysclk_switch) for crm_sysclk_switch
    at32f435_437_wk_config.o(i.wk_system_clock_config) refers to at32f435_437_crm.o(i.crm_sysclk_switch_status_get) for crm_sysclk_switch_status_get
    at32f435_437_wk_config.o(i.wk_system_clock_config) refers to system_at32f435_437.o(i.system_core_clock_update) for system_core_clock_update
    main.o(i.main) refers to at32f435_437_wk_config.o(i.wk_system_clock_config) for wk_system_clock_config
    main.o(i.main) refers to at32f435_437_wk_config.o(i.wk_periph_clock_config) for wk_periph_clock_config
    main.o(i.main) refers to wk_system.o(i.systick_interrupt_config) for systick_interrupt_config
    main.o(i.main) refers to at32f435_437_wk_config.o(i.wk_nvic_config) for wk_nvic_config
    main.o(i.main) refers to wk_dma.o(i.wk_dma1_channel1_init) for wk_dma1_channel1_init
    main.o(i.main) refers to wk_dma.o(i.wk_dma_channel_config) for wk_dma_channel_config
    main.o(i.main) refers to at32f435_437_dma.o(i.dma_channel_enable) for dma_channel_enable
    main.o(i.main) refers to wk_dma.o(i.wk_dma1_channel2_init) for wk_dma1_channel2_init
    main.o(i.main) refers to wk_usart.o(i.wk_usart1_init) for wk_usart1_init
    main.o(i.main) refers to main.o(i.thread_init) for thread_init
    main.o(i.thread_init) refers to imu_task.o(i.imu_task_init) for imu_task_init
    wk_system.o(i.systick_interrupt_config) refers to at32f435_437_crm.o(i.crm_clocks_freq_get) for crm_clocks_freq_get
    wk_system.o(i.systick_interrupt_config) refers to at32f435_437_misc.o(i.systick_clock_source_config) for systick_clock_source_config
    wk_usart.o(i.wk_usart1_init) refers to at32f435_437_gpio.o(i.gpio_default_para_init) for gpio_default_para_init
    wk_usart.o(i.wk_usart1_init) refers to at32f435_437_gpio.o(i.gpio_pin_mux_config) for gpio_pin_mux_config
    wk_usart.o(i.wk_usart1_init) refers to at32f435_437_gpio.o(i.gpio_init) for gpio_init
    wk_usart.o(i.wk_usart1_init) refers to at32f435_437_usart.o(i.usart_init) for usart_init
    wk_usart.o(i.wk_usart1_init) refers to at32f435_437_usart.o(i.usart_transmitter_enable) for usart_transmitter_enable
    wk_usart.o(i.wk_usart1_init) refers to at32f435_437_usart.o(i.usart_receiver_enable) for usart_receiver_enable
    wk_usart.o(i.wk_usart1_init) refers to at32f435_437_usart.o(i.usart_parity_selection_config) for usart_parity_selection_config
    wk_usart.o(i.wk_usart1_init) refers to at32f435_437_usart.o(i.usart_dma_transmitter_enable) for usart_dma_transmitter_enable
    wk_usart.o(i.wk_usart1_init) refers to at32f435_437_usart.o(i.usart_dma_receiver_enable) for usart_dma_receiver_enable
[...]
    NVIC_EncodePriority                      0x080005bf   Thumb Code    64  at32f435_437_wk_config.o(i.NVIC_EncodePriority)
    i.SVC_Handler                            0x080005fe   Section        0  at32f435_437_int.o(i.SVC_Handler)
    i.SysTick_Handler                        0x08000600   Section        0  board.o(i.SysTick_Handler)
    i.SystemCoreClockUpdate                  0x08000610   Section        0  main.o(i.SystemCoreClockUpdate)
    i.SystemInit                             0x08000614   Section        0  system_at32f435_437.o(i.SystemInit)
    i.UsageFault_Handler                     0x080006a4   Section        0  at32f435_437_int.o(i.UsageFault_Handler)
    i._SysTick_Config                        0x080006a8   Section        0  board.o(i._SysTick_Config)
    _SysTick_Config                          0x080006a9   Thumb Code    44  board.o(i._SysTick_Config)
    i.__NVIC_GetPriorityGrouping             0x080006d8   Section        0  at32f435_437_wk_config.o(i.__NVIC_GetPriorityGrouping)
    __NVIC_GetPriorityGrouping               0x080006d9   Thumb Code    10  at32f435_437_wk_config.o(i.__NVIC_GetPriorityGrouping)
    i.__NVIC_SetPriority                     0x080006e8   Section        0  at32f435_437_wk_config.o(i.__NVIC_SetPriority)
    __NVIC_SetPriority                       0x080006e9   Thumb Code    32  at32f435_437_wk_config.o(i.__NVIC_SetPriority)
    i.__rt_ffs                               0x08000710   Section        0  kservice.o(i.__rt_ffs)
    i._has_defunct_thread                    0x0800075c   Section        0  idle.o(i._has_defunct_thread)
    _has_defunct_thread                      0x0800075d   Thumb Code    16  idle.o(i._has_defunct_thread)
    i._rt_thread_init                        0x08000770   Section        0  thread.o(i._rt_thread_init)
    _rt_thread_init                          0x08000771   Thumb Code   142  thread.o(i._rt_thread_init)
    i._rt_timer_init                         0x0800080c   Section        0  timer.o(i._rt_timer_init)
    _rt_timer_init                           0x0800080d   Thumb Code    66  timer.o(i._rt_timer_init)
    i._rt_timer_remove                       0x0800084e   Section        0  timer.o(i._rt_timer_remove)
    _rt_timer_remove                         0x0800084f   Thumb Code    46  timer.o(i._rt_timer_remove)
    i.crm_ahb_div_set                        0x0800087c   Section        0  at32f435_437_crm.o(i.crm_ahb_div_set)
    i.crm_apb1_div_set                       0x08000890   Section        0  at32f435_437_crm.o(i.crm_apb1_div_set)
    i.crm_apb2_div_set                       0x080008a4   Section        0  at32f435_437_crm.o(i.crm_apb2_div_set)
    i.crm_auto_step_mode_enable              0x080008b8   Section        0  at32f435_437_crm.o(i.crm_auto_step_mode_enable)
    i.crm_clock_source_enable                0x080008e0   Section        0  at32f435_437_crm.o(i.crm_clock_source_enable)
    i.crm_clocks_freq_get                    0x08000948   Section        0  at32f435_437_crm.o(i.crm_clocks_freq_get)
    i.crm_flag_get                           0x08000a5c   Section        0  at32f435_437_crm.o(i.crm_flag_get)
    i.crm_hext_stable_wait                   0x08000a8c   Section        0  at32f435_437_crm.o(i.crm_hext_stable_wait)
    i.crm_periph_clock_enable                0x08000abc   Section        0  at32f435_437_crm.o(i.crm_periph_clock_enable)
    i.crm_pll_config                         0x08000b08   Section        0  at32f435_437_crm.o(i.crm_pll_config)
    i.crm_reset                              0x08000b50   Section        0  at32f435_437_crm.o(i.crm_reset)
    i.crm_sysclk_switch                      0x08000bc8   Section        0  at32f435_437_crm.o(i.crm_sysclk_switch)
    i.crm_sysclk_switch_status_get           0x08000c04   Section        0  at32f435_437_crm.o(i.crm_sysclk_switch_status_get)
    i.dma_channel_enable                     0x08000c14   Section        0  at32f435_437_dma.o(i.dma_channel_enable)
    i.dma_default_para_init                  0x08000c1e   Section        0  at32f435_437_dma.o(i.dma_default_para_init)
    i.dma_init                               0x08000c36   Section        0  at32f435_437_dma.o(i.dma_init)
    i.dma_reset                              0x08000c98   Section        0  at32f435_437_dma.o(i.dma_reset)
    i.dmamux_enable                          0x08000d08   Section        0  at32f435_437_dma.o(i.dmamux_enable)
    i.dmamux_init                            0x08000d16   Section        0  at32f435_437_dma.o(i.dmamux_init)
    i.gpio_default_para_init                 0x08000d20   Section        0  at32f435_437_gpio.o(i.gpio_default_para_init)
    i.gpio_init                              0x08000d34   Section        0  at32f435_437_gpio.o(i.gpio_init)
    i.gpio_pin_mux_config                    0x08000dae   Section        0  at32f435_437_gpio.o(i.gpio_pin_mux_config)
    i.imu_task_init                          0x08000df0   Section        0  imu_task.o(i.imu_task_init)
    i.main                                   0x08000e30   Section        0  main.o(i.main)
    i.main_thread_entry                      0x08000e8c   Section        0  components.o(i.main_thread_entry)
    i.nvic_irq_enable                        0x08000e9c   Section        0  at32f435_437_misc.o(i.nvic_irq_enable)
    i.nvic_priority_group_config             0x08000f64   Section        0  at32f435_437_misc.o(i.nvic_priority_group_config)
    i.plug_holes                             0x08000f8c   Section        0  mem.o(i.plug_holes)
    plug_holes                               0x08000f8d   Thumb Code   108  mem.o(i.plug_holes)
    i.print_number                           0x08001004   Section        0  kservice.o(i.print_number)
    print_number                             0x08001005   Thumb Code   400  kservice.o(i.print_number)
    i.rt_application_init                    0x0800119c   Section        0  components.o(i.rt_application_init)
    i.rt_components_board_init               0x080011cc   Section        0  components.o(i.rt_components_board_init)
    i.rt_components_init                     0x080011e8   Section        0  components.o(i.rt_components_init)
    i.rt_enter_critical                      0x08001204   Section        0  scheduler.o(i.rt_enter_critical)
    i.rt_exit_critical                       0x08001224   Section        0  scheduler.o(i.rt_exit_critical)
    i.rt_free                                0x08001260   Section        0  mem.o(i.rt_free)
    i.rt_heap_begin_get                      0x08001358   Section        0  board.o(i.rt_heap_begin_get)
    i.rt_heap_end_get                        0x08001360   Section        0  board.o(i.rt_heap_end_get)
    i.rt_hw_board_init                       0x08001368   Section        0  board.o(i.rt_hw_board_init)
    i.rt_hw_console_output                   0x0800139c   Section        0  kservice.o(i.rt_hw_console_output)
    i.rt_hw_hard_fault_exception             0x080013a0   Section        0  cpuport.o(i.rt_hw_hard_fault_exception)
    i.rt_hw_stack_init                       0x080015c4   Section        0  cpuport.o(i.rt_hw_stack_init)
    i.rt_interrupt_enter                     0x08001614   Section        0  irq.o(i.rt_interrupt_enter)
    i.rt_interrupt_leave                     0x08001648   Section        0  irq.o(i.rt_interrupt_leave)
    i.rt_ipc_list_resume                     0x0800167c   Section        0  ipc.o(i.rt_ipc_list_resume)
    rt_ipc_list_resume                       0x0800167d   Thumb Code    20  ipc.o(i.rt_ipc_list_resume)
    i.rt_ipc_list_suspend                    0x08001690   Section        0  ipc.o(i.rt_ipc_list_suspend)
    rt_ipc_list_suspend                      0x08001691   Thumb Code   108  ipc.o(i.rt_ipc_list_suspend)
    i.rt_ipc_object_init                     0x080016fc   Section        0  ipc.o(i.rt_ipc_object_init)
    rt_ipc_object_init                       0x080016fd   Thumb Code    16  ipc.o(i.rt_ipc_object_init)
    i.rt_kprintf                             0x0800170c   Section        0  kservice.o(i.rt_kprintf)
    i.rt_list_init                           0x0800173c   Section        0  ipc.o(i.rt_list_init)
    rt_list_init                             0x0800173d   Thumb Code     6  ipc.o(i.rt_list_init)
    i.rt_list_init                           0x08001742   Section        0  scheduler.o(i.rt_list_init)
    rt_list_init                             0x08001743   Thumb Code     6  scheduler.o(i.rt_list_init)
    i.rt_list_init                           0x08001748   Section        0  timer.o(i.rt_list_init)
    rt_list_init                             0x08001749   Thumb Code     6  timer.o(i.rt_list_init)
    i.rt_list_insert_after                   0x0800174e   Section        0  object.o(i.rt_list_insert_after)
    rt_list_insert_after                     0x0800174f   Thumb Code    14  object.o(i.rt_list_insert_after)
    i.rt_list_insert_after                   0x0800175c   Section        0  thread.o(i.rt_list_insert_after)
    rt_list_insert_after                     0x0800175d   Thumb Code    14  thread.o(i.rt_list_insert_after)
    i.rt_list_insert_after                   0x0800176a   Section        0  timer.o(i.rt_list_insert_after)
    rt_list_insert_after                     0x0800176b   Thumb Code    14  timer.o(i.rt_list_insert_after)
    i.rt_list_insert_before                  0x08001778   Section        0  ipc.o(i.rt_list_insert_before)
    rt_list_insert_before                    0x08001779   Thumb Code    14  ipc.o(i.rt_list_insert_before)
    i.rt_list_isempty                        0x08001786   Section        0  ipc.o(i.rt_list_isempty)
    rt_list_isempty                          0x08001787   Thumb Code    16  ipc.o(i.rt_list_isempty)
    i.rt_list_isempty                        0x08001796   Section        0  timer.o(i.rt_list_isempty)
    rt_list_isempty                          0x08001797   Thumb Code    16  timer.o(i.rt_list_isempty)
    i.rt_list_remove                         0x080017a6   Section        0  object.o(i.rt_list_remove)
    rt_list_remove                           0x080017a7   Thumb Code    18  object.o(i.rt_list_remove)
    i.rt_list_remove                         0x080017b8   Section        0  thread.o(i.rt_list_remove)
    rt_list_remove                           0x080017b9   Thumb Code    18  thread.o(i.rt_list_remove)
    i.rt_malloc                              0x080017cc   Section        0  mem.o(i.rt_malloc)
    i.rt_memset                              0x08001954   Section        0  kservice.o(i.rt_memset)
    i.rt_object_allocate                     0x0800199c   Section        0  object.o(i.rt_object_allocate)
    i.rt_object_delete                       0x08001a08   Section        0  object.o(i.rt_object_delete)
    i.rt_object_detach                       0x08001a44   Section        0  object.o(i.rt_object_detach)
    i.rt_object_get_information              0x08001a78   Section        0  object.o(i.rt_object_get_information)
    i.rt_object_init                         0x08001aa0   Section        0  object.o(i.rt_object_init)
    i.rt_object_is_systemobject              0x08001af4   Section        0  object.o(i.rt_object_is_systemobject)
    i.rt_schedule                            0x08001b08   Section        0  scheduler.o(i.rt_schedule)
    i.rt_schedule_insert_thread              0x08001bb0   Section        0  scheduler.o(i.rt_schedule_insert_thread)
    i.rt_schedule_remove_thread              0x08001c00   Section        0  scheduler.o(i.rt_schedule_remove_thread)
    i.rt_sem_init                            0x08001c54   Section        0  ipc.o(i.rt_sem_init)
    i.rt_sem_release                         0x08001c7c   Section        0  ipc.o(i.rt_sem_release)
    i.rt_sem_take                            0x08001ccc   Section        0  ipc.o(i.rt_sem_take)
    i.rt_show_version                        0x08001d6c   Section        0  kservice.o(i.rt_show_version)
    i.rt_strlen                              0x08001e1c   Section        0  kservice.o(i.rt_strlen)
    i.rt_strncpy                             0x08001e2e   Section        0  kservice.o(i.rt_strncpy)
    i.rt_system_heap_init                    0x08001e64   Section        0  mem.o(i.rt_system_heap_init)
    i.rt_system_scheduler_init               0x08001f5c   Section        0  scheduler.o(i.rt_system_scheduler_init)
    i.rt_system_scheduler_start              0x08001fa8   Section        0  scheduler.o(i.rt_system_scheduler_start)
    i.rt_system_timer_init                   0x08001fd8   Section        0  timer.o(i.rt_system_timer_init)
    i.rt_system_timer_thread_init            0x08001ff4   Section        0  timer.o(i.rt_system_timer_thread_init)
    i.rt_thread_create                       0x08001ff6   Section        0  thread.o(i.rt_thread_create)
    i.rt_thread_delay                        0x08002046   Section        0  thread.o(i.rt_thread_delay)
    i.rt_thread_exit                         0x08002054   Section        0  thread.o(i.rt_thread_exit)
    i.rt_thread_idle_entry                   0x080020a8   Section        0  idle.o(i.rt_thread_idle_entry)
    rt_thread_idle_entry                     0x080020a9   Thumb Code    36  idle.o(i.rt_thread_idle_entry)
    i.rt_thread_idle_excute                  0x080020d0   Section        0  idle.o(i.rt_thread_idle_excute)
    i.rt_thread_idle_init                    0x08002154   Section        0  idle.o(i.rt_thread_idle_init)
    i.rt_thread_init                         0x08002190   Section        0  thread.o(i.rt_thread_init)
    i.rt_thread_resume                       0x080021c4   Section        0  thread.o(i.rt_thread_resume)
    i.rt_thread_self                         0x08002218   Section        0  thread.o(i.rt_thread_self)
    i.rt_thread_sleep                        0x08002224   Section        0  thread.o(i.rt_thread_sleep)
    i.rt_thread_startup                      0x08002268   Section        0  thread.o(i.rt_thread_startup)
    i.rt_thread_suspend                      0x08002294   Section        0  thread.o(i.rt_thread_suspend)
    i.rt_thread_timeout                      0x080022f0   Section        0  thread.o(i.rt_thread_timeout)
    i.rt_thread_yield                        0x08002310   Section        0  thread.o(i.rt_thread_yield)
    i.rt_tick_get                            0x08002374   Section        0  clock.o(i.rt_tick_get)
    i.rt_tick_increase                       0x08002380   Section        0  clock.o(i.rt_tick_increase)
    i.rt_timer_check                         0x080023b0   Section        0  timer.o(i.rt_timer_check)
    i.rt_timer_control                       0x08002458   Section        0  timer.o(i.rt_timer_control)
    i.rt_timer_detach                        0x08002490   Section        0  timer.o(i.rt_timer_detach)
    i.rt_timer_init                          0x080024b0   Section        0  timer.o(i.rt_timer_init)
    i.rt_timer_start                         0x080024e0   Section        0  timer.o(i.rt_timer_start)
    i.rt_timer_stop                          0x080025ec   Section        0  timer.o(i.rt_timer_stop)
    i.rt_vsnprintf                           0x08002634   Section        0  kservice.o(i.rt_vsnprintf)
    i.rti_board_end                          0x0800295c   Section        0  components.o(i.rti_board_end)
    rti_board_end                            0x0800295d   Thumb Code     4  components.o(i.rti_board_end)
    i.rti_board_start                        0x08002960   Section        0  components.o(i.rti_board_start)
    rti_board_start                          0x08002961   Thumb Code     4  components.o(i.rti_board_start)
    i.rti_end                                0x08002964   Section        0  components.o(i.rti_end)
    rti_end                                  0x08002965   Thumb Code     4  components.o(i.rti_end)
    i.rti_start                              0x08002968   Section        0  components.o(i.rti_start)
    rti_start                                0x08002969   Thumb Code     4  components.o(i.rti_start)
    i.rtthread_startup                       0x0800296c   Section        0  components.o(i.rtthread_startup)
    i.skip_atoi                              0x08002996   Section        0  kservice.o(i.skip_atoi)
    skip_atoi                                0x08002997   Thumb Code    38  kservice.o(i.skip_atoi)
    i.system_core_clock_update               0x080029bc   Section        0  system_at32f435_437.o(i.system_core_clock_update)
    i.systick_clock_source_config            0x08002ab0   Section        0  at32f435_437_misc.o(i.systick_clock_source_config)
    i.systick_interrupt_config               0x08002ad8   Section        0  wk_system.o(i.systick_interrupt_config)
    i.thread_init                            0x08002b1c   Section        0  main.o(i.thread_init)
    i.usart_dma_receiver_enable              0x08002b28   Section        0  at32f435_437_usart.o(i.usart_dma_receiver_enable)
    i.usart_dma_transmitter_enable           0x08002b32   Section        0  at32f435_437_usart.o(i.usart_dma_transmitter_enable)
    i.usart_enable                           0x08002b3c   Section        0  at32f435_437_usart.o(i.usart_enable)
    i.usart_hardware_flow_control_set        0x08002b46   Section        0  at32f435_437_usart.o(i.usart_hardware_flow_control_set)
    i.usart_init                             0x08002bac   Section        0  at32f435_437_usart.o(i.usart_init)
    i.usart_parity_selection_config          0x08002c58   Section        0  at32f435_437_usart.o(i.usart_parity_selection_config)
    i.usart_receiver_enable                  0x08002ca4   Section        0  at32f435_437_usart.o(i.usart_receiver_enable)
    i.usart_transmitter_enable               0x08002cae   Section        0  at32f435_437_usart.o(i.usart_transmitter_enable)
    i.wk_dma1_channel1_init                  0x08002cb8   Section        0  wk_dma.o(i.wk_dma1_channel1_init)
    i.wk_dma1_channel2_init                  0x08002d10   Section        0  wk_dma.o(i.wk_dma1_channel2_init)
    i.wk_dma_channel_config                  0x08002d68   Section        0  wk_dma.o(i.wk_dma_channel_config)
    i.wk_nvic_config                         0x08002d70   Section        0  at32f435_437_wk_config.o(i.wk_nvic_config)
    i.wk_periph_clock_config                 0x08002e44   Section        0  at32f435_437_wk_config.o(i.wk_periph_clock_config)
    i.wk_system_clock_config                 0x08002e80   Section        0  at32f435_437_wk_config.o(i.wk_system_clock_config)
    i.wk_usart1_init                         0x08002f48   Section        0  wk_usart.o(i.wk_usart1_init)
    x$fpl$fpinit                             0x08002ffc   Section       10  fpinit.o(x$fpl$fpinit)
    $v0                                      0x08002ffc   Number         0  fpinit.o(x$fpl$fpinit)
    .constdata                               0x08003006   Section       38  at32f435_437_crm.o(.constdata)
    sclk_ahb_div_table                       0x08003006   Data          16  at32f435_437_crm.o(.constdata)
    ahb_apb1_div_table                       0x08003016   Data           8  at32f435_437_crm.o(.constdata)
    ahb_apb2_div_table                       0x0800301e   Data           8  at32f435_437_crm.o(.constdata)
    pll_fr_table                             0x08003026   Data           6  at32f435_437_crm.o(.constdata)
    .constdata                               0x0800302c   Section       22  system_at32f435_437.o(.constdata)
    sys_ahb_div_table                        0x0800302c   Data          16  system_at32f435_437.o(.constdata)
    pll_fr_table                             0x0800303c   Data           6  system_at32f435_437.o(.constdata)
    .constdata                               0x08003042   Section      290  kservice.o(.constdata)
    small_digits                             0x08003142   Data          17  kservice.o(.constdata)
    large_digits                             0x08003153   Data          17  kservice.o(.constdata)
    .rti_fn.0                                0x08003164   Section        4  components.o(.rti_fn.0)
    __tagsym$$used                           0x08003164   Number         0  components.o(.rti_fn.0)
    .rti_fn.0.end                            0x08003168   Section        4  components.o(.rti_fn.0.end)
    __tagsym$$used                           0x08003168   Number         0  components.o(.rti_fn.0.end)
    .rti_fn.1.end                            0x0800316c   Section        4  components.o(.rti_fn.1.end)
    __tagsym$$used                           0x0800316c   Number         0  components.o(.rti_fn.1.end)
    .rti_fn.6.end                            0x08003170   Section        4  components.o(.rti_fn.6.end)
    __tagsym$$used                           0x08003170   Number         0  components.o(.rti_fn.6.end)
    .data                                    0x20000000   Section        4  system_at32f435_437.o(.data)
    .data                                    0x20000004   Section        4  imu_task.o(.data)
    .data                                    0x20000008   Section       16  cpuport.o(.data)
    rt_exception_hook                        0x20000014   Data           4  cpuport.o(.data)
    .data                                    0x20000018   Section        4  clock.o(.data)
    rt_tick                                  0x20000018   Data           4  clock.o(.data)
    .data                                    0x2000001c   Section        9  irq.o(.data)
    rt_interrupt_enter_hook                  0x2000001c   Data           4  irq.o(.data)
    rt_interrupt_leave_hook                  0x20000020   Data           4  irq.o(.data)
    .data                                    0x20000028   Section       32  mem.o(.data)
    rt_malloc_hook                           0x20000028   Data           4  mem.o(.data)
    rt_free_hook                             0x2000002c   Data           4  mem.o(.data)
    heap_ptr                                 0x20000030   Data           4  mem.o(.data)
    heap_end                                 0x20000034   Data           4  mem.o(.data)
    lfree                                    0x20000038   Data           4  mem.o(.data)
    mem_size_aligned                         0x2000003c   Data           4  mem.o(.data)
    used_mem                                 0x20000040   Data           4  mem.o(.data)
    max_mem                                  0x20000044   Data           4  mem.o(.data)
    .data                                    0x20000048   Section      132  object.o(.data)
    rt_object_container                      0x20000048   Data         112  object.o(.data)
    rt_object_attach_hook                    0x200000b8   Data           4  object.o(.data)
    rt_object_detach_hook                    0x200000bc   Data           4  object.o(.data)
    .data                                    0x200000cc   Section       28  scheduler.o(.data)
    rt_scheduler_lock_nest                   0x200000cc   Data           2  scheduler.o(.data)
    rt_scheduler_hook                        0x200000e4   Data           4  scheduler.o(.data)
    .data                                    0x200000e8   Section       12  thread.o(.data)
    rt_thread_suspend_hook                   0x200000e8   Data           4  thread.o(.data)
    rt_thread_resume_hook                    0x200000ec   Data           4  thread.o(.data)
    rt_thread_inited_hook                    0x200000f0   Data           4  thread.o(.data)
    .data                                    0x200000f4   Section       20  timer.o(.data)
    rt_timer_list                            0x200000f4   Data           8  timer.o(.data)
    rt_timer_enter_hook                      0x200000fc   Data           4  timer.o(.data)
    rt_timer_exit_hook                       0x20000100   Data           4  timer.o(.data)
    random_nr                                0x20000104   Data           4  timer.o(.data)
    .bss                                     0x20000108   Section     2176  imu_task.o(.bss)
    Imu_Task                                 0x20000908   Data         128  imu_task.o(.bss)
    .bss                                     0x20000988   Section      400  idle.o(.bss)
    idle                                     0x20000988   Data         128  idle.o(.bss)
    rt_thread_stack                          0x20000a08   Data         256  idle.o(.bss)
    idle_hook_list                           0x20000b08   Data          16  idle.o(.bss)
    .bss                                     0x20000b18   Section      128  kservice.o(.bss)
    rt_log_buf                               0x20000b18   Data         128  kservice.o(.bss)
    .bss                                     0x20000b98   Section       32  mem.o(.bss)
    heap_sem                                 0x20000b98   Data          32  mem.o(.bss)
    .bss                                     0x20000bb8   Section      256  scheduler.o(.bss)
    .bss                                     0x20000cb8   Section     6144  board.o(.bss)
    rt_heap                                  0x20000cb8   Data        6144  board.o(.bss)
    .bss                                     0x200024b8   Section       96  libspace.o(.bss)
    HEAP                                     0x20002518   Section      512  startup_at32f435_437.o(HEAP)
    Heap_Mem                                 0x20002518   Data         512  startup_at32f435_437.o(HEAP)
    STACK                                    0x20002718   Section     1024  startup_at32f435_437.o(STACK)
    Stack_Mem                                0x20002718   Data        1024  startup_at32f435_437.o(STACK)
    __initial_sp                             0x20002b18   Data           0  startup_at32f435_437.o(STACK)

    Global Symbols

    Symbol Name                              Value     Ov Type        Size  Object(Section)

    BuildAttributes$$THM_ISAv4$E$P$D$K$B$S$7EM$VFPi3$EXTD16$VFPS$VFMA$PE$A:L22UL41UL21$X:L11$S22US41US21$IEEE1$IW$USESV6$~STKCKD$USESV7$~SHL$OSPACE$ROPI$EBA8$UX$STANDARDLIB$REQ8$PRES8$EABIv2 0x00000000   Number         0  anon$$obj.o ABSOLUTE
    __ARM_use_no_argv                        0x00000000   Number         0  main.o ABSOLUTE
    __ARM_exceptions_init                     - Undefined Weak Reference
    __alloca_initialize                       - Undefined Weak Reference
    __arm_preinit_                            - Undefined Weak Reference
    __cpp_initialize__aeabi_                  - Undefined Weak Reference
    __cxa_finalize                            - Undefined Weak Reference
    __rt_locale                               - Undefined Weak Reference
    __sigvec_lookup                           - Undefined Weak Reference
    _atexit_init                              - Undefined Weak Reference
    _call_atexit_fns                          - Undefined Weak Reference
    _clock_init                               - Undefined Weak Reference
    _fp_trap_init                             - Undefined Weak Reference
    _fp_trap_shutdown                         - Undefined Weak Reference
    _get_lc_collate                           - Undefined Weak Reference
    _get_lc_ctype                             - Undefined Weak Reference
    _get_lc_monetary                          - Undefined Weak Reference
    _get_lc_numeric                           - Undefined Weak Reference
    _get_lc_time                              - Undefined Weak Reference
    _getenv_init                              - Undefined Weak Reference
    _handle_redirection                       - Undefined Weak Reference
    _init_alloc                               - Undefined Weak Reference
    _init_user_alloc                          - Undefined Weak Reference
    _initio                                   - Undefined Weak Reference
    _rand_init                                - Undefined Weak Reference
    _signal_finish                            - Undefined Weak Reference
    _signal_init                              - Undefined Weak Reference
    _terminate_alloc                          - Undefined Weak Reference
    _terminate_user_alloc                     - Undefined Weak Reference
    _terminateio                              - Undefined Weak Reference
    __Vectors_Size                           0x0000020c   Number         0  startup_at32f435_437.o ABSOLUTE
    __Vectors                                0x08000000   Data           4  startup_at32f435_437.o(RESET)
    __Vectors_End                            0x0800020c   Data           0  startup_at32f435_437.o(RESET)
    __main                                   0x0800020d   Thumb Code     8  __main.o(!!!main)
    __scatterload                            0x08000215   Thumb Code     0  __scatter.o(!!!scatter)
    __scatterload_rt2                        0x08000215   Thumb Code    44  __scatter.o(!!!scatter)
    __scatterload_rt2_thumb_only             0x08000215   Thumb Code     0  __scatter.o(!!!scatter)
    __scatterload_null                       0x08000223   Thumb Code     0  __scatter.o(!!!scatter)
    __scatterload_copy                       0x08000249   Thumb Code    26  __scatter_copy.o(!!handler_copy)
    __scatterload_zeroinit                   0x08000265   Thumb Code    28  __scatter_zi.o(!!handler_zi)
    __rt_lib_init                            0x08000281   Thumb Code     0  libinit.o(.ARM.Collect$$libinit$$00000000)
    __rt_lib_init_fp_1                       0x08000283   Thumb Code     0  libinit2.o(.ARM.Collect$$libinit$$00000001)
    __rt_lib_init_alloca_1                   0x08000287   Thumb Code     0  libinit2.o(.ARM.Collect$$libinit$$0000002E)
    __rt_lib_init_argv_1                     0x08000287   Thumb Code     0  libinit2.o(.ARM.Collect$$libinit$$0000002C)
    __rt_lib_init_atexit_1                   0x08000287   Thumb Code     0  libinit2.o(.ARM.Collect$$libinit$$0000001B)
    __rt_lib_init_clock_1                    0x08000287   Thumb Code     0  libinit2.o(.ARM.Collect$$libinit$$00000021)
    __rt_lib_init_cpp_1                      0x08000287   Thumb Code     0  libinit2.o(.ARM.Collect$$libinit$$00000032)
    __rt_lib_init_exceptions_1               0x08000287   Thumb Code     0  libinit2.o(.ARM.Collect$$libinit$$00000030)
    __rt_lib_init_fp_trap_1                  0x08000287   Thumb Code     0  libinit2.o(.ARM.Collect$$libinit$$0000001F)
    __rt_lib_init_getenv_1                   0x08000287   Thumb Code     0  libinit2.o(.ARM.Collect$$libinit$$00000023)
    __rt_lib_init_heap_1                     0x08000287   Thumb Code     0  libinit2.o(.ARM.Collect$$libinit$$0000000A)
    __rt_lib_init_lc_collate_1               0x08000287   Thumb Code     0  libinit2.o(.ARM.Collect$$libinit$$00000011)
    __rt_lib_init_lc_ctype_1                 0x08000287   Thumb Code     0  libinit2.o(.ARM.Collect$$libinit$$00000013)
    __rt_lib_init_lc_monetary_1              0x08000287   Thumb Code     0  libinit2.o(.ARM.Collect$$libinit$$00000015)
    __rt_lib_init_lc_numeric_1               0x08000287   Thumb Code     0  libinit2.o(.ARM.Collect$$libinit$$00000017)
    __rt_lib_init_lc_time_1                  0x08000287   Thumb Code     0  libinit2.o(.ARM.Collect$$libinit$$00000019)
    __rt_lib_init_preinit_1                  0x08000287   Thumb Code     0  libinit2.o(.ARM.Collect$$libinit$$00000004)
    __rt_lib_init_rand_1                     0x08000287   Thumb Code     0  libinit2.o(.ARM.Collect$$libinit$$0000000E)
    __rt_lib_init_return                     0x08000287   Thumb Code     0  libinit2.o(.ARM.Collect$$libinit$$00000033)
    __rt_lib_init_signal_1                   0x08000287   Thumb Code     0  libinit2.o(.ARM.Collect$$libinit$$0000001D)
    __rt_lib_init_stdio_1                    0x08000287   Thumb Code     0  libinit2.o(.ARM.Collect$$libinit$$00000025)
    __rt_lib_init_user_alloc_1               0x08000287   Thumb Code     0  libinit2.o(.ARM.Collect$$libinit$$0000000C)
    __rt_lib_shutdown                        0x08000289   Thumb Code     0  libshutdown.o(.ARM.Collect$$libshutdown$$00000000)
    __rt_lib_shutdown_cpp_1                  0x0800028b   Thumb Code     0  libshutdown2.o(.ARM.Collect$$libshutdown$$00000002)
    __rt_lib_shutdown_fp_trap_1              0x0800028b   Thumb Code     0  libshutdown2.o(.ARM.Collect$$libshutdown$$00000007)
    __rt_lib_shutdown_heap_1                 0x0800028b   Thumb Code     0  libshutdown2.o(.ARM.Collect$$libshutdown$$0000000F)
    __rt_lib_shutdown_return                 0x0800028b   Thumb Code     0  libshutdown2.o(.ARM.Collect$$libshutdown$$00000010)
    __rt_lib_shutdown_signal_1               0x0800028b   Thumb Code     0  libshutdown2.o(.ARM.Collect$$libshutdown$$0000000A)
    __rt_lib_shutdown_stdio_1                0x0800028b   Thumb Code     0  libshutdown2.o(.ARM.Collect$$libshutdown$$00000004)
    __rt_lib_shutdown_user_alloc_1           0x0800028b   Thumb Code     0  libshutdown2.o(.ARM.Collect$$libshutdown$$0000000C)
    __rt_entry                               0x0800028d   Thumb Code     0  __rtentry.o(.ARM.Collect$$rtentry$$00000000)
    __rt_entry_presh_1                       0x0800028d   Thumb Code     0  __rtentry2.o(.ARM.Collect$$rtentry$$00000002)
    __rt_entry_sh                            0x0800028d   Thumb Code     0  __rtentry4.o(.ARM.Collect$$rtentry$$00000004)
    __rt_entry_li                            0x08000293   Thumb Code     0  __rtentry2.o(.ARM.Collect$$rtentry$$0000000A)
    __rt_entry_postsh_1                      0x08000293   Thumb Code     0  __rtentry2.o(.ARM.Collect$$rtentry$$00000009)
    __rt_entry_main                          0x08000297   Thumb Code     0  __rtentry2.o(.ARM.Collect$$rtentry$$0000000D)
    __rt_entry_postli_1                      0x08000297   Thumb Code     0  __rtentry2.o(.ARM.Collect$$rtentry$$0000000C)
    __rt_exit                                0x0800029f   Thumb Code     0  rtexit.o(.ARM.Collect$$rtexit$$00000000)
    __rt_exit_ls                             0x080002a1   Thumb Code     0  rtexit2.o(.ARM.Collect$$rtexit$$00000003)
    __rt_exit_prels_1                        0x080002a1   Thumb Code     0  rtexit2.o(.ARM.Collect$$rtexit$$00000002)
    __rt_exit_exit                           0x080002a5   Thumb Code     0  rtexit2.o(.ARM.Collect$$rtexit$$00000004)
    Reset_Handler                            0x080002ad   Thumb Code     8  startup_at32f435_437.o(.text)
    ACC_IRQHandler                           0x080002c7   Thumb Code     0  startup_at32f435_437.o(.text)
    ADC1_2_3_IRQHandler                      0x080002c7   Thumb Code     0  startup_at32f435_437.o(.text)
    CAN1_RX0_IRQHandler                      0x080002c7   Thumb Code     0  startup_at32f435_437.o(.text)
    CAN1_RX1_IRQHandler                      0x080002c7   Thumb Code     0  startup_at32f435_437.o(.text)
    CAN1_SE_IRQHandler                       0x080002c7   Thumb Code     0  startup_at32f435_437.o(.text)
    CAN1_TX_IRQHandler                       0x080002c7   Thumb Code     0  startup_at32f435_437.o(.text)
    CAN2_RX0_IRQHandler                      0x080002c7   Thumb Code     0  startup_at32f435_437.o(.text)
    CAN2_RX1_IRQHandler                      0x080002c7   Thumb Code     0  startup_at32f435_437.o(.text)
    CAN2_SE_IRQHandler                       0x080002c7   Thumb Code     0  startup_at32f435_437.o(.text)
    CAN2_TX_IRQHandler                       0x080002c7   Thumb Code     0  startup_at32f435_437.o(.text)
    CRM_IRQHandler                           0x080002c7   Thumb Code     0  startup_at32f435_437.o(.text)
    DMA1_Channel3_IRQHandler                 0x080002c7   Thumb Code     0  startup_at32f435_437.o(.text)
    DMA1_Channel4_IRQHandler                 0x080002c7   Thumb Code     0  startup_at32f435_437.o(.text)
    DMA1_Channel5_IRQHandler                 0x080002c7   Thumb Code     0  startup_at32f435_437.o(.text)
    DMA1_Channel6_IRQHandler                 0x080002c7   Thumb Code     0  startup_at32f435_437.o(.text)
    DMA1_Channel7_IRQHandler                 0x080002c7   Thumb Code     0  startup_at32f435_437.o(.text)
    DMA2_Channel1_IRQHandler                 0x080002c7   Thumb Code     0  startup_at32f435_437.o(.text)
    DMA2_Channel2_IRQHandler                 0x080002c7   Thumb Code     0  startup_at32f435_437.o(.text)
    DMA2_Channel3_IRQHandler                 0x080002c7   Thumb Code     0  startup_at32f435_437.o(.text)
    DMA2_Channel4_IRQHandler                 0x080002c7   Thumb Code     0  startup_at32f435_437.o(.text)
    DMA2_Channel5_IRQHandler                 0x080002c7   Thumb Code     0  startup_at32f435_437.o(.text)
    DMA2_Channel6_IRQHandler                 0x080002c7   Thumb Code     0  startup_at32f435_437.o(.text)
    DMA2_Channel7_IRQHandler                 0x080002c7   Thumb Code     0  startup_at32f435_437.o(.text)
    DMAMUX_IRQHandler                        0x080002c7   Thumb Code     0  startup_at32f435_437.o(.text)
    DVP_IRQHandler                           0x080002c7   Thumb Code     0  startup_at32f435_437.o(.text)
    EDMA_Stream1_IRQHandler                  0x080002c7   Thumb Code     0  startup_at32f435_437.o(.text)
    EDMA_Stream2_IRQHandler                  0x080002c7   Thumb Code     0  startup_at32f435_437.o(.text)
    EDMA_Stream3_IRQHandler                  0x080002c7   Thumb Code     0  startup_at32f435_437.o(.text)
    EDMA_Stream4_IRQHandler                  0x080002c7   Thumb Code     0  startup_at32f435_437.o(.text)
    EDMA_Stream5_IRQHandler                  0x080002c7   Thumb Code     0  startup_at32f435_437.o(.text)
    EDMA_Stream6_IRQHandler                  0x080002c7   Thumb Code     0  startup_at32f435_437.o(.text)
    EDMA_Stream7_IRQHandler                  0x080002c7   Thumb Code     0  startup_at32f435_437.o(.text)
    EDMA_Stream8_IRQHandler                  0x080002c7   Thumb Code     0  startup_at32f435_437.o(.text)
    EMAC_IRQHandler                          0x080002c7   Thumb Code     0  startup_at32f435_437.o(.text)
    EMAC_WKUP_IRQHandler                     0x080002c7   Thumb Code     0  startup_at32f435_437.o(.text)
    ERTCAlarm_IRQHandler                     0x080002c7   Thumb Code     0  startup_at32f435_437.o(.text)
    ERTC_WKUP_IRQHandler                     0x080002c7   Thumb Code     0  startup_at32f435_437.o(.text)
    EXINT0_IRQHandler                        0x080002c7   Thumb Code     0  startup_at32f435_437.o(.text)
    EXINT15_10_IRQHandler                    0x080002c7   Thumb Code     0  startup_at32f435_437.o(.text)
    EXINT1_IRQHandler                        0x080002c7   Thumb Code     0  startup_at32f435_437.o(.text)
    EXINT2_IRQHandler                        0x080002c7   Thumb Code     0  startup_at32f435_437.o(.text)
    EXINT3_IRQHandler                        0x080002c7   Thumb Code     0  startup_at32f435_437.o(.text)
    EXINT4_IRQHandler                        0x080002c7   Thumb Code     0  startup_at32f435_437.o(.text)
    EXINT9_5_IRQHandler                      0x080002c7   Thumb Code     0  startup_at32f435_437.o(.text)
    FLASH_IRQHandler                         0x080002c7   Thumb Code     0  startup_at32f435_437.o(.text)
    FPU_IRQHandler                           0x080002c7   Thumb Code     0  startup_at32f435_437.o(.text)
    I2C1_ERR_IRQHandler                      0x080002c7   Thumb Code     0  startup_at32f435_437.o(.text)
    I2C1_EVT_IRQHandler                      0x080002c7   Thumb Code     0  startup_at32f435_437.o(.text)
    I2C2_ERR_IRQHandler                      0x080002c7   Thumb Code     0  startup_at32f435_437.o(.text)
    I2C2_EVT_IRQHandler                      0x080002c7   Thumb Code     0  startup_at32f435_437.o(.text)
    I2C3_ERR_IRQHandler                      0x080002c7   Thumb Code     0  startup_at32f435_437.o(.text)
    I2C3_EVT_IRQHandler                      0x080002c7   Thumb Code     0  startup_at32f435_437.o(.text)
    OTGFS1_IRQHandler                        0x080002c7   Thumb Code     0  startup_at32f435_437.o(.text)
    OTGFS1_WKUP_IRQHandler                   0x080002c7   Thumb Code     0  startup_at32f435_437.o(.text)
    OTGFS2_IRQHandler                        0x080002c7   Thumb Code     0  startup_at32f435_437.o(.text)
    OTGFS2_WKUP_IRQHandler                   0x080002c7   Thumb Code     0  startup_at32f435_437.o(.text)
    PVM_IRQHandler                           0x080002c7   Thumb Code     0  startup_at32f435_437.o(.text)
    QSPI1_IRQHandler                         0x080002c7   Thumb Code     0  startup_at32f435_437.o(.text)
    QSPI2_IRQHandler                         0x080002c7   Thumb Code     0  startup_at32f435_437.o(.text)
    SDIO1_IRQHandler                         0x080002c7   Thumb Code     0  startup_at32f435_437.o(.text)
    SDIO2_IRQHandler                         0x080002c7   Thumb Code     0  startup_at32f435_437.o(.text)
    SPI1_IRQHandler                          0x080002c7   Thumb Code     0  startup_at32f435_437.o(.text)
    SPI2_I2S2EXT_IRQHandler                  0x080002c7   Thumb Code     0  startup_at32f435_437.o(.text)
    SPI3_I2S3EXT_IRQHandler                  0x080002c7   Thumb Code     0  startup_at32f435_437.o(.text)
    SPI4_IRQHandler                          0x080002c7   Thumb Code     0  startup_at32f435_437.o(.text)
    TAMP_STAMP_IRQHandler                    0x080002c7   Thumb Code     0  startup_at32f435_437.o(.text)
    TMR1_BRK_TMR9_IRQHandler                 0x080002c7   Thumb Code     0  startup_at32f435_437.o(.text)
    TMR1_CH_IRQHandler                       0x080002c7   Thumb Code     0  startup_at32f435_437.o(.text)
    TMR1_OVF_TMR10_IRQHandler                0x080002c7   Thumb Code     0  startup_at32f435_437.o(.text)
    TMR1_TRG_HALL_TMR11_IRQHandler           0x080002c7   Thumb Code     0  startup_at32f435_437.o(.text)
    TMR20_BRK_IRQHandler                     0x080002c7   Thumb Code     0  startup_at32f435_437.o(.text)
    TMR20_CH_IRQHandler                      0x080002c7   Thumb Code     0  startup_at32f435_437.o(.text)
    TMR20_OVF_IRQHandler                     0x080002c7   Thumb Code     0  startup_at32f435_437.o(.text)
    TMR20_TRG_HALL_IRQHandler                0x080002c7   Thumb Code     0  startup_at32f435_437.o(.text)
    TMR2_GLOBAL_IRQHandler                   0x080002c7   Thumb Code     0  startup_at32f435_437.o(.text)
    TMR3_GLOBAL_IRQHandler                   0x080002c7   Thumb Code     0  startup_at32f435_437.o(.text)
    TMR4_GLOBAL_IRQHandler                   0x080002c7   Thumb Code     0  startup_at32f435_437.o(.text)
    TMR5_GLOBAL_IRQHandler                   0x080002c7   Thumb Code     0  startup_at32f435_437.o(.text)
    TMR6_DAC_GLOBAL_IRQHandler               0x080002c7   Thumb Code     0  startup_at32f435_437.o(.text)
    TMR7_GLOBAL_IRQHandler                   0x080002c7   Thumb Code     0  startup_at32f435_437.o(.text)
    TMR8_BRK_TMR12_IRQHandler                0x080002c7   Thumb Code     0  startup_at32f435_437.o(.text)
    TMR8_CH_IRQHandler                       0x080002c7   Thumb Code     0  startup_at32f435_437.o(.text)
    TMR8_OVF_TMR13_IRQHandler                0x080002c7   Thumb Code     0  startup_at32f435_437.o(.text)
    TMR8_TRG_HALL_TMR14_IRQHandler           0x080002c7   Thumb Code     0  startup_at32f435_437.o(.text)
    UART4_IRQHandler                         0x080002c7   Thumb Code     0  startup_at32f435_437.o(.text)
    UART5_IRQHandler                         0x080002c7   Thumb Code     0  startup_at32f435_437.o(.text)
    UART7_IRQHandler                         0x080002c7   Thumb Code     0  startup_at32f435_437.o(.text)
    UART8_IRQHandler                         0x080002c7   Thumb Code     0  startup_at32f435_437.o(.text)
    USART1_IRQHandler                        0x080002c7   Thumb Code     0  startup_at32f435_437.o(.text)
    USART2_IRQHandler                        0x080002c7   Thumb Code     0  startup_at32f435_437.o(.text)
    USART3_IRQHandler                        0x080002c7   Thumb Code     0  startup_at32f435_437.o(.text)
    USART6_IRQHandler                        0x080002c7   Thumb Code     0  startup_at32f435_437.o(.text)
    WWDT_IRQHandler                          0x080002c7   Thumb Code     0  startup_at32f435_437.o(.text)
    XMC_IRQHandler                           0x080002c7   Thumb Code     0  startup_at32f435_437.o(.text)
    __user_initial_stackheap                 0x080002c9   Thumb Code     0  startup_at32f435_437.o(.text)
    rt_hw_interrupt_disable                  0x080002ed   Thumb Code     8  context_rvds.o(.text)
    rt_hw_interrupt_enable                   0x080002f5   Thumb Code     6  context_rvds.o(.text)
    rt_hw_context_switch                     0x080002fb   Thumb Code    32  context_rvds.o(.text)
    rt_hw_context_switch_interrupt           0x080002fb   Thumb Code     0  context_rvds.o(.text)
    PendSV_Handler                           0x0800031b   Thumb Code   108  context_rvds.o(.text)
    rt_hw_context_switch_to                  0x08000387   Thumb Code    70  context_rvds.o(.text)
    rt_hw_interrupt_thread_switch            0x080003cd   Thumb Code     2  context_rvds.o(.text)
    HardFault_Handler                        0x080003cf   Thumb Code    56  context_rvds.o(.text)
    __aeabi_uldivmod                         0x08000421   Thumb Code     0  lludivv7m.o(.text)
    _ll_udiv                                 0x08000421   Thumb Code   238  lludivv7m.o(.text)
    __use_two_region_memory                  0x0800050f   Thumb Code     2  heapauxi.o(.text)
    __rt_heap_escrow$2region                 0x08000511   Thumb Code     2  heapauxi.o(.text)
    __rt_heap_expand$2region                 0x08000513   Thumb Code     2  heapauxi.o(.text)
    __user_setup_stackheap                   0x08000515   Thumb Code    74  sys_stackheap_outer.o(.text)
    exit                                     0x0800055f   Thumb Code    18  exit.o(.text)
    __user_libspace                          0x08000571   Thumb Code     8  libspace.o(.text)
    __user_perproc_libspace                  0x08000571   Thumb Code     0  libspace.o(.text)
    __user_perthread_libspace                0x08000571   Thumb Code     0  libspace.o(.text)
    _sys_exit                                0x08000579   Thumb Code     8  sys_exit.o(.text)
    __I$use$semihosting                      0x08000585   Thumb Code     0  use_no_semi.o(.text)
    __use_no_semihosting_swi                 0x08000585   Thumb Code     2  use_no_semi.o(.text)
    __semihosting_library_function           0x08000587   Thumb Code     0  indicate_semi.o(.text)
    main                                     0x08000587   Thumb Code    14  components.o(i.$Sub$$main)
    BusFault_Handler                         0x08000595   Thumb Code     4  at32f435_437_int.o(i.BusFault_Handler)
    DMA1_Channel1_IRQHandler                 0x08000599   Thumb Code     2  at32f435_437_int.o(i.DMA1_Channel1_IRQHandler)
    DMA1_Channel2_IRQHandler                 0x0800059b   Thumb Code     2  at32f435_437_int.o(i.DMA1_Channel2_IRQHandler)
    DebugMon_Handler                         0x0800059d   Thumb Code     2  at32f435_437_int.o(i.DebugMon_Handler)
    MemManage_Handler                        0x080005b9   Thumb Code     4  at32f435_437_int.o(i.MemManage_Handler)
    NMI_Handler                              0x080005bd   Thumb Code     2  at32f435_437_int.o(i.NMI_Handler)
    SVC_Handler                              0x080005ff   Thumb Code     2  at32f435_437_int.o(i.SVC_Handler)
    SysTick_Handler                          0x08000601   Thumb Code    16  board.o(i.SysTick_Handler)
    SystemCoreClockUpdate                    0x08000611   Thumb Code     2  main.o(i.SystemCoreClockUpdate)
    SystemInit                               0x08000615   Thumb Code   128  system_at32f435_437.o(i.SystemInit)
    UsageFault_Handler                       0x080006a5   Thumb Code     4  at32f435_437_int.o(i.UsageFault_Handler)
    __rt_ffs                                 0x08000711   Thumb Code    70  kservice.o(i.__rt_ffs)
    crm_ahb_div_set                          0x0800087d   Thumb Code    14  at32f435_437_crm.o(i.crm_ahb_div_set)
    crm_apb1_div_set                         0x08000891   Thumb Code    14  at32f435_437_crm.o(i.crm_apb1_div_set)
    crm_apb2_div_set                         0x080008a5   Thumb Code    14  at32f435_437_crm.o(i.crm_apb2_div_set)
    crm_auto_step_mode_enable                0x080008b9   Thumb Code    34  at32f435_437_crm.o(i.crm_auto_step_mode_enable)
    crm_clock_source_enable                  0x080008e1   Thumb Code    98  at32f435_437_crm.o(i.crm_clock_source_enable)
    crm_clocks_freq_get                      0x08000949   Thumb Code   242  at32f435_437_crm.o(i.crm_clocks_freq_get)
    crm_flag_get                             0x08000a5d   Thumb Code    44  at32f435_437_crm.o(i.crm_flag_get)
    crm_hext_stable_wait                     0x08000a8d   Thumb Code    46  at32f435_437_crm.o(i.crm_hext_stable_wait)
    crm_periph_clock_enable                  0x08000abd   Thumb Code    70  at32f435_437_crm.o(i.crm_periph_clock_enable)
    crm_pll_config                           0x08000b09   Thumb Code    68  at32f435_437_crm.o(i.crm_pll_config)
    crm_reset                                0x08000b51   Thumb Code   106  at32f435_437_crm.o(i.crm_reset)
    crm_sysclk_switch                        0x08000bc9   Thumb Code    54  at32f435_437_crm.o(i.crm_sysclk_switch)
    crm_sysclk_switch_status_get             0x08000c05   Thumb Code    10  at32f435_437_crm.o(i.crm_sysclk_switch_status_get)
    dma_channel_enable                       0x08000c15   Thumb Code    10  at32f435_437_dma.o(i.dma_channel_enable)
    dma_default_para_init                    0x08000c1f   Thumb Code    24  at32f435_437_dma.o(i.dma_default_para_init)
    dma_init                                 0x08000c37   Thumb Code    98  at32f435_437_dma.o(i.dma_init)
    dma_reset                                0x08000c99   Thumb Code   102  at32f435_437_dma.o(i.dma_reset)
    dmamux_enable                            0x08000d09   Thumb Code    14  at32f435_437_dma.o(i.dmamux_enable)
    dmamux_init                              0x08000d17   Thumb Code    10  at32f435_437_dma.o(i.dmamux_init)
    gpio_default_para_init                   0x08000d21   Thumb Code    20  at32f435_437_gpio.o(i.gpio_default_para_init)
    gpio_init                                0x08000d35   Thumb Code   122  at32f435_437_gpio.o(i.gpio_init)
    gpio_pin_mux_config                      0x08000daf   Thumb Code    66  at32f435_437_gpio.o(i.gpio_pin_mux_config)
    imu_task_init                            0x08000df1   Thumb Code    40  imu_task.o(i.imu_task_init)
    $Super$$main                             0x08000e31   Thumb Code    84  main.o(i.main)
    main_thread_entry                        0x08000e8d   Thumb Code    14  components.o(i.main_thread_entry)
    nvic_irq_enable                          0x08000e9d   Thumb Code   190  at32f435_437_misc.o(i.nvic_irq_enable)
    nvic_priority_group_config               0x08000f65   Thumb Code    32  at32f435_437_misc.o(i.nvic_priority_group_config)
    rt_application_init                      0x0800119d   Thumb Code    34  components.o(i.rt_application_init)
    rt_components_board_init                 0x080011cd   Thumb Code    20  components.o(i.rt_components_board_init)
    rt_components_init                       0x080011e9   Thumb Code    20  components.o(i.rt_components_init)
    rt_enter_critical                        0x08001205   Thumb Code    28  scheduler.o(i.rt_enter_critical)
    rt_exit_critical                         0x08001225   Thumb Code    54  scheduler.o(i.rt_exit_critical)
    rt_free                                  0x08001261   Thumb Code   146  mem.o(i.rt_free)
    rt_heap_begin_get                        0x08001359   Thumb Code     4  board.o(i.rt_heap_begin_get)
    rt_heap_end_get                          0x08001361   Thumb Code     4  board.o(i.rt_heap_end_get)
    rt_hw_board_init                         0x08001369   Thumb Code    48  board.o(i.rt_hw_board_init)
    rt_hw_console_output                     0x0800139d   Thumb Code     2  kservice.o(i.rt_hw_console_output)
    rt_hw_hard_fault_exception               0x080013a1   Thumb Code   212  cpuport.o(i.rt_hw_hard_fault_exception)
    rt_hw_stack_init                         0x080015c5   Thumb Code    74  cpuport.o(i.rt_hw_stack_init)
    rt_interrupt_enter                       0x08001615   Thumb Code    42  irq.o(i.rt_interrupt_enter)
    rt_interrupt_leave                       0x08001649   Thumb Code    42  irq.o(i.rt_interrupt_leave)
    rt_kprintf                               0x0800170d   Thumb Code    44  kservice.o(i.rt_kprintf)
    rt_malloc                                0x080017cd   Thumb Code   360  mem.o(i.rt_malloc)
    rt_memset                                0x08001955   Thumb Code    72  kservice.o(i.rt_memset)
    rt_object_allocate                       0x0800199d   Thumb Code   102  object.o(i.rt_object_allocate)
    rt_object_delete                         0x08001a09   Thumb Code    54  object.o(i.rt_object_delete)
    rt_object_detach                         0x08001a45   Thumb Code    48  object.o(i.rt_object_detach)
    rt_object_get_information                0x08001a79   Thumb Code    36  object.o(i.rt_object_get_information)
    rt_object_init                           0x08001aa1   Thumb Code    78  object.o(i.rt_object_init)
    rt_object_is_systemobject                0x08001af5   Thumb Code    18  object.o(i.rt_object_is_systemobject)
    rt_schedule                              0x08001b09   Thumb Code   140  scheduler.o(i.rt_schedule)
    rt_schedule_insert_thread                0x08001bb1   Thumb Code    72  scheduler.o(i.rt_schedule_insert_thread)
    rt_schedule_remove_thread                0x08001c01   Thumb Code    76  scheduler.o(i.rt_schedule_remove_thread)
    rt_sem_init                              0x08001c55   Thumb Code    38  ipc.o(i.rt_sem_init)
    rt_sem_release                           0x08001c7d   Thumb Code    76  ipc.o(i.rt_sem_release)
    rt_sem_take                              0x08001ccd   Thumb Code   152  ipc.o(i.rt_sem_take)
    rt_show_version                          0x08001d6d   Thumb Code    38  kservice.o(i.rt_show_version)
    rt_strlen                                0x08001e1d   Thumb Code    18  kservice.o(i.rt_strlen)
    rt_strncpy                               0x08001e2f   Thumb Code    52  kservice.o(i.rt_strncpy)
    rt_system_heap_init                      0x08001e65   Thumb Code   160  mem.o(i.rt_system_heap_init)
    rt_system_scheduler_init                 0x08001f5d   Thumb Code    52  scheduler.o(i.rt_system_scheduler_init)
    rt_system_scheduler_start                0x08001fa9   Thumb Code    36  scheduler.o(i.rt_system_scheduler_start)
    rt_system_timer_init                     0x08001fd9   Thumb Code    24  timer.o(i.rt_system_timer_init)
    rt_system_timer_thread_init              0x08001ff5   Thumb Code     2  timer.o(i.rt_system_timer_thread_init)
    rt_thread_create                         0x08001ff7   Thumb Code    80  thread.o(i.rt_thread_create)
    rt_thread_delay                          0x08002047   Thumb Code    12  thread.o(i.rt_thread_delay)
    rt_thread_exit                           0x08002055   Thumb Code    76  thread.o(i.rt_thread_exit)
    rt_thread_idle_excute                    0x080020d1   Thumb Code   128  idle.o(i.rt_thread_idle_excute)
    rt_thread_idle_init                      0x08002155   Thumb Code    38  idle.o(i.rt_thread_idle_init)
    rt_thread_init                           0x08002191   Thumb Code    52  thread.o(i.rt_thread_init)
    rt_thread_resume                         0x080021c5   Thumb Code    78  thread.o(i.rt_thread_resume)
    rt_thread_self                           0x08002219   Thumb Code     6  thread.o(i.rt_thread_self)
    rt_thread_sleep                          0x08002225   Thumb Code    62  thread.o(i.rt_thread_sleep)
    rt_thread_startup                        0x08002269   Thumb Code    44  thread.o(i.rt_thread_startup)
    rt_thread_suspend                        0x08002295   Thumb Code    86  thread.o(i.rt_thread_suspend)
    rt_thread_timeout                        0x080022f1   Thumb Code    32  thread.o(i.rt_thread_timeout)
    rt_thread_yield                          0x08002311   Thumb Code    92  thread.o(i.rt_thread_yield)
    rt_tick_get                              0x08002375   Thumb Code     6  clock.o(i.rt_tick_get)
    rt_tick_increase                         0x08002381   Thumb Code    42  clock.o(i.rt_tick_increase)
    rt_timer_check                           0x080023b1   Thumb Code   154  timer.o(i.rt_timer_check)
    rt_timer_control                         0x08002459   Thumb Code    56  timer.o(i.rt_timer_control)
    rt_timer_detach                          0x08002491   Thumb Code    32  timer.o(i.rt_timer_detach)
    rt_timer_init                            0x080024b1   Thumb Code    46  timer.o(i.rt_timer_init)
    rt_timer_start                           0x080024e1   Thumb Code   256  timer.o(i.rt_timer_start)
    rt_timer_stop                            0x080025ed   Thumb Code    66  timer.o(i.rt_timer_stop)
    rt_vsnprintf                             0x08002635   Thumb Code   800  kservice.o(i.rt_vsnprintf)
    rtthread_startup                         0x0800296d   Thumb Code    42  components.o(i.rtthread_startup)
    system_core_clock_update                 0x080029bd   Thumb Code   214  system_at32f435_437.o(i.system_core_clock_update)
    systick_clock_source_config              0x08002ab1   Thumb Code    40  at32f435_437_misc.o(i.systick_clock_source_config)
    systick_interrupt_config                 0x08002ad9   Thumb Code    68  wk_system.o(i.systick_interrupt_config)
    thread_init                              0x08002b1d   Thumb Code    12  main.o(i.thread_init)
    usart_dma_receiver_enable                0x08002b29   Thumb Code    10  at32f435_437_usart.o(i.usart_dma_receiver_enable)
    usart_dma_transmitter_enable             0x08002b33   Thumb Code    10  at32f435_437_usart.o(i.usart_dma_transmitter_enable)
    usart_enable                             0x08002b3d   Thumb Code    10  at32f435_437_usart.o(i.usart_enable)
    usart_hardware_flow_control_set          0x08002b47   Thumb Code   102  at32f435_437_usart.o(i.usart_hardware_flow_control_set)
    usart_init                               0x08002bad   Thumb Code   162  at32f435_437_usart.o(i.usart_init)
    usart_parity_selection_config            0x08002c59   Thumb Code    76  at32f435_437_usart.o(i.usart_parity_selection_config)
    usart_receiver_enable                    0x08002ca5   Thumb Code    10  at32f435_437_usart.o(i.usart_receiver_enable)
    usart_transmitter_enable                 0x08002caf   Thumb Code    10  at32f435_437_usart.o(i.usart_transmitter_enable)
    wk_dma1_channel1_init                    0x08002cb9   Thumb Code    82  wk_dma.o(i.wk_dma1_channel1_init)
    wk_dma1_channel2_init                    0x08002d11   Thumb Code    84  wk_dma.o(i.wk_dma1_channel2_init)
    wk_dma_channel_config                    0x08002d69   Thumb Code     8  wk_dma.o(i.wk_dma_channel_config)
    wk_nvic_config                           0x08002d71   Thumb Code   212  at32f435_437_wk_config.o(i.wk_nvic_config)
    wk_periph_clock_config                   0x08002e45   Thumb Code    50  at32f435_437_wk_config.o(i.wk_periph_clock_config)
    wk_system_clock_config                   0x08002e81   Thumb Code   184  at32f435_437_wk_config.o(i.wk_system_clock_config)
    wk_usart1_init                           0x08002f49   Thumb Code   172  wk_usart.o(i.wk_usart1_init)
    _fp_init                                 0x08002ffd   Thumb Code    10  fpinit.o(x$fpl$fpinit)
    __fplib_config_fpu_vfp                   0x08003005   Thumb Code     0  fpinit.o(x$fpl$fpinit)
    __fplib_config_pureend_doubles           0x08003005   Thumb Code     0  fpinit.o(x$fpl$fpinit)
    __lowest_bit_bitmap                      0x08003042   Data         256  kservice.o(.constdata)
    __rt_init_rti_start                      0x08003164   Data           4  components.o(.rti_fn.0)
    __rt_init_rti_board_start                0x08003168   Data           4  components.o(.rti_fn.0.end)
    __rt_init_rti_board_end                  0x0800316c   Data           4  components.o(.rti_fn.1.end)
    __rt_init_rti_end                        0x08003170   Data           4  components.o(.rti_fn.6.end)
    Region$$Table$$Base                      0x08003174   Number         0  anon$$obj.o(Region$$Table)
    Region$$Table$$Limit                     0x08003194   Number         0  anon$$obj.o(Region$$Table)
    system_core_clock                        0x20000000   Data           4  system_at32f435_437.o(.data)
    i                                        0x20000004   Data           4  imu_task.o(.data)
    rt_interrupt_from_thread                 0x20000008   Data           4  cpuport.o(.data)
    rt_interrupt_to_thread                   0x2000000c   Data           4  cpuport.o(.data)
    rt_thread_switch_interrupt_flag          0x20000010   Data           4  cpuport.o(.data)
    rt_interrupt_nest                        0x20000024   Data           1  irq.o(.data)
    rt_object_trytake_hook                   0x200000c0   Data           4  object.o(.data)
    rt_object_take_hook                      0x200000c4   Data           4  object.o(.data)
    rt_object_put_hook                       0x200000c8   Data           4  object.o(.data)
    rt_current_thread                        0x200000d0   Data           4  scheduler.o(.data)
    rt_current_priority                      0x200000d4   Data           1  scheduler.o(.data)
    rt_thread_ready_priority_group           0x200000d8   Data           4  scheduler.o(.data)
    rt_thread_defunct                        0x200000dc   Data           8  scheduler.o(.data)
    Imu_Task_Stack                           0x20000108   Data        2048  imu_task.o(.bss)
    rt_thread_priority_table                 0x20000bb8   Data         256  scheduler.o(.bss)
    __libspace_start                         0x200024b8   Data          96  libspace.o(.bss)
    __temporary_stack_top$libspace           0x20002518   Data           0  libspace.o(.bss)



==============================================================================

Memory Map of the image

  Image Entry point : 0x0800020d

  Load Region LR_IROM1 (Base: 0x08000000, Size: 0x0000329c, Max: 0x00100000, ABSOLUTE)

    Execution Region ER_IROM1 (Exec base: 0x08000000, Load base: 0x08000000, Size: 0x00003194, Max: 0x00100000, ABSOLUTE)

    Exec Addr    Load Addr    Size         Type   Attr      Idx    E Section Name        Object

    0x08000000   0x08000000   0x0000020c   Data   RO         1583    RESET               startup_at32f435_437.o
    0x0800020c   0x0800020c   0x00000008   Code   RO         2900  * !!!main             c_w.l(__main.o)
    0x08000214   0x08000214   0x00000034   Code   RO         3067    !!!scatter          c_w.l(__scatter.o)
    0x08000248   0x08000248   0x0000001a   Code   RO         3069    !!handler_copy      c_w.l(__scatter_copy.o)
    0x08000262   0x08000262   0x00000002   PAD
    0x08000264   0x08000264   0x0000001c   Code   RO         3071    !!handler_zi        c_w.l(__scatter_zi.o)
    0x08000280   0x08000280   0x00000002   Code   RO         2937    .ARM.Collect$$libinit$$00000000  c_w.l(libinit.o)
    0x08000282   0x08000282   0x00000004   Code   RO         2949    .ARM.Collect$$libinit$$00000001  c_w.l(libinit2.o)
    0x08000286   0x08000286   0x00000000   Code   RO         2952    .ARM.Collect$$libinit$$00000004  c_w.l(libinit2.o)
    0x08000286   0x08000286   0x00000000   Code   RO         2955    .ARM.Collect$$libinit$$0000000A  c_w.l(libinit2.o)
    0x08000286   0x08000286   0x00000000   Code   RO         2957    .ARM.Collect$$libinit$$0000000C  c_w.l(libinit2.o)
    0x08000286   0x08000286   0x00000000   Code   RO         2959    .ARM.Collect$$libinit$$0000000E  c_w.l(libinit2.o)
    0x08000286   0x08000286   0x00000000   Code   RO         2962    .ARM.Collect$$libinit$$00000011  c_w.l(libinit2.o)
    0x08000286   0x08000286   0x00000000   Code   RO         2964    .ARM.Collect$$libinit$$00000013  c_w.l(libinit2.o)
    0x08000286   0x08000286   0x00000000   Code   RO         2966    .ARM.Collect$$libinit$$00000015  c_w.l(libinit2.o)
    0x08000286   0x08000286   0x00000000   Code   RO         2968    .ARM.Collect$$libinit$$00000017  c_w.l(libinit2.o)
    0x08000286   0x08000286   0x00000000   Code   RO         2970    .ARM.Collect$$libinit$$00000019  c_w.l(libinit2.o)
    0x08000286   0x08000286   0x00000000   Code   RO         2972    .ARM.Collect$$libinit$$0000001B  c_w.l(libinit2.o)
    0x08000286   0x08000286   0x00000000   Code   RO         2974    .ARM.Collect$$libinit$$0000001D  c_w.l(libinit2.o)
    0x08000286   0x08000286   0x00000000   Code   RO         2976    .ARM.Collect$$libinit$$0000001F  c_w.l(libinit2.o)
    0x08000286   0x08000286   0x00000000   Code   RO         2978    .ARM.Collect$$libinit$$00000021  c_w.l(libinit2.o)
    0x08000286   0x08000286   0x00000000   Code   RO         2980    .ARM.Collect$$libinit$$00000023  c_w.l(libinit2.o)
    0x08000286   0x08000286   0x00000000   Code   RO         2982    .ARM.Collect$$libinit$$00000025  c_w.l(libinit2.o)
    0x08000286   0x08000286   0x00000000   Code   RO         2986    .ARM.Collect$$libinit$$0000002C  c_w.l(libinit2.o)
    0x08000286   0x08000286   0x00000000   Code   RO         2988    .ARM.Collect$$libinit$$0000002E  c_w.l(libinit2.o)
    0x08000286   0x08000286   0x00000000   Code   RO         2990    .ARM.Collect$$libinit$$00000030  c_w.l(libinit2.o)
    0x08000286   0x08000286   0x00000000   Code   RO         2992    .ARM.Collect$$libinit$$00000032  c_w.l(libinit2.o)
    0x08000286   0x08000286   0x00000002   Code   RO         2993    .ARM.Collect$$libinit$$00000033  c_w.l(libinit2.o)
    0x08000288   0x08000288   0x00000002   Code   RO         3024    .ARM.Collect$$libshutdown$$00000000  c_w.l(libshutdown.o)
    0x0800028a   0x0800028a   0x00000000   Code   RO         3050    .ARM.Collect$$libshutdown$$00000002  c_w.l(libshutdown2.o)
    0x0800028a   0x0800028a   0x00000000   Code   RO         3052    .ARM.Collect$$libshutdown$$00000004  c_w.l(libshutdown2.o)
    0x0800028a   0x0800028a   0x00000000   Code   RO         3055    .ARM.Collect$$libshutdown$$00000007  c_w.l(libshutdown2.o)
    0x0800028a   0x0800028a   0x00000000   Code   RO         3058    .ARM.Collect$$libshutdown$$0000000A  c_w.l(libshutdown2.o)
    0x0800028a   0x0800028a   0x00000000   Code   RO         3060    .ARM.Collect$$libshutdown$$0000000C  c_w.l(libshutdown2.o)
    0x0800028a   0x0800028a   0x00000000   Code   RO         3063    .ARM.Collect$$libshutdown$$0000000F  c_w.l(libshutdown2.o)
    0x0800028a   0x0800028a   0x00000002   Code   RO         3064    .ARM.Collect$$libshutdown$$00000010  c_w.l(libshutdown2.o)
    0x0800028c   0x0800028c   0x00000000   Code   RO         2902    .ARM.Collect$$rtentry$$00000000  c_w.l(__rtentry.o)
    0x0800028c   0x0800028c   0x00000000   Code   RO         2908    .ARM.Collect$$rtentry$$00000002  c_w.l(__rtentry2.o)
    0x0800028c   0x0800028c   0x00000006   Code   RO         2920    .ARM.Collect$$rtentry$$00000004  c_w.l(__rtentry4.o)
    0x08000292   0x08000292   0x00000000   Code   RO         2910    .ARM.Collect$$rtentry$$00000009  c_w.l(__rtentry2.o)
    0x08000292   0x08000292   0x00000004   Code   RO         2911    .ARM.Collect$$rtentry$$0000000A  c_w.l(__rtentry2.o)
    0x08000296   0x08000296   0x00000000   Code   RO         2913    .ARM.Collect$$rtentry$$0000000C  c_w.l(__rtentry2.o)
    0x08000296   0x08000296   0x00000008   Code   RO         2914    .ARM.Collect$$rtentry$$0000000D  c_w.l(__rtentry2.o)
    0x0800029e   0x0800029e   0x00000002   Code   RO         2941    .ARM.Collect$$rtexit$$00000000  c_w.l(rtexit.o)
    0x080002a0   0x080002a0   0x00000000   Code   RO         2997    .ARM.Collect$$rtexit$$00000002  c_w.l(rtexit2.o)
    0x080002a0   0x080002a0   0x00000004   Code   RO         2998    .ARM.Collect$$rtexit$$00000003  c_w.l(rtexit2.o)
    0x080002a4   0x080002a4   0x00000006   Code   RO         2999    .ARM.Collect$$rtexit$$00000004  c_w.l(rtexit2.o)
    0x080002aa   0x080002aa   0x00000002   PAD
    0x080002ac   0x080002ac   0x00000040   Code   RO         1584    .text               startup_at32f435_437.o
    0x080002ec   0x080002ec   0x00000134   Code   RO         1652    .text               context_rvds.o
    0x08000420   0x08000420   0x000000ee   Code   RO         2896    .text               c_w.l(lludivv7m.o)
    0x0800050e   0x0800050e   0x00000006   Code   RO         2898    .text               c_w.l(heapauxi.o)
    0x08000514   0x08000514   0x0000004a   Code   RO         2924    .text               c_w.l(sys_stackheap_outer.o)
    0x0800055e   0x0800055e   0x00000012   Code   RO         2926    .text               c_w.l(exit.o)
    0x08000570   0x08000570   0x00000008   Code   RO         2938    .text               c_w.l(libspace.o)
    0x08000578   0x08000578   0x0000000c   Code   RO         2994    .text               c_w.l(sys_exit.o)
    0x08000584   0x08000584   0x00000002   Code   RO         3013    .text               c_w.l(use_no_semi.o)
    0x08000586   0x08000586   0x00000000   Code   RO         3015    .text               c_w.l(indicate_semi.o)
    0x08000586   0x08000586   0x0000000e   Code   RO         1736    i.$Sub$$main        components.o
    0x08000594   0x08000594   0x00000004   Code   RO            4    i.BusFault_Handler  at32f435_437_int.o
    0x08000598   0x08000598   0x00000002   Code   RO            5    i.DMA1_Channel1_IRQHandler  at32f435_437_int.o
    0x0800059a   0x0800059a   0x00000002   Code   RO            6    i.DMA1_Channel2_IRQHandler  at32f435_437_int.o
    0x0800059c   0x0800059c   0x00000002   Code   RO            7    i.DebugMon_Handler  at32f435_437_int.o
    0x0800059e   0x0800059e   0x00000002   PAD
    0x080005a0   0x080005a0   0x00000018   Code   RO         1625    i.Imu_Task_Function  imu_task.o
    0x080005b8   0x080005b8   0x00000004   Code   RO            8    i.MemManage_Handler  at32f435_437_int.o
    0x080005bc   0x080005bc   0x00000002   Code   RO            9    i.NMI_Handler       at32f435_437_int.o
    0x080005be   0x080005be   0x00000040   Code   RO          132    i.NVIC_EncodePriority  at32f435_437_wk_config.o
    0x080005fe   0x080005fe   0x00000002   Code   RO           10    i.SVC_Handler       at32f435_437_int.o
    0x08000600   0x08000600   0x00000010   Code   RO         2853    i.SysTick_Handler   board.o
    0x08000610   0x08000610   0x00000002   Code   RO          194    i.SystemCoreClockUpdate  main.o
    0x08000612   0x08000612   0x00000002   PAD
    0x08000614   0x08000614   0x00000090   Code   RO         1591    i.SystemInit        system_at32f435_437.o
    0x080006a4   0x080006a4   0x00000004   Code   RO           11    i.UsageFault_Handler  at32f435_437_int.o
    0x080006a8   0x080006a8   0x00000030   Code   RO         2854    i._SysTick_Config   board.o
    0x080006d8   0x080006d8   0x00000010   Code   RO          133    i.__NVIC_GetPriorityGrouping  at32f435_437_wk_config.o
    0x080006e8   0x080006e8   0x00000028   Code   RO          134    i.__NVIC_SetPriority  at32f435_437_wk_config.o
    0x08000710   0x08000710   0x0000004c   Code   RO         2174    i.__rt_ffs          kservice.o
    0x0800075c   0x0800075c   0x00000014   Code   RO         1810    i._has_defunct_thread  idle.o
    0x08000770   0x08000770   0x0000009c   Code   RO         2592    i._rt_thread_init   thread.o
    0x0800080c   0x0800080c   0x00000042   Code   RO         2733    i._rt_timer_init    timer.o
    0x0800084e   0x0800084e   0x0000002e   Code   RO         2734    i._rt_timer_remove  timer.o
    0x0800087c   0x0800087c   0x00000014   Code   RO          390    i.crm_ahb_div_set   at32f435_437_crm.o
    0x08000890   0x08000890   0x00000014   Code   RO          391    i.crm_apb1_div_set  at32f435_437_crm.o
    0x080008a4   0x080008a4   0x00000014   Code   RO          392    i.crm_apb2_div_set  at32f435_437_crm.o
    0x080008b8   0x080008b8   0x00000028   Code   RO          393    i.crm_auto_step_mode_enable  at32f435_437_crm.o
    0x080008e0   0x080008e0   0x00000068   Code   RO          400    i.crm_clock_source_enable  at32f435_437_crm.o
    0x08000948   0x08000948   0x00000114   Code   RO          401    i.crm_clocks_freq_get  at32f435_437_crm.o
    0x08000a5c   0x08000a5c   0x00000030   Code   RO          406    i.crm_flag_get      at32f435_437_crm.o
    0x08000a8c   0x08000a8c   0x0000002e   Code   RO          408    i.crm_hext_stable_wait  at32f435_437_crm.o
    0x08000aba   0x08000aba   0x00000002   PAD
    0x08000abc   0x08000abc   0x0000004c   Code   RO          416    i.crm_periph_clock_enable  at32f435_437_crm.o
    0x08000b08   0x08000b08   0x00000048   Code   RO          419    i.crm_pll_config    at32f435_437_crm.o
    0x08000b50   0x08000b50   0x00000078   Code   RO          421    i.crm_reset         at32f435_437_crm.o
    0x08000bc8   0x08000bc8   0x0000003c   Code   RO          422    i.crm_sysclk_switch  at32f435_437_crm.o
    0x08000c04   0x08000c04   0x00000010   Code   RO          423    i.crm_sysclk_switch_status_get  at32f435_437_crm.o
    0x08000c14   0x08000c14   0x0000000a   Code   RO         1039    i.dma_channel_enable  at32f435_437_dma.o
    0x08000c1e   0x08000c1e   0x00000018   Code   RO         1042    i.dma_default_para_init  at32f435_437_dma.o
    0x08000c36   0x08000c36   0x00000062   Code   RO         1046    i.dma_init          at32f435_437_dma.o
    0x08000c98   0x08000c98   0x00000070   Code   RO         1049    i.dma_reset         at32f435_437_dma.o
    0x08000d08   0x08000d08   0x0000000e   Code   RO         1050    i.dmamux_enable     at32f435_437_dma.o
    0x08000d16   0x08000d16   0x0000000a   Code   RO         1057    i.dmamux_init       at32f435_437_dma.o
    0x08000d20   0x08000d20   0x00000014   Code   RO          628    i.gpio_default_para_init  at32f435_437_gpio.o
    0x08000d34   0x08000d34   0x0000007a   Code   RO          629    i.gpio_init         at32f435_437_gpio.o
    0x08000dae   0x08000dae   0x00000042   Code   RO          634    i.gpio_pin_mux_config  at32f435_437_gpio.o
    0x08000df0   0x08000df0   0x00000040   Code   RO         1626    i.imu_task_init     imu_task.o
    0x08000e30   0x08000e30   0x0000005c   Code   RO          195    i.main              main.o
    0x08000e8c   0x08000e8c   0x0000000e   Code   RO         1737    i.main_thread_entry  components.o
    0x08000e9a   0x08000e9a   0x00000002   PAD
    0x08000e9c   0x08000e9c   0x000000c8   Code   RO         1521    i.nvic_irq_enable   at32f435_437_misc.o
    0x08000f64   0x08000f64   0x00000028   Code   RO         1523    i.nvic_priority_group_config  at32f435_437_misc.o
    0x08000f8c   0x08000f8c   0x00000078   Code   RO         2351    i.plug_holes        mem.o
    0x08001004   0x08001004   0x00000198   Code   RO         2176    i.print_number      kservice.o
    0x0800119c   0x0800119c   0x00000030   Code   RO         1738    i.rt_application_init  components.o
    0x080011cc   0x080011cc   0x0000001c   Code   RO         1739    i.rt_components_board_init  components.o
    0x080011e8   0x080011e8   0x0000001c   Code   RO         1740    i.rt_components_init  components.o
    0x08001204   0x08001204   0x00000020   Code   RO         2520    i.rt_enter_critical  scheduler.o
    0x08001224   0x08001224   0x0000003c   Code   RO         2521    i.rt_exit_critical  scheduler.o
    0x08001260   0x08001260   0x000000f8   Code   RO         2353    i.rt_free           mem.o
    0x08001358   0x08001358   0x00000008   Code   RO         2855    i.rt_heap_begin_get  board.o
    0x08001360   0x08001360   0x00000008   Code   RO         2856    i.rt_heap_end_get   board.o
    0x08001368   0x08001368   0x00000034   Code   RO         2857    i.rt_hw_board_init  board.o
    0x0800139c   0x0800139c   0x00000002   Code   RO         2179    i.rt_hw_console_output  kservice.o
    0x0800139e   0x0800139e   0x00000002   PAD
    0x080013a0   0x080013a0   0x00000224   Code   RO         1659    i.rt_hw_hard_fault_exception  cpuport.o
    0x080015c4   0x080015c4   0x00000050   Code   RO         1660    i.rt_hw_stack_init  cpuport.o
    0x08001614   0x08001614   0x00000034   Code   RO         2135    i.rt_interrupt_enter  irq.o
    0x08001648   0x08001648   0x00000034   Code   RO         2138    i.rt_interrupt_leave  irq.o
    0x0800167c   0x0800167c   0x00000014   Code   RO         1869    i.rt_ipc_list_resume  ipc.o
    0x08001690   0x08001690   0x0000006c   Code   RO         1871    i.rt_ipc_list_suspend  ipc.o
    0x080016fc   0x080016fc   0x00000010   Code   RO         1872    i.rt_ipc_object_init  ipc.o
    0x0800170c   0x0800170c   0x00000030   Code   RO         2180    i.rt_kprintf        kservice.o
    0x0800173c   0x0800173c   0x00000006   Code   RO         1873    i.rt_list_init      ipc.o
    0x08001742   0x08001742   0x00000006   Code   RO         2522    i.rt_list_init      scheduler.o
    0x08001748   0x08001748   0x00000006   Code   RO         2735    i.rt_list_init      timer.o
    0x0800174e   0x0800174e   0x0000000e   Code   RO         2413    i.rt_list_insert_after  object.o
    0x0800175c   0x0800175c   0x0000000e   Code   RO         2593    i.rt_list_insert_after  thread.o
    0x0800176a   0x0800176a   0x0000000e   Code   RO         2736    i.rt_list_insert_after  timer.o
    0x08001778   0x08001778   0x0000000e   Code   RO         1874    i.rt_list_insert_before  ipc.o
    0x08001786   0x08001786   0x00000010   Code   RO         1875    i.rt_list_isempty   ipc.o
    0x08001796   0x08001796   0x00000010   Code   RO         2737    i.rt_list_isempty   timer.o
    0x080017a6   0x080017a6   0x00000012   Code   RO         2414    i.rt_list_remove    object.o
    0x080017b8   0x080017b8   0x00000012   Code   RO         2594    i.rt_list_remove    thread.o
    0x080017ca   0x080017ca   0x00000002   PAD
    0x080017cc   0x080017cc   0x00000188   Code   RO         2355    i.rt_malloc         mem.o
    0x08001954   0x08001954   0x00000048   Code   RO         2186    i.rt_memset         kservice.o
    0x0800199c   0x0800199c   0x0000006c   Code   RO         2415    i.rt_object_allocate  object.o
    0x08001a08   0x08001a08   0x0000003c   Code   RO         2417    i.rt_object_delete  object.o
    0x08001a44   0x08001a44   0x00000034   Code   RO         2418    i.rt_object_detach  object.o
    0x08001a78   0x08001a78   0x00000028   Code   RO         2421    i.rt_object_get_information  object.o
    0x08001aa0   0x08001aa0   0x00000054   Code   RO         2423    i.rt_object_init    object.o
    0x08001af4   0x08001af4   0x00000012   Code   RO         2424    i.rt_object_is_systemobject  object.o
    0x08001b06   0x08001b06   0x00000002   PAD
    0x08001b08   0x08001b08   0x000000a8   Code   RO         2523    i.rt_schedule       scheduler.o
    0x08001bb0   0x08001bb0   0x00000050   Code   RO         2524    i.rt_schedule_insert_thread  scheduler.o
    0x08001c00   0x08001c00   0x00000054   Code   RO         2525    i.rt_schedule_remove_thread  scheduler.o
    0x08001c54   0x08001c54   0x00000026   Code   RO         1903    i.rt_sem_init       ipc.o
    0x08001c7a   0x08001c7a   0x00000002   PAD
    0x08001c7c   0x08001c7c   0x00000050   Code   RO         1904    i.rt_sem_release    ipc.o
    0x08001ccc   0x08001ccc   0x000000a0   Code   RO         1905    i.rt_sem_take       ipc.o
    0x08001d6c   0x08001d6c   0x000000b0   Code   RO         2188    i.rt_show_version   kservice.o
    0x08001e1c   0x08001e1c   0x00000012   Code   RO         2194    i.rt_strlen         kservice.o
    0x08001e2e   0x08001e2e   0x00000034   Code   RO         2196    i.rt_strncpy        kservice.o
    0x08001e62   0x08001e62   0x00000002   PAD
    0x08001e64   0x08001e64   0x000000f8   Code   RO         2359    i.rt_system_heap_init  mem.o
    0x08001f5c   0x08001f5c   0x0000004c   Code   RO         2527    i.rt_system_scheduler_init  scheduler.o
    0x08001fa8   0x08001fa8   0x00000030   Code   RO         2528    i.rt_system_scheduler_start  scheduler.o
    0x08001fd8   0x08001fd8   0x0000001c   Code   RO         2738    i.rt_system_timer_init  timer.o
    0x08001ff4   0x08001ff4   0x00000002   Code   RO         2739    i.rt_system_timer_thread_init  timer.o
    0x08001ff6   0x08001ff6   0x00000050   Code   RO         2596    i.rt_thread_create  thread.o
    0x08002046   0x08002046   0x0000000c   Code   RO         2597    i.rt_thread_delay   thread.o
    0x08002052   0x08002052   0x00000002   PAD
    0x08002054   0x08002054   0x00000054   Code   RO         2600    i.rt_thread_exit    thread.o
    0x080020a8   0x080020a8   0x00000028   Code   RO         1812    i.rt_thread_idle_entry  idle.o
    0x080020d0   0x080020d0   0x00000084   Code   RO         1813    i.rt_thread_idle_excute  idle.o
    0x08002154   0x08002154   0x0000003c   Code   RO         1815    i.rt_thread_idle_init  idle.o
    0x08002190   0x08002190   0x00000034   Code   RO         2602    i.rt_thread_init    thread.o
    0x080021c4   0x080021c4   0x00000054   Code   RO         2605    i.rt_thread_resume  thread.o
    0x08002218   0x08002218   0x0000000c   Code   RO         2607    i.rt_thread_self    thread.o
    0x08002224   0x08002224   0x00000044   Code   RO         2608    i.rt_thread_sleep   thread.o
    0x08002268   0x08002268   0x0000002c   Code   RO         2609    i.rt_thread_startup  thread.o
    0x08002294   0x08002294   0x0000005c   Code   RO         2610    i.rt_thread_suspend  thread.o
    0x080022f0   0x080022f0   0x00000020   Code   RO         2612    i.rt_thread_timeout  thread.o
    0x08002310   0x08002310   0x00000064   Code   RO         2613    i.rt_thread_yield   thread.o
    0x08002374   0x08002374   0x0000000c   Code   RO         1697    i.rt_tick_get       clock.o
    0x08002380   0x08002380   0x00000030   Code   RO         1698    i.rt_tick_increase  clock.o
    0x080023b0   0x080023b0   0x000000a8   Code   RO         2740    i.rt_timer_check    timer.o
    0x08002458   0x08002458   0x00000038   Code   RO         2741    i.rt_timer_control  timer.o
    0x08002490   0x08002490   0x00000020   Code   RO         2744    i.rt_timer_detach   timer.o
    0x080024b0   0x080024b0   0x0000002e   Code   RO         2747    i.rt_timer_init     timer.o
    0x080024de   0x080024de   0x00000002   PAD
    0x080024e0   0x080024e0   0x0000010c   Code   RO         2750    i.rt_timer_start    timer.o
    0x080025ec   0x080025ec   0x00000048   Code   RO         2751    i.rt_timer_stop     timer.o
    0x08002634   0x08002634   0x00000328   Code   RO         2199    i.rt_vsnprintf      kservice.o
    0x0800295c   0x0800295c   0x00000004   Code   RO         1741    i.rti_board_end     components.o
    0x08002960   0x08002960   0x00000004   Code   RO         1742    i.rti_board_start   components.o
    0x08002964   0x08002964   0x00000004   Code   RO         1743    i.rti_end           components.o
    0x08002968   0x08002968   0x00000004   Code   RO         1744    i.rti_start         components.o
    0x0800296c   0x0800296c   0x0000002a   Code   RO         1745    i.rtthread_startup  components.o
    0x08002996   0x08002996   0x00000026   Code   RO         2201    i.skip_atoi         kservice.o
    0x080029bc   0x080029bc   0x000000f4   Code   RO         1592    i.system_core_clock_update  system_at32f435_437.o
    0x08002ab0   0x08002ab0   0x00000028   Code   RO         1526    i.systick_clock_source_config  at32f435_437_misc.o
    0x08002ad8   0x08002ad8   0x00000044   Code   RO          306    i.systick_interrupt_config  wk_system.o
    0x08002b1c   0x08002b1c   0x0000000c   Code   RO          196    i.thread_init       main.o
    0x08002b28   0x08002b28   0x0000000a   Code   RO          734    i.usart_dma_receiver_enable  at32f435_437_usart.o
    0x08002b32   0x08002b32   0x0000000a   Code   RO          735    i.usart_dma_transmitter_enable  at32f435_437_usart.o
    0x08002b3c   0x08002b3c   0x0000000a   Code   RO          736    i.usart_enable      at32f435_437_usart.o
    0x08002b46   0x08002b46   0x00000066   Code   RO          739    i.usart_hardware_flow_control_set  at32f435_437_usart.o
    0x08002bac   0x08002bac   0x000000ac   Code   RO          741    i.usart_init        at32f435_437_usart.o
    0x08002c58   0x08002c58   0x0000004c   Code   RO          748    i.usart_parity_selection_config  at32f435_437_usart.o
    0x08002ca4   0x08002ca4   0x0000000a   Code   RO          749    i.usart_receiver_enable  at32f435_437_usart.o
    0x08002cae   0x08002cae   0x0000000a   Code   RO          759    i.usart_transmitter_enable  at32f435_437_usart.o
    0x08002cb8   0x08002cb8   0x00000058   Code   RO          354    i.wk_dma1_channel1_init  wk_dma.o
    0x08002d10   0x08002d10   0x00000058   Code   RO          355    i.wk_dma1_channel2_init  wk_dma.o
    0x08002d68   0x08002d68   0x00000008   Code   RO          356    i.wk_dma_channel_config  wk_dma.o
    0x08002d70   0x08002d70   0x000000d4   Code   RO          135    i.wk_nvic_config    at32f435_437_wk_config.o
    0x08002e44   0x08002e44   0x0000003c   Code   RO          136    i.wk_periph_clock_config  at32f435_437_wk_config.o
    0x08002e80   0x08002e80   0x000000c8   Code   RO          137    i.wk_system_clock_config  at32f435_437_wk_config.o
    0x08002f48   0x08002f48   0x000000b4   Code   RO          330    i.wk_usart1_init    wk_usart.o
    0x08002ffc   0x08002ffc   0x0000000a   Code   RO         3009    x$fpl$fpinit        fz_wm.l(fpinit.o)
    0x08003006   0x08003006   0x00000026   Data   RO          426    .constdata          at32f435_437_crm.o
    0x0800302c   0x0800302c   0x00000016   Data   RO         1593    .constdata          system_at32f435_437.o
    0x08003042   0x08003042   0x00000122   Data   RO         2203    .constdata          kservice.o
    0x08003164   0x08003164   0x00000004   Data   RO         1746    .rti_fn.0           components.o
    0x08003168   0x08003168   0x00000004   Data   RO         1747    .rti_fn.0.end       components.o
    0x0800316c   0x0800316c   0x00000004   Data   RO         1748    .rti_fn.1.end       components.o
    0x08003170   0x08003170   0x00000004   Data   RO         1749    .rti_fn.6.end       components.o
    0x08003174   0x08003174   0x00000020   Data   RO         3065    Region$$Table       anon$$obj.o


    Execution Region RW_IRAM1 (Exec base: 0x20000000, Load base: 0x08003194, Size: 0x00002b18, Max: 0x00060000, ABSOLUTE)

    Exec Addr    Load Addr    Size         Type   Attr      Idx    E Section Name        Object

    0x20000000   0x08003194   0x00000004   Data   RW         1594    .data               system_at32f435_437.o
    0x20000004   0x08003198   0x00000004   Data   RW         1628    .data               imu_task.o
    0x20000008   0x0800319c   0x00000010   Data   RW         1661    .data               cpuport.o
    0x20000018   0x080031ac   0x00000004   Data   RW         1700    .data               clock.o
    0x2000001c   0x080031b0   0x00000009   Data   RW         2140    .data               irq.o
    0x20000025   0x080031b9   0x00000003   PAD
    0x20000028   0x080031bc   0x00000020   Data   RW         2361    .data               mem.o
    0x20000048   0x080031dc   0x00000084   Data   RW         2429    .data               object.o
    0x200000cc   0x08003260   0x0000001c   Data   RW         2530    .data               scheduler.o
    0x200000e8   0x0800327c   0x0000000c   Data   RW         2614    .data               thread.o
    0x200000f4   0x08003288   0x00000014   Data   RW         2752    .data               timer.o
    0x20000108        -       0x00000880   Zero   RW         1627    .bss                imu_task.o
    0x20000988        -       0x00000190   Zero   RW         1817    .bss                idle.o
    0x20000b18        -       0x00000080   Zero   RW         2202    .bss                kservice.o
    0x20000b98        -       0x00000020   Zero   RW         2360    .bss                mem.o
    0x20000bb8        -       0x00000100   Zero   RW         2529    .bss                scheduler.o
    0x20000cb8        -       0x00001800   Zero   RW         2858    .bss                board.o
    0x200024b8        -       0x00000060   Zero   RW         2939    .bss                c_w.l(libspace.o)
    0x20002518        -       0x00000200   Zero   RW         1582    HEAP                startup_at32f435_437.o
    0x20002718        -       0x00000400   Zero   RW         1581    STACK               startup_at32f435_437.o


==============================================================================

Image component sizes


      Code (inc. data)   RO Data    RW Data    ZI Data      Debug   Object Name

       918        110         38          0          0       8688   at32f435_437_crm.o
       268         10          0          0          0       4014   at32f435_437_dma.o
       208          0          0          0          0       2455   at32f435_437_gpio.o
        22          0          0          0          0      61853   at32f435_437_int.o
       280         18          0          0          0      32680   at32f435_437_misc.o
       400         10          0          0          0       5680   at32f435_437_usart.o
       592         40          0          0          0      33386   at32f435_437_wk_config.o
       132         16          0          0       6144       3435   board.o
        60         12          0          4          0       1317   clock.o
       190         30         16          0          0       6592   components.o
       308         26          0          0          0        944   context_rvds.o
       628        342          0         16          0       4354   cpuport.o
       252         34          0          0        400       6126   idle.o
        88         28          0          4       2176       1863   imu_task.o
       458         12          0          0          0       9253   ipc.o
       104         20          0          9          0       1886   irq.o
      1698        164        290          0        128      10047   kservice.o
       106          8          0          0          0       7517   main.o
      1008        234          0         32         32       4340   mem.o
       394         26          0        132          0       9252   object.o
       554         90          0         28        256       9238   scheduler.o
        64         26        524          0       1536        824   startup_at32f435_437.o
       388         46         22          4          0       2276   system_at32f435_437.o
       848         54          0         12          0      13874   thread.o
       820         36          0         20          0      12453   timer.o
       184         10          0          0          0       2100   wk_dma.o
        68          0          0          0          0        771   wk_system.o
       180          8          0          0          0        601   wk_usart.o

    ----------------------------------------------------------------------
     11242       1410        922        264      10672     257819   Object Totals
         0          0         32          0          0          0   (incl. Generated)
        22          0          0          3          0          0   (incl. Padding)

    ----------------------------------------------------------------------

      Code (inc. data)   RO Data    RW Data    ZI Data      Debug   Library Member Name

         8          0          0          0          0         68   __main.o
         0          0          0          0          0          0   __rtentry.o
        12          0          0          0          0          0   __rtentry2.o
         6          0          0          0          0          0   __rtentry4.o
        52          8          0          0          0          0   __scatter.o
        26          0          0          0          0          0   __scatter_copy.o
        28          0          0          0          0          0   __scatter_zi.o
        18          0          0          0          0         80   exit.o
         6          0          0          0          0        152   heapauxi.o
         0          0          0          0          0          0   indicate_semi.o
         2          0          0          0          0          0   libinit.o
         6          0          0          0          0          0   libinit2.o
         2          0          0          0          0          0   libshutdown.o
         2          0          0          0          0          0   libshutdown2.o
         8          4          0          0         96         68   libspace.o
       238          0          0          0          0        100   lludivv7m.o
         2          0          0          0          0          0   rtexit.o
        10          0          0          0          0          0   rtexit2.o
        12          4          0          0          0         68   sys_exit.o
        74          0          0          0          0         80   sys_stackheap_outer.o
         2          0          0          0          0         68   use_no_semi.o
        10          0          0          0          0        116   fpinit.o

    ----------------------------------------------------------------------
       528         16          0          0         96        800   Library Totals
         4          0          0          0          0          0   (incl. Padding)

    ----------------------------------------------------------------------

      Code (inc. data)   RO Data    RW Data    ZI Data      Debug   Library Name

       514         16          0          0         96        684   c_w.l
        10          0          0          0          0        116   fz_wm.l

    ----------------------------------------------------------------------
       528         16          0          0         96        800   Library Totals

    ----------------------------------------------------------------------

==============================================================================


      Code (inc. data)   RO Data    RW Data    ZI Data      Debug   

     11770       1426        922        264      10768     243911   Grand Totals
     11770       1426        922        264      10768     243911   ELF Image Totals
     11770       1426        922        264          0          0   ROM Totals

==============================================================================

    Total RO  Size (Code + RO Data)                12692 (  12.39kB)
    Total RW  Size (RW Data + ZI Data)             11032 (  10.77kB)
    Total ROM Size (Code + RO Data + RW Data)      12956 (  12.65kB)

==============================================================================

