Component: ARM Compiler 5.06 update 6 (build 750) Tool: armlink [4d35ed]

==============================================================================

Section Cross References

    at32f435_437_int.o(i.CortexM_Get_Us) refers to at32f435_437_int.o(.data) for Tick_Us_High
    at32f435_437_int.o(i.DMA1_Channel2_IRQHandler) refers to irq.o(i.rt_interrupt_enter) for rt_interrupt_enter
    at32f435_437_int.o(i.DMA1_Channel2_IRQHandler) refers to at32f435_437_dma.o(i.dma_flag_clear) for dma_flag_clear
    at32f435_437_int.o(i.DMA1_Channel2_IRQHandler) refers to at32f435_437_dma.o(i.dma_channel_enable) for dma_channel_enable
    at32f435_437_int.o(i.DMA1_Channel2_IRQHandler) refers to at32f435_437_int.o(i.CortexM_Get_Us) for CortexM_Get_Us
    at32f435_437_int.o(i.DMA1_Channel2_IRQHandler) refers to irq.o(i.rt_interrupt_leave) for rt_interrupt_leave
    at32f435_437_int.o(i.DMA1_Channel2_IRQHandler) refers to fdilinkmanager.o(.data) for busy_flag
    at32f435_437_int.o(i.DMA1_Channel5_IRQHandler) refers to irq.o(i.rt_interrupt_enter) for rt_interrupt_enter
    at32f435_437_int.o(i.DMA1_Channel5_IRQHandler) refers to at32f435_437_dma.o(i.dma_flag_clear) for dma_flag_clear
    at32f435_437_int.o(i.DMA1_Channel5_IRQHandler) refers to at32f435_437_gpio.o(i.gpio_bits_write) for gpio_bits_write
    at32f435_437_int.o(i.DMA1_Channel5_IRQHandler) refers to kservice.o(i.rt_memcpy) for rt_memcpy
    at32f435_437_int.o(i.DMA1_Channel5_IRQHandler) refers to ipc.o(i.rt_mq_send) for rt_mq_send
    at32f435_437_int.o(i.DMA1_Channel5_IRQHandler) refers to rtio.o(i.rtio_release) for rtio_release
    at32f435_437_int.o(i.DMA1_Channel5_IRQHandler) refers to at32f435_437_dma.o(i.dma_channel_enable) for dma_channel_enable
    at32f435_437_int.o(i.DMA1_Channel5_IRQHandler) refers to irq.o(i.rt_interrupt_leave) for rt_interrupt_leave
    at32f435_437_int.o(i.DMA1_Channel5_IRQHandler) refers to sensor.o(.bss) for rtio_spi1
    at32f435_437_int.o(i.DMA1_Channel5_IRQHandler) refers to icm42688.o(.bss) for ICM42688_Data_Receive
    at32f435_437_int.o(i.DMA1_Channel5_IRQHandler) refers to sensor.o(.data) for sensor_cqe_mq
    at32f435_437_int.o(i.DMA1_Channel6_IRQHandler) refers to irq.o(i.rt_interrupt_enter) for rt_interrupt_enter
    at32f435_437_int.o(i.DMA1_Channel6_IRQHandler) refers to at32f435_437_dma.o(i.dma_flag_clear) for dma_flag_clear
    at32f435_437_int.o(i.DMA1_Channel6_IRQHandler) refers to at32f435_437_dma.o(i.dma_channel_enable) for dma_channel_enable
    at32f435_437_int.o(i.DMA1_Channel6_IRQHandler) refers to irq.o(i.rt_interrupt_leave) for rt_interrupt_leave
    at32f435_437_int.o(i.DMA2_Channel4_IRQHandler) refers to irq.o(i.rt_interrupt_enter) for rt_interrupt_enter
    at32f435_437_int.o(i.DMA2_Channel4_IRQHandler) refers to at32f435_437_dma.o(i.dma_flag_clear) for dma_flag_clear
    at32f435_437_int.o(i.DMA2_Channel4_IRQHandler) refers to at32f435_437_gpio.o(i.gpio_bits_write) for gpio_bits_write
    at32f435_437_int.o(i.DMA2_Channel4_IRQHandler) refers to kservice.o(i.rt_memcpy) for rt_memcpy
    at32f435_437_int.o(i.DMA2_Channel4_IRQHandler) refers to ipc.o(i.rt_mq_send) for rt_mq_send
    at32f435_437_int.o(i.DMA2_Channel4_IRQHandler) refers to rtio.o(i.rtio_release) for rtio_release
    at32f435_437_int.o(i.DMA2_Channel4_IRQHandler) refers to at32f435_437_dma.o(i.dma_channel_enable) for dma_channel_enable
    at32f435_437_int.o(i.DMA2_Channel4_IRQHandler) refers to irq.o(i.rt_interrupt_leave) for rt_interrupt_leave
    at32f435_437_int.o(i.DMA2_Channel4_IRQHandler) refers to sensor.o(.bss) for rtio_spi2
    at32f435_437_int.o(i.DMA2_Channel4_IRQHandler) refers to scha16t.o(.data) for SCH16T_Receive_Buffer_Asyn
    at32f435_437_int.o(i.DMA2_Channel4_IRQHandler) refers to sensor.o(.data) for sensor_cqe_mq
    at32f435_437_int.o(i.DMA2_Channel5_IRQHandler) refers to irq.o(i.rt_interrupt_enter) for rt_interrupt_enter
    at32f435_437_int.o(i.DMA2_Channel5_IRQHandler) refers to at32f435_437_dma.o(i.dma_flag_clear) for dma_flag_clear
    at32f435_437_int.o(i.DMA2_Channel5_IRQHandler) refers to at32f435_437_dma.o(i.dma_channel_enable) for dma_channel_enable
    at32f435_437_int.o(i.DMA2_Channel5_IRQHandler) refers to irq.o(i.rt_interrupt_leave) for rt_interrupt_leave
    at32f435_437_int.o(i.EXINT9_5_IRQHandler) refers to irq.o(i.rt_interrupt_enter) for rt_interrupt_enter
    at32f435_437_int.o(i.EXINT9_5_IRQHandler) refers to at32f435_437_int.o(i.CortexM_Get_Us) for CortexM_Get_Us
    at32f435_437_int.o(i.EXINT9_5_IRQHandler) refers to at32f435_437_exint.o(i.exint_flag_clear) for exint_flag_clear
    at32f435_437_int.o(i.EXINT9_5_IRQHandler) refers to icm42688.o(i.ICM42688_callback) for ICM42688_callback
    at32f435_437_int.o(i.EXINT9_5_IRQHandler) refers to irq.o(i.rt_interrupt_leave) for rt_interrupt_leave
    at32f435_437_int.o(i.EXINT9_5_IRQHandler) refers to at32f435_437_int.o(.data) for drdy_now_us
    at32f435_437_int.o(i.EXINT9_5_IRQHandler) refers to main.o(.data) for all_init
[...]
    rt_hw_context_switch                     0x08010b4b   Thumb Code    32  context_rvds.o(.text)
    rt_hw_context_switch_interrupt           0x08010b4b   Thumb Code     0  context_rvds.o(.text)
    PendSV_Handler                           0x08010b6b   Thumb Code   108  context_rvds.o(.text)
    rt_hw_context_switch_to                  0x08010bd7   Thumb Code    70  context_rvds.o(.text)
    rt_hw_interrupt_thread_switch            0x08010c1d   Thumb Code     2  context_rvds.o(.text)
    HardFault_Handler                        0x08010c1f   Thumb Code    56  context_rvds.o(.text)
    __aeabi_uldivmod                         0x08010c71   Thumb Code     0  lludivv7m.o(.text)
    _ll_udiv                                 0x08010c71   Thumb Code   238  lludivv7m.o(.text)
    __aeabi_llsr                             0x08010d5f   Thumb Code     0  llushr.o(.text)
    _ll_ushift_r                             0x08010d5f   Thumb Code    38  llushr.o(.text)
    __aeabi_memcpy4                          0x08010d85   Thumb Code     0  rt_memcpy_w.o(.text)
    __aeabi_memcpy8                          0x08010d85   Thumb Code     0  rt_memcpy_w.o(.text)
    __rt_memcpy_w                            0x08010d85   Thumb Code   100  rt_memcpy_w.o(.text)
    _memcpy_lastbytes_aligned                0x08010dcd   Thumb Code     0  rt_memcpy_w.o(.text)
    __aeabi_memclr                           0x08010de9   Thumb Code     0  rt_memclr.o(.text)
    __rt_memclr                              0x08010de9   Thumb Code    68  rt_memclr.o(.text)
    _memset                                  0x08010ded   Thumb Code     0  rt_memclr.o(.text)
    __aeabi_memclr4                          0x08010e2d   Thumb Code     0  rt_memclr_w.o(.text)
    __aeabi_memclr8                          0x08010e2d   Thumb Code     0  rt_memclr_w.o(.text)
    __rt_memclr_w                            0x08010e2d   Thumb Code    78  rt_memclr_w.o(.text)
    _memset_w                                0x08010e31   Thumb Code     0  rt_memclr_w.o(.text)
    __use_two_region_memory                  0x08010e7b   Thumb Code     2  heapauxi.o(.text)
    __rt_heap_escrow$2region                 0x08010e7d   Thumb Code     2  heapauxi.o(.text)
    __rt_heap_expand$2region                 0x08010e7f   Thumb Code     2  heapauxi.o(.text)
    __user_libspace                          0x08010e81   Thumb Code     8  libspace.o(.text)
    __user_perproc_libspace                  0x08010e81   Thumb Code     0  libspace.o(.text)
    __user_perthread_libspace                0x08010e81   Thumb Code     0  libspace.o(.text)
    __user_setup_stackheap                   0x08010e89   Thumb Code    74  sys_stackheap_outer.o(.text)
    exit                                     0x08010ed3   Thumb Code    18  exit.o(.text)
    _sys_exit                                0x08010ee5   Thumb Code     8  sys_exit.o(.text)
    __I$use$semihosting                      0x08010ef1   Thumb Code     0  use_no_semi.o(.text)
    __use_no_semihosting_swi                 0x08010ef1   Thumb Code     2  use_no_semi.o(.text)
    __semihosting_library_function           0x08010ef3   Thumb Code     0  indicate_semi.o(.text)
    main                                     0x08010ef3   Thumb Code    14  components.o(i.$Sub$$main)
    BusFault_Handler                         0x08010f01   Thumb Code     4  at32f435_437_int.o(i.BusFault_Handler)
    CRC16_Table                              0x08010f05   Thumb Code    40  verify_tool.o(i.CRC16_Table)
    CRC8                                     0x08010f31   Thumb Code    94  scha16t.o(i.CRC8)
    CRC8_Table                               0x08010f91   Thumb Code    30  verify_tool.o(i.CRC8_Table)
    ConfigureInvDevices                      0x08010fb5   Thumb Code   212  icm42688.o(i.ConfigureInvDevices)
    CortexM_Get_Us                           0x0801108d   Thumb Code    50  at32f435_437_int.o(i.CortexM_Get_Us)
    DMA1_Channel1_IRQHandler                 0x080110c9   Thumb Code     2  at32f435_437_int.o(i.DMA1_Channel1_IRQHandler)
    DMA1_Channel2_IRQHandler                 0x080110cd   Thumb Code    54  at32f435_437_int.o(i.DMA1_Channel2_IRQHandler)
    DMA1_Channel5_IRQHandler                 0x08011111   Thumb Code   132  at32f435_437_int.o(i.DMA1_Channel5_IRQHandler)
    DMA1_Channel6_IRQHandler                 0x080111a9   Thumb Code    40  at32f435_437_int.o(i.DMA1_Channel6_IRQHandler)
    DMA2_Channel4_IRQHandler                 0x080111d5   Thumb Code   122  at32f435_437_int.o(i.DMA2_Channel4_IRQHandler)
    DMA2_Channel5_IRQHandler                 0x08011269   Thumb Code    38  at32f435_437_int.o(i.DMA2_Channel5_IRQHandler)
    DebugMon_Handler                         0x08011299   Thumb Code     2  at32f435_437_int.o(i.DebugMon_Handler)
    EXINT9_5_IRQHandler                      0x0801129d   Thumb Code    62  at32f435_437_int.o(i.EXINT9_5_IRQHandler)
    FDILinkManager_Init                      0x080112f1   Thumb Code    96  fdilinkmanager.o(i.FDILinkManager_Init)
    FDILinkSendCode                          0x08011379   Thumb Code   104  fdilinkmanager.o(i.FDILinkSendCode)
    FDILinkSend_RAWData                      0x080113f9   Thumb Code   238  fdilinkmanager.o(i.FDILinkSend_RAWData)
    FDILink_Pack                             0x08011501   Thumb Code   106  fdilink.o(i.FDILink_Pack)
    FDI_Flash_EOPB0_Set                      0x0801156d   Thumb Code    70  main.o(i.FDI_Flash_EOPB0_Set)
    GetDEVID                                 0x080115c1   Thumb Code    10  fdilinkmanager.o(i.GetDEVID)
    ICM42652_CLKIN_Config                    0x080115d1   Thumb Code   160  icm42688.o(i.ICM42652_CLKIN_Config)
    ICM42652_INT1_DRDY                       0x08011675   Thumb Code   196  icm42688.o(i.ICM42652_INT1_DRDY)
    ICM42652_Read_INT1_Config                0x0801173d   Thumb Code   278  icm42688.o(i.ICM42652_Read_INT1_Config)
    ICM42652_Read_Reg                        0x08011929   Thumb Code    96  icm42688.o(i.ICM42652_Read_Reg)
    ICM42688_Conversion                      0x0801199d   Thumb Code   400  icm42688.o(i.ICM42688_Conversion)
    ICM42688_Write_Reg                       0x08011b5d   Thumb Code    90  icm42688.o(i.ICM42688_Write_Reg)
    ICM42688_callback                        0x08011bcd   Thumb Code    58  icm42688.o(i.ICM42688_callback)
    ICM42688_transmit                        0x08011c15   Thumb Code    90  icm42688.o(i.ICM42688_transmit)
    IMU_Handler                              0x08011c85   Thumb Code    20  imu_task.o(i.IMU_Handler)
    LSM6DSR_Conversion                       0x080120cd   Thumb Code   344  lsm6dsr.o(i.LSM6DSR_Conversion)
    MemManage_Handler                        0x08012243   Thumb Code     4  at32f435_437_int.o(i.MemManage_Handler)
    NMI_Handler                              0x08012247   Thumb Code     2  at32f435_437_int.o(i.NMI_Handler)
    Queue_Init                               0x08012289   Thumb Code    16  queue.o(i.Queue_Init)
    Queue_Input                              0x08012299   Thumb Code   106  queue.o(i.Queue_Input)
    Queue_Output                             0x08012303   Thumb Code    64  queue.o(i.Queue_Output)
    RawBuffer_Input                          0x08012383   Thumb Code    46  sensor.o(i.RawBuffer_Input)
    SCH1_Freq_Config                         0x0801243b   Thumb Code    94  scha16t.o(i.SCH1_Freq_Config)
    SCH1_getStatus                           0x08012499   Thumb Code   206  scha16t.o(i.SCH1_getStatus)
    SCH1_isValidFilterFreq                   0x08012567   Thumb Code    42  scha16t.o(i.SCH1_isValidFilterFreq)
    SCH1_setFilters                          0x08012591   Thumb Code   142  scha16t.o(i.SCH1_setFilters)
    SCH1_verifyStatus                        0x0801261f   Thumb Code   152  scha16t.o(i.SCH1_verifyStatus)
    SCHA16T_Conversion                       0x080126b9   Thumb Code   450  scha16t.o(i.SCHA16T_Conversion)
    SCHA16T_Init                             0x08012895   Thumb Code   198  scha16t.o(i.SCHA16T_Init)
    SCHA16T_Packet_Read                      0x08012969   Thumb Code    90  scha16t.o(i.SCHA16T_Packet_Read)
    SCHA16T_Packet_Write                     0x080129c3   Thumb Code    62  scha16t.o(i.SCHA16T_Packet_Write)
    SCHA16T_ReadData                         0x08012b19   Thumb Code   156  scha16t.o(i.SCHA16T_ReadData)
    SCHA16T_callback                         0x08012cc9   Thumb Code    48  scha16t.o(i.SCHA16T_callback)
    SPI_TransmitReceive_DMA                  0x08012d01   Thumb Code    60  spi_serve.o(i.SPI_TransmitReceive_DMA)
    SVC_Handler                              0x08012d3d   Thumb Code     2  at32f435_437_int.o(i.SVC_Handler)
    Sensor_Cqe_Task_Function                 0x08012d41   Thumb Code    88  sensor.o(i.Sensor_Cqe_Task_Function)
    Sensor_Init                              0x08012d9d   Thumb Code   132  sensor.o(i.Sensor_Init)
    Sensor_Sqe_Task_Function                 0x08012e95   Thumb Code    66  sensor.o(i.Sensor_Sqe_Task_Function)
    SysTick_Handler                          0x08012edd   Thumb Code    16  board.o(i.SysTick_Handler)
    SystemCoreClockUpdate                    0x08012eed   Thumb Code     2  main.o(i.SystemCoreClockUpdate)
    SystemInit                               0x08012ef1   Thumb Code   126  system_at32f435_437.o(i.SystemInit)
    TMR2_GLOBAL_IRQHandler                   0x08012f85   Thumb Code    44  at32f435_437_int.o(i.TMR2_GLOBAL_IRQHandler)
    TMR4_GLOBAL_IRQHandler                   0x08012fb1   Thumb Code    48  at32f435_437_int.o(i.TMR4_GLOBAL_IRQHandler)
    TMR5_GLOBAL_IRQHandler                   0x08012fed   Thumb Code    66  at32f435_437_int.o(i.TMR5_GLOBAL_IRQHandler)
    UsageFault_Handler                       0x0801303d   Thumb Code     4  at32f435_437_int.o(i.UsageFault_Handler)
    XV7001_Conversion                        0x08013041   Thumb Code    36  xv7001.o(i.XV7001_Conversion)
    __rt_ffs                                 0x08013101   Thumb Code    70  kservice.o(i.__rt_ffs)
    crm_ahb_div_set                          0x08013285   Thumb Code    14  at32f435_437_crm.o(i.crm_ahb_div_set)
    crm_apb1_div_set                         0x08013299   Thumb Code    14  at32f435_437_crm.o(i.crm_apb1_div_set)
    crm_apb2_div_set                         0x080132ad   Thumb Code    14  at32f435_437_crm.o(i.crm_apb2_div_set)
    crm_auto_step_mode_enable                0x080132c1   Thumb Code    34  at32f435_437_crm.o(i.crm_auto_step_mode_enable)
    crm_clock_source_enable                  0x080132e9   Thumb Code    98  at32f435_437_crm.o(i.crm_clock_source_enable)
    crm_clocks_freq_get                      0x08013351   Thumb Code   242  at32f435_437_crm.o(i.crm_clocks_freq_get)
    crm_flag_get                             0x08013465   Thumb Code    44  at32f435_437_crm.o(i.crm_flag_get)
    crm_hext_stable_wait                     0x08013495   Thumb Code    46  at32f435_437_crm.o(i.crm_hext_stable_wait)
    crm_periph_clock_enable                  0x080134c5   Thumb Code    70  at32f435_437_crm.o(i.crm_periph_clock_enable)
    crm_pll_config                           0x08013511   Thumb Code    68  at32f435_437_crm.o(i.crm_pll_config)
    crm_reset                                0x08013559   Thumb Code   106  at32f435_437_crm.o(i.crm_reset)
    crm_sysclk_switch                        0x080135d1   Thumb Code    54  at32f435_437_crm.o(i.crm_sysclk_switch)
    crm_sysclk_switch_status_get             0x0801360d   Thumb Code    10  at32f435_437_crm.o(i.crm_sysclk_switch_status_get)
    dma_channel_enable                       0x0801361d   Thumb Code    10  at32f435_437_dma.o(i.dma_channel_enable)
    dma_default_para_init                    0x08013627   Thumb Code    24  at32f435_437_dma.o(i.dma_default_para_init)
    dma_flag_clear                           0x08013641   Thumb Code    22  at32f435_437_dma.o(i.dma_flag_clear)
    dma_flag_get                             0x08013661   Thumb Code    34  at32f435_437_dma.o(i.dma_flag_get)
    dma_init                                 0x0801368d   Thumb Code    98  at32f435_437_dma.o(i.dma_init)
    dma_interrupt_enable                     0x080136ef   Thumb Code    18  at32f435_437_dma.o(i.dma_interrupt_enable)
    dma_reset                                0x08013701   Thumb Code   102  at32f435_437_dma.o(i.dma_reset)
    dmamux_enable                            0x08013771   Thumb Code    14  at32f435_437_dma.o(i.dmamux_enable)
    dmamux_init                              0x0801377f   Thumb Code    10  at32f435_437_dma.o(i.dmamux_init)
    exint_default_para_init                  0x08013789   Thumb Code    14  at32f435_437_exint.o(i.exint_default_para_init)
    exint_flag_clear                         0x08013799   Thumb Code     6  at32f435_437_exint.o(i.exint_flag_clear)
    exint_init                               0x080137a5   Thumb Code   148  at32f435_437_exint.o(i.exint_init)
    flash_continue_read_enable               0x0801383d   Thumb Code    14  at32f435_437_flash.o(i.flash_continue_read_enable)
    flash_eopb0_config                       0x08013851   Thumb Code    84  at32f435_437_flash.o(i.flash_eopb0_config)
    flash_fap_status_get                     0x080138b5   Thumb Code    10  at32f435_437_flash.o(i.flash_fap_status_get)
    flash_lock                               0x080138c5   Thumb Code    34  at32f435_437_flash.o(i.flash_lock)
    flash_nzw_boost_enable                   0x080138ed   Thumb Code    14  at32f435_437_flash.o(i.flash_nzw_boost_enable)
    flash_operation_status_get               0x08013901   Thumb Code    48  at32f435_437_flash.o(i.flash_operation_status_get)
    flash_operation_wait_for                 0x08013935   Thumb Code    36  at32f435_437_flash.o(i.flash_operation_wait_for)
    flash_unlock                             0x08013959   Thumb Code    24  at32f435_437_flash.o(i.flash_unlock)
    flash_user_system_data_erase             0x0801397d   Thumb Code   148  at32f435_437_flash.o(i.flash_user_system_data_erase)
    gpio_bits_reset                          0x08013a2f   Thumb Code     4  at32f435_437_gpio.o(i.gpio_bits_reset)
    gpio_bits_write                          0x08013a33   Thumb Code    10  at32f435_437_gpio.o(i.gpio_bits_write)
    gpio_default_para_init                   0x08013a3d   Thumb Code    20  at32f435_437_gpio.o(i.gpio_default_para_init)
    gpio_init                                0x08013a51   Thumb Code   122  at32f435_437_gpio.o(i.gpio_init)
    gpio_pin_mux_config                      0x08013acb   Thumb Code    66  at32f435_437_gpio.o(i.gpio_pin_mux_config)
    imu_task_init                            0x08013b0d   Thumb Code    62  imu_task.o(i.imu_task_init)
    interval_us_get                          0x08013b6d   Thumb Code    34  scha16t.o(i.interval_us_get)
    inv_icm426xx_configure_fifo              0x08013b9d   Thumb Code   330  icm426xxdriver_hl.o(i.inv_icm426xx_configure_fifo)
    inv_icm426xx_configure_timestamp_resolution 0x08013d9f   Thumb Code    54  icm426xxdriver_hl.o(i.inv_icm426xx_configure_timestamp_resolution)
    inv_icm426xx_device_reset                0x08013dd5   Thumb Code   322  icm426xxdriver_hl.o(i.inv_icm426xx_device_reset)
    inv_icm426xx_disable_high_resolution_fifo 0x08013f17   Thumb Code    10  icm426xxdriver_hl.o(i.inv_icm426xx_disable_high_resolution_fifo)
    inv_icm426xx_enable_clkin_rtc            0x08013f21   Thumb Code   146  icm426xxdriver_hl.o(i.inv_icm426xx_enable_clkin_rtc)
    inv_icm426xx_get_config_int1             0x08013fb3   Thumb Code   206  icm426xxdriver_hl.o(i.inv_icm426xx_get_config_int1)
    inv_icm426xx_init                        0x08014081   Thumb Code    94  icm426xxdriver_hl.o(i.inv_icm426xx_init)
    inv_icm426xx_read_reg                    0x080142bd   Thumb Code    54  icm42688.o(i.inv_icm426xx_read_reg)
    inv_icm426xx_set_config_int1             0x080142f3   Thumb Code   436  icm426xxdriver_hl.o(i.inv_icm426xx_set_config_int1)
    inv_icm426xx_set_reg_bank                0x080144a7   Thumb Code    18  icm426xxdriver_hl.o(i.inv_icm426xx_set_reg_bank)
    inv_icm426xx_sleep_us                    0x080144b9   Thumb Code    24  icm42688.o(i.inv_icm426xx_sleep_us)
    inv_icm426xx_write_reg                   0x080144d1   Thumb Code    54  icm42688.o(i.inv_icm426xx_write_reg)
    inv_io_hal_read_reg                      0x08014509   Thumb Code    44  icm42688.o(i.inv_io_hal_read_reg)
    iotex_icm42605_init                      0x08014571   Thumb Code   112  icm42688.o(i.iotex_icm42605_init)
    $Super$$main                             0x08014605   Thumb Code   318  main.o(i.main)
    main_thread_entry                        0x08014761   Thumb Code    14  components.o(i.main_thread_entry)
    nvic_irq_enable                          0x08014771   Thumb Code   190  at32f435_437_misc.o(i.nvic_irq_enable)
    nvic_priority_group_config               0x08014839   Thumb Code    32  at32f435_437_misc.o(i.nvic_priority_group_config)
    rt_application_init                      0x08014a71   Thumb Code    34  components.o(i.rt_application_init)
    rt_components_board_init                 0x08014aa1   Thumb Code    20  components.o(i.rt_components_board_init)
    rt_components_init                       0x08014abd   Thumb Code    20  components.o(i.rt_components_init)
    rt_enter_critical                        0x08014ad9   Thumb Code    28  scheduler.o(i.rt_enter_critical)
    rt_exit_critical                         0x08014af9   Thumb Code    54  scheduler.o(i.rt_exit_critical)
    rt_free                                  0x08014b35   Thumb Code   146  mem.o(i.rt_free)
    rt_heap_begin_get                        0x08014c2d   Thumb Code     4  board.o(i.rt_heap_begin_get)
    rt_heap_end_get                          0x08014c35   Thumb Code     4  board.o(i.rt_heap_end_get)
    rt_hw_board_init                         0x08014c3d   Thumb Code    48  board.o(i.rt_hw_board_init)
    rt_hw_console_output                     0x08014c71   Thumb Code     2  kservice.o(i.rt_hw_console_output)
    rt_hw_hard_fault_exception               0x08014c75   Thumb Code   212  cpuport.o(i.rt_hw_hard_fault_exception)
    rt_hw_stack_init                         0x08014e99   Thumb Code    74  cpuport.o(i.rt_hw_stack_init)
    rt_interrupt_enter                       0x08014ee9   Thumb Code    42  irq.o(i.rt_interrupt_enter)
    rt_interrupt_leave                       0x08014f1d   Thumb Code    42  irq.o(i.rt_interrupt_leave)
    rt_kprintf                               0x08015015   Thumb Code    44  kservice.o(i.rt_kprintf)
    rt_malloc                                0x080150d5   Thumb Code   360  mem.o(i.rt_malloc)
    rt_mb_create                             0x0801525d   Thumb Code    82  ipc.o(i.rt_mb_create)
    rt_mb_recv                               0x080152b1   Thumb Code   300  ipc.o(i.rt_mb_recv)
    rt_mb_send                               0x080153e5   Thumb Code    18  ipc.o(i.rt_mb_send)
    rt_mb_send_wait                          0x080153f9   Thumb Code   266  ipc.o(i.rt_mb_send_wait)
    rt_memcpy                                0x08015509   Thumb Code   124  kservice.o(i.rt_memcpy)
    rt_memset                                0x08015585   Thumb Code    72  kservice.o(i.rt_memset)
    rt_mq_create                             0x080155cd   Thumb Code   128  ipc.o(i.rt_mq_create)
    rt_mq_delete                             0x0801564d   Thumb Code    28  ipc.o(i.rt_mq_delete)
    rt_mq_recv                               0x08015669   Thumb Code   288  ipc.o(i.rt_mq_recv)
    rt_mq_send                               0x08015791   Thumb Code   158  ipc.o(i.rt_mq_send)
    rt_object_allocate                       0x08015835   Thumb Code   102  object.o(i.rt_object_allocate)
    rt_object_delete                         0x080158a1   Thumb Code    54  object.o(i.rt_object_delete)
    rt_object_detach                         0x080158dd   Thumb Code    48  object.o(i.rt_object_detach)
    rt_object_get_information                0x08015911   Thumb Code    36  object.o(i.rt_object_get_information)
    rt_object_init                           0x08015939   Thumb Code    78  object.o(i.rt_object_init)
    rt_object_is_systemobject                0x0801598d   Thumb Code    18  object.o(i.rt_object_is_systemobject)
    rt_schedule                              0x080159a1   Thumb Code   140  scheduler.o(i.rt_schedule)
    rt_schedule_insert_thread                0x08015a49   Thumb Code    72  scheduler.o(i.rt_schedule_insert_thread)
    rt_schedule_remove_thread                0x08015a99   Thumb Code    76  scheduler.o(i.rt_schedule_remove_thread)
    rt_sem_init                              0x08015aed   Thumb Code    38  ipc.o(i.rt_sem_init)
    rt_sem_release                           0x08015b15   Thumb Code    76  ipc.o(i.rt_sem_release)
    rt_sem_take                              0x08015b65   Thumb Code   152  ipc.o(i.rt_sem_take)
    rt_show_version                          0x08015c05   Thumb Code    38  kservice.o(i.rt_show_version)
    rt_strlen                                0x08015cb5   Thumb Code    18  kservice.o(i.rt_strlen)
    rt_strncpy                               0x08015cc7   Thumb Code    52  kservice.o(i.rt_strncpy)
    rt_system_heap_init                      0x08015cfd   Thumb Code   160  mem.o(i.rt_system_heap_init)
    rt_system_scheduler_init                 0x08015df5   Thumb Code    52  scheduler.o(i.rt_system_scheduler_init)
    rt_system_scheduler_start                0x08015e41   Thumb Code    36  scheduler.o(i.rt_system_scheduler_start)
    rt_system_timer_init                     0x08015e71   Thumb Code    24  timer.o(i.rt_system_timer_init)
    rt_system_timer_thread_init              0x08015e8d   Thumb Code     2  timer.o(i.rt_system_timer_thread_init)
    rt_thread_create                         0x08015e8f   Thumb Code    80  thread.o(i.rt_thread_create)
    rt_thread_delay                          0x08015edf   Thumb Code    12  thread.o(i.rt_thread_delay)
    rt_thread_exit                           0x08015eed   Thumb Code    76  thread.o(i.rt_thread_exit)
    rt_thread_idle_excute                    0x08015f69   Thumb Code   128  idle.o(i.rt_thread_idle_excute)
    rt_thread_idle_init                      0x08015fed   Thumb Code    38  idle.o(i.rt_thread_idle_init)
    rt_thread_init                           0x08016029   Thumb Code    52  thread.o(i.rt_thread_init)
    rt_thread_mdelay                         0x0801605d   Thumb Code    20  thread.o(i.rt_thread_mdelay)
    rt_thread_resume                         0x08016071   Thumb Code    78  thread.o(i.rt_thread_resume)
    rt_thread_self                           0x080160c5   Thumb Code     6  thread.o(i.rt_thread_self)
    rt_thread_sleep                          0x080160d1   Thumb Code    62  thread.o(i.rt_thread_sleep)
    rt_thread_startup                        0x08016115   Thumb Code    44  thread.o(i.rt_thread_startup)
    rt_thread_suspend                        0x08016141   Thumb Code    86  thread.o(i.rt_thread_suspend)
    rt_thread_timeout                        0x0801619d   Thumb Code    32  thread.o(i.rt_thread_timeout)
    rt_thread_yield                          0x080161bd   Thumb Code    92  thread.o(i.rt_thread_yield)
    rt_tick_from_millisecond                 0x08016221   Thumb Code    32  clock.o(i.rt_tick_from_millisecond)
    rt_tick_get                              0x08016241   Thumb Code     6  clock.o(i.rt_tick_get)
    rt_tick_increase                         0x0801624d   Thumb Code    42  clock.o(i.rt_tick_increase)
    rt_timer_check                           0x0801627d   Thumb Code   154  timer.o(i.rt_timer_check)
    rt_timer_control                         0x08016325   Thumb Code    56  timer.o(i.rt_timer_control)
    rt_timer_detach                          0x0801635d   Thumb Code    32  timer.o(i.rt_timer_detach)
    rt_timer_init                            0x0801637d   Thumb Code    46  timer.o(i.rt_timer_init)
    rt_timer_start                           0x080163ad   Thumb Code   256  timer.o(i.rt_timer_start)
    rt_timer_stop                            0x080164b9   Thumb Code    66  timer.o(i.rt_timer_stop)
    rt_vsnprintf                             0x08016501   Thumb Code   800  kservice.o(i.rt_vsnprintf)
    rtio_acquire                             0x08016839   Thumb Code    60  rtio.o(i.rtio_acquire)
    rtio_pool_init                           0x08016875   Thumb Code    80  rtio.o(i.rtio_pool_init)
    rtio_release                             0x080168c5   Thumb Code    48  rtio.o(i.rtio_release)
    rtio_sq_pop                              0x080168f5   Thumb Code    68  rtio.o(i.rtio_sq_pop)
    rtio_submit_sq                           0x08016939   Thumb Code    52  rtio.o(i.rtio_submit_sq)
    rtthread_startup                         0x0801696d   Thumb Code    42  components.o(i.rtthread_startup)
    scfg_exint_line_config                   0x08016999   Thumb Code   176  at32f435_437_scfg.o(i.scfg_exint_line_config)
    spi_default_para_init                    0x08016a73   Thumb Code    22  at32f435_437_spi.o(i.spi_default_para_init)
    spi_enable                               0x08016a89   Thumb Code    10  at32f435_437_spi.o(i.spi_enable)
    spi_i2s_dma_receiver_enable              0x08016a93   Thumb Code    10  at32f435_437_spi.o(i.spi_i2s_dma_receiver_enable)
    spi_i2s_dma_transmitter_enable           0x08016a9d   Thumb Code    10  at32f435_437_spi.o(i.spi_i2s_dma_transmitter_enable)
    spi_init                                 0x08016aa7   Thumb Code   344  at32f435_437_spi.o(i.spi_init)
    system_core_clock_update                 0x08016c01   Thumb Code   214  system_at32f435_437.o(i.system_core_clock_update)
    systick_clock_source_config              0x08016cf5   Thumb Code    40  at32f435_437_misc.o(i.systick_clock_source_config)
    systick_interrupt_config                 0x08016d1d   Thumb Code    68  wk_system.o(i.systick_interrupt_config)
    thread_init                              0x08016d61   Thumb Code    20  main.o(i.thread_init)
    tmr_32_bit_function_enable               0x08016d75   Thumb Code    22  at32f435_437_tmr.o(i.tmr_32_bit_function_enable)
    tmr_base_init                            0x08016d91   Thumb Code    16  at32f435_437_tmr.o(i.tmr_base_init)
    tmr_brkdt_config                         0x08016da1   Thumb Code    72  at32f435_437_tmr.o(i.tmr_brkdt_config)
    tmr_channel_value_set                    0x08016de9   Thumb Code    46  at32f435_437_tmr.o(i.tmr_channel_value_set)
    tmr_clock_source_div_set                 0x08016e17   Thumb Code    10  at32f435_437_tmr.o(i.tmr_clock_source_div_set)
    tmr_cnt_dir_set                          0x08016e21   Thumb Code    10  at32f435_437_tmr.o(i.tmr_cnt_dir_set)
    tmr_counter_enable                       0x08016e2b   Thumb Code    10  at32f435_437_tmr.o(i.tmr_counter_enable)
    tmr_output_channel_buffer_enable         0x08016e35   Thumb Code    76  at32f435_437_tmr.o(i.tmr_output_channel_buffer_enable)
    tmr_output_channel_config                0x08016e81   Thumb Code   434  at32f435_437_tmr.o(i.tmr_output_channel_config)
    tmr_output_channel_immediately_set       0x08017033   Thumb Code    76  at32f435_437_tmr.o(i.tmr_output_channel_immediately_set)
    tmr_output_enable                        0x0801707f   Thumb Code    10  at32f435_437_tmr.o(i.tmr_output_enable)
    tmr_period_buffer_enable                 0x08017089   Thumb Code    10  at32f435_437_tmr.o(i.tmr_period_buffer_enable)
    tmr_primary_mode_select                  0x08017093   Thumb Code    10  at32f435_437_tmr.o(i.tmr_primary_mode_select)
    tmr_repetition_counter_set               0x0801709d   Thumb Code    10  at32f435_437_tmr.o(i.tmr_repetition_counter_set)
    tmr_sub_sync_mode_set                    0x080170a7   Thumb Code    10  at32f435_437_tmr.o(i.tmr_sub_sync_mode_set)
    usart_dma_receiver_enable                0x080170b1   Thumb Code    10  at32f435_437_usart.o(i.usart_dma_receiver_enable)
    usart_dma_transmitter_enable             0x080170bb   Thumb Code    10  at32f435_437_usart.o(i.usart_dma_transmitter_enable)
    usart_enable                             0x080170c5   Thumb Code    10  at32f435_437_usart.o(i.usart_enable)
    usart_hardware_flow_control_set          0x080170cf   Thumb Code   102  at32f435_437_usart.o(i.usart_hardware_flow_control_set)
    usart_init                               0x08017135   Thumb Code   162  at32f435_437_usart.o(i.usart_init)
    usart_parity_selection_config            0x080171e1   Thumb Code    76  at32f435_437_usart.o(i.usart_parity_selection_config)
    usart_receiver_enable                    0x0801722d   Thumb Code    10  at32f435_437_usart.o(i.usart_receiver_enable)
    usart_transmitter_enable                 0x08017237   Thumb Code    10  at32f435_437_usart.o(i.usart_transmitter_enable)
    wk_dma1_channel1_init                    0x08017241   Thumb Code    82  wk_dma.o(i.wk_dma1_channel1_init)
    wk_dma1_channel2_init                    0x08017299   Thumb Code    94  wk_dma.o(i.wk_dma1_channel2_init)
    wk_dma1_channel5_init                    0x080172fd   Thumb Code    96  wk_dma.o(i.wk_dma1_channel5_init)
    wk_dma1_channel6_init                    0x08017361   Thumb Code    98  wk_dma.o(i.wk_dma1_channel6_init)
    wk_dma2_channel4_init                    0x080173c9   Thumb Code    92  wk_dma.o(i.wk_dma2_channel4_init)
    wk_dma2_channel5_init                    0x08017429   Thumb Code    94  wk_dma.o(i.wk_dma2_channel5_init)
    wk_dma_channel_config                    0x0801748d   Thumb Code     8  wk_dma.o(i.wk_dma_channel_config)
    wk_exint_config                          0x08017495   Thumb Code    80  wk_exint.o(i.wk_exint_config)
    wk_gpio_config                           0x080174e9   Thumb Code    58  wk_gpio.o(i.wk_gpio_config)
    wk_nvic_config                           0x08017529   Thumb Code   292  at32f435_437_wk_config.o(i.wk_nvic_config)
    wk_periph_clock_config                   0x0801764d   Thumb Code   126  at32f435_437_wk_config.o(i.wk_periph_clock_config)
    wk_spi1_init                             0x080176d9   Thumb Code   230  wk_spi.o(i.wk_spi1_init)
    wk_spi2_init                             0x080177c9   Thumb Code   230  wk_spi.o(i.wk_spi2_init)
    wk_system_clock_config                   0x080178bd   Thumb Code   184  at32f435_437_wk_config.o(i.wk_system_clock_config)
    wk_tmr1_init                             0x08017985   Thumb Code   250  wk_tmr.o(i.wk_tmr1_init)
    wk_tmr2_init                             0x08017a89   Thumb Code    96  wk_tmr.o(i.wk_tmr2_init)
    wk_tmr4_init                             0x08017ae9   Thumb Code    84  wk_tmr.o(i.wk_tmr4_init)
    wk_tmr5_init                             0x08017b41   Thumb Code    74  wk_tmr.o(i.wk_tmr5_init)
    wk_usart1_init                           0x08017b91   Thumb Code   172  wk_usart.o(i.wk_usart1_init)
    _fp_init                                 0x08017c45   Thumb Code    10  fpinit.o(x$fpl$fpinit)
    __fplib_config_fpu_vfp                   0x08017c4d   Thumb Code     0  fpinit.o(x$fpl$fpinit)
    __fplib_config_pureend_doubles           0x08017c4d   Thumb Code     0  fpinit.o(x$fpl$fpinit)
    CRC32Table                               0x08017f9c   Data        1024  verify_tool.o(.constdata)
    __lowest_bit_bitmap                      0x0801879c   Data         256  kservice.o(.constdata)
    __rt_init_rti_start                      0x080188c0   Data           4  components.o(.rti_fn.0)
    __rt_init_rti_board_start                0x080188c4   Data           4  components.o(.rti_fn.0.end)
    __rt_init_rti_board_end                  0x080188c8   Data           4  components.o(.rti_fn.1.end)
    __rt_init_rti_end                        0x080188cc   Data           4  components.o(.rti_fn.6.end)
    Region$$Table$$Base                      0x080188d0   Number         0  anon$$obj.o(Region$$Table)
    Region$$Table$$Limit                     0x080188f0   Number         0  anon$$obj.o(Region$$Table)
    Tick_Us_High                             0x20000000   Data           4  at32f435_437_int.o(.data)
    tmr5_first_bk                            0x20000004   Data           1  at32f435_437_int.o(.data)
    drdy_now_us                              0x20000008   Data           4  at32f435_437_int.o(.data)
    drdy_last_us                             0x2000000c   Data           4  at32f435_437_int.o(.data)
    drdy_interval_us                         0x20000010   Data           4  at32f435_437_int.o(.data)
    all_init                                 0x20000014   Data           1  main.o(.data)
    system_core_clock                        0x20000018   Data           4  system_at32f435_437.o(.data)
    busy_flag                                0x2000001c   Data           4  fdilinkmanager.o(.data)
    count                                    0x20000020   Data           4  fdilinkmanager.o(.data)
    i                                        0x20000024   Data           4  imu_task.o(.data)
    sensor_sqe_mb                            0x2000002c   Data           4  sensor.o(.data)
    sensor_cqe_mq                            0x20000030   Data           4  sensor.o(.data)
    sqe_init_ok                              0x20000034   Data           1  sensor.o(.data)
    xv7001_x_gyro_raw                        0x20000038   Data           4  xv7001.o(.data)
    XV7001_Data_Transmit                     0x2000003c   Data           4  xv7001.o(.data)
    XV7001_Data_Recive                       0x20000040   Data           4  xv7001.o(.data)
    xv1633_Transmit_Buffer                   0x20000044   Data           2  xv7001.o(.data)
    xv1633_Receive_Buffer                    0x20000046   Data           2  xv7001.o(.data)
    Filter                                   0x20000048   Data           6  scha16t.o(.data)
    SCH1633_Initial                          0x2000004e   Data           1  scha16t.o(.data)
    sch16T_now_read                          0x20000050   Data           4  scha16t.o(.data)
    first_read                               0x20000054   Data           4  scha16t.o(.data)
    SCH16T_Transmit_Buffer_Asyn              0x20000058   Data           7  scha16t.o(.data)
    SCH16T_Receive_Buffer_Asyn               0x2000005f   Data           7  scha16t.o(.data)
    drdy_now_us_16t                          0x20000068   Data           4  scha16t.o(.data)
    drdy_last_us_16t                         0x2000006c   Data           4  scha16t.o(.data)
    drdy_interval_us_16t                     0x20000070   Data           4  scha16t.o(.data)
    SCH16T_Transmit_Buffer                   0x20000078   Data           7  scha16t.o(.data)
    SCH16T_Receive_Buffer                    0x2000007f   Data           7  scha16t.o(.data)
    requestFrame_Rate12                      0x20000088   Data           8  scha16t.o(.data)
    responseFrame_Rate12                     0x20000090   Data           8  scha16t.o(.data)
    requestFrame_Acc12                       0x20000098   Data           8  scha16t.o(.data)
    responseFrame_Acc12                      0x200000a0   Data           8  scha16t.o(.data)
    requestFrame_Acc3                        0x200000a8   Data           8  scha16t.o(.data)
    responseFrame_Acc3                       0x200000b0   Data           8  scha16t.o(.data)
    reg_value                                0x200000b8   Data           2  scha16t.o(.data)
    counts                                   0x200000c4   Data           4  icm42688.o(.data)
    last_us1                                 0x200000c8   Data           8  icm42688.o(.data)
    now_us1                                  0x200000d0   Data           8  icm42688.o(.data)
    Interval_us1                             0x200000d8   Data           8  icm42688.o(.data)
    acc_test                                 0x200000e0   Data           4  icm42688.o(.data)
    gyro_test                                0x200000e4   Data           4  icm42688.o(.data)
    cnt_add                                  0x200000e8   Data           1  icm42688.o(.data)
    ICM42688_transmit_buffer                 0x200000e9   Data           2  icm42688.o(.data)
    ICM42688_receive_buffer                  0x200000eb   Data           2  icm42688.o(.data)
    icm42688_data_read_register              0x200000ed   Data           2  icm42688.o(.data)
    icm42688_data_reiseive_fun_switch        0x200000ef   Data           1  icm42688.o(.data)
    imu_data_lose                            0x200000f0   Data           4  icm42688.o(.data)
    Icm42688_Init_Over                       0x200000f4   Data           1  icm42688.o(.data)
    reset_cmd                                0x200000f5   Data           1  icm42688.o(.data)
    rt_interrupt_from_thread                 0x200000f8   Data           4  cpuport.o(.data)
    rt_interrupt_to_thread                   0x200000fc   Data           4  cpuport.o(.data)
    rt_thread_switch_interrupt_flag          0x20000100   Data           4  cpuport.o(.data)
    rt_interrupt_nest                        0x20000114   Data           1  irq.o(.data)
    rt_object_trytake_hook                   0x200001b0   Data           4  object.o(.data)
    rt_object_take_hook                      0x200001b4   Data           4  object.o(.data)
    rt_object_put_hook                       0x200001b8   Data           4  object.o(.data)
    rt_current_thread                        0x200001c0   Data           4  scheduler.o(.data)
    rt_current_priority                      0x200001c4   Data           1  scheduler.o(.data)
    rt_thread_ready_priority_group           0x200001c8   Data           4  scheduler.o(.data)
    rt_thread_defunct                        0x200001cc   Data           8  scheduler.o(.data)
    FDILink_Handle                           0x20000738   Data         328  fdilinkmanager.o(.bss)
    imuSensorPack                            0x20000880   Data          32  fdilinkmanager.o(.bss)
    Serial_Task_Stack                        0x200008a0   Data        2048  fdilinkmanager.o(.bss)
    imuData                                  0x20001220   Data         832  imu_task.o(.bss)
    Imu_Task_Stack                           0x20001560   Data        2048  imu_task.o(.bss)
    imuSensor                                0x20001de0   Data          32  imu_task.o(.bss)
    Sensor_Sqe_Task_Stack                    0x20001e00   Data         512  sensor.o(.bss)
    Sensor_Cqe_Task_Stack                    0x20002080   Data         512  sensor.o(.bss)
    rtio_spi1                                0x20002940   Data          32  sensor.o(.bss)
    rtio_spi2                                0x20002fa0   Data          32  sensor.o(.bss)
    LSM6DSR                                  0x20002fc0   Data         160  lsm6dsr.o(.bss)
    LSM6DR_Data_Transmit                     0x20003060   Data          15  lsm6dsr.o(.bss)
    LSM6DR_Data_Receive                      0x2000306f   Data          15  lsm6dsr.o(.bss)
    XV7011                                   0x20003080   Data          96  xv7001.o(.bss)
    SCH1633                                  0x200030e0   Data         160  scha16t.o(.bss)
    sch16t_out                               0x20003180   Data          28  scha16t.o(.bss)
    SCH1statusAll                            0x2000319c   Data          20  scha16t.o(.bss)
    ICM42688_Data_Transmit                   0x200031b0   Data          30  icm42688.o(.bss)
    ICM42688_Data_Receive                    0x200031ce   Data          30  icm42688.o(.bss)
    ICM42688_BufferData                      0x20003a68   Data          28  icm42688.o(.bss)
    icm42688_register                        0x20003a84   Data          30  icm42688.o(.bss)
    icm42688_receive_buffer                  0x20003aa2   Data          30  icm42688.o(.bss)
    ICM42688_Semaphore                       0x20003ac0   Data          32  icm42688.o(.bss)
    icm42688_buffer                          0x20003ae0   Data          28  icm42688.o(.bss)
    ICM42688                                 0x20003b00   Data         160  icm42688.o(.bss)
    icm426xx_serif                           0x20003ba0   Data          28  icm42688.o(.bss)
    rt_thread_priority_table                 0x20003df0   Data         256  scheduler.o(.bss)
    __libspace_start                         0x200056f0   Data          96  libspace.o(.bss)
    __temporary_stack_top$libspace           0x20005750   Data           0  libspace.o(.bss)



==============================================================================

Memory Map of the image

  Image Entry point : 0x08010a0d

  Load Region LR_IROM1 (Base: 0x08010800, Size: 0x000082e8, Max: 0x000ef800, ABSOLUTE, COMPRESSED[0x00008138])

    Execution Region ER_IROM1 (Exec base: 0x08010800, Load base: 0x08010800, Size: 0x000080f0, Max: 0x0004f800, ABSOLUTE)

    Exec Addr    Load Addr    Size         Type   Attr      Idx    E Section Name        Object

    0x08010800   0x08010800   0x0000020c   Data   RO         2528    RESET               startup_at32f435_437.o
    0x08010a0c   0x08010a0c   0x00000008   Code   RO         5250  * !!!main             c_w.l(__main.o)
    0x08010a14   0x08010a14   0x00000034   Code   RO         5453    !!!scatter          c_w.l(__scatter.o)
    0x08010a48   0x08010a48   0x0000005a   Code   RO         5451    !!dczerorl2         c_w.l(__dczerorl2.o)
    0x08010aa2   0x08010aa2   0x00000002   PAD
    0x08010aa4   0x08010aa4   0x0000001c   Code   RO         5455    !!handler_zi        c_w.l(__scatter_zi.o)
    0x08010ac0   0x08010ac0   0x00000002   Code   RO         5324    .ARM.Collect$$libinit$$00000000  c_w.l(libinit.o)
    0x08010ac2   0x08010ac2   0x00000004   Code   RO         5333    .ARM.Collect$$libinit$$00000001  c_w.l(libinit2.o)
    0x08010ac6   0x08010ac6   0x00000000   Code   RO         5336    .ARM.Collect$$libinit$$00000004  c_w.l(libinit2.o)
    0x08010ac6   0x08010ac6   0x00000000   Code   RO         5339    .ARM.Collect$$libinit$$0000000A  c_w.l(libinit2.o)
    0x08010ac6   0x08010ac6   0x00000000   Code   RO         5341    .ARM.Collect$$libinit$$0000000C  c_w.l(libinit2.o)
    0x08010ac6   0x08010ac6   0x00000000   Code   RO         5343    .ARM.Collect$$libinit$$0000000E  c_w.l(libinit2.o)
    0x08010ac6   0x08010ac6   0x00000000   Code   RO         5346    .ARM.Collect$$libinit$$00000011  c_w.l(libinit2.o)
    0x08010ac6   0x08010ac6   0x00000000   Code   RO         5348    .ARM.Collect$$libinit$$00000013  c_w.l(libinit2.o)
    0x08010ac6   0x08010ac6   0x00000000   Code   RO         5350    .ARM.Collect$$libinit$$00000015  c_w.l(libinit2.o)
    0x08010ac6   0x08010ac6   0x00000000   Code   RO         5352    .ARM.Collect$$libinit$$00000017  c_w.l(libinit2.o)
    0x08010ac6   0x08010ac6   0x00000000   Code   RO         5354    .ARM.Collect$$libinit$$00000019  c_w.l(libinit2.o)
    0x08010ac6   0x08010ac6   0x00000000   Code   RO         5356    .ARM.Collect$$libinit$$0000001B  c_w.l(libinit2.o)
    0x08010ac6   0x08010ac6   0x00000000   Code   RO         5358    .ARM.Collect$$libinit$$0000001D  c_w.l(libinit2.o)
    0x08010ac6   0x08010ac6   0x00000000   Code   RO         5360    .ARM.Collect$$libinit$$0000001F  c_w.l(libinit2.o)
    0x08010ac6   0x08010ac6   0x00000000   Code   RO         5362    .ARM.Collect$$libinit$$00000021  c_w.l(libinit2.o)
    0x08010ac6   0x08010ac6   0x00000000   Code   RO         5364    .ARM.Collect$$libinit$$00000023  c_w.l(libinit2.o)
    0x08010ac6   0x08010ac6   0x00000000   Code   RO         5366    .ARM.Collect$$libinit$$00000025  c_w.l(libinit2.o)
    0x08010ac6   0x08010ac6   0x00000000   Code   RO         5370    .ARM.Collect$$libinit$$0000002C  c_w.l(libinit2.o)
    0x08010ac6   0x08010ac6   0x00000000   Code   RO         5372    .ARM.Collect$$libinit$$0000002E  c_w.l(libinit2.o)
    0x08010ac6   0x08010ac6   0x00000000   Code   RO         5374    .ARM.Collect$$libinit$$00000030  c_w.l(libinit2.o)
    0x08010ac6   0x08010ac6   0x00000000   Code   RO         5376    .ARM.Collect$$libinit$$00000032  c_w.l(libinit2.o)
    0x08010ac6   0x08010ac6   0x00000002   Code   RO         5377    .ARM.Collect$$libinit$$00000033  c_w.l(libinit2.o)
    0x08010ac8   0x08010ac8   0x00000002   Code   RO         5408    .ARM.Collect$$libshutdown$$00000000  c_w.l(libshutdown.o)
    0x08010aca   0x08010aca   0x00000000   Code   RO         5434    .ARM.Collect$$libshutdown$$00000002  c_w.l(libshutdown2.o)
    0x08010aca   0x08010aca   0x00000000   Code   RO         5436    .ARM.Collect$$libshutdown$$00000004  c_w.l(libshutdown2.o)
    0x08010aca   0x08010aca   0x00000000   Code   RO         5439    .ARM.Collect$$libshutdown$$00000007  c_w.l(libshutdown2.o)
    0x08010aca   0x08010aca   0x00000000   Code   RO         5442    .ARM.Collect$$libshutdown$$0000000A  c_w.l(libshutdown2.o)
    0x08010aca   0x08010aca   0x00000000   Code   RO         5444    .ARM.Collect$$libshutdown$$0000000C  c_w.l(libshutdown2.o)
    0x08010aca   0x08010aca   0x00000000   Code   RO         5447    .ARM.Collect$$libshutdown$$0000000F  c_w.l(libshutdown2.o)
    0x08010aca   0x08010aca   0x00000002   Code   RO         5448    .ARM.Collect$$libshutdown$$00000010  c_w.l(libshutdown2.o)
    0x08010acc   0x08010acc   0x00000000   Code   RO         5270    .ARM.Collect$$rtentry$$00000000  c_w.l(__rtentry.o)
    0x08010acc   0x08010acc   0x00000000   Code   RO         5287    .ARM.Collect$$rtentry$$00000002  c_w.l(__rtentry2.o)
    0x08010acc   0x08010acc   0x00000006   Code   RO         5299    .ARM.Collect$$rtentry$$00000004  c_w.l(__rtentry4.o)
    0x08010ad2   0x08010ad2   0x00000000   Code   RO         5289    .ARM.Collect$$rtentry$$00000009  c_w.l(__rtentry2.o)
    0x08010ad2   0x08010ad2   0x00000004   Code   RO         5290    .ARM.Collect$$rtentry$$0000000A  c_w.l(__rtentry2.o)
    0x08010ad6   0x08010ad6   0x00000000   Code   RO         5292    .ARM.Collect$$rtentry$$0000000C  c_w.l(__rtentry2.o)
    0x08010ad6   0x08010ad6   0x00000008   Code   RO         5293    .ARM.Collect$$rtentry$$0000000D  c_w.l(__rtentry2.o)
    0x08010ade   0x08010ade   0x00000002   Code   RO         5325    .ARM.Collect$$rtexit$$00000000  c_w.l(rtexit.o)
    0x08010ae0   0x08010ae0   0x00000000   Code   RO         5381    .ARM.Collect$$rtexit$$00000002  c_w.l(rtexit2.o)
    0x08010ae0   0x08010ae0   0x00000004   Code   RO         5382    .ARM.Collect$$rtexit$$00000003  c_w.l(rtexit2.o)
    0x08010ae4   0x08010ae4   0x00000006   Code   RO         5383    .ARM.Collect$$rtexit$$00000004  c_w.l(rtexit2.o)
    0x08010aea   0x08010aea   0x00000002   PAD
    0x08010aec   0x08010aec   0x00000050   Code   RO         2529    .text               startup_at32f435_437.o
    0x08010b3c   0x08010b3c   0x00000134   Code   RO         3997    .text               context_rvds.o
    0x08010c70   0x08010c70   0x000000ee   Code   RO         5238    .text               c_w.l(lludivv7m.o)
    0x08010d5e   0x08010d5e   0x00000026   Code   RO         5240    .text               c_w.l(llushr.o)
    0x08010d84   0x08010d84   0x00000064   Code   RO         5242    .text               c_w.l(rt_memcpy_w.o)
    0x08010de8   0x08010de8   0x00000044   Code   RO         5244    .text               c_w.l(rt_memclr.o)
    0x08010e2c   0x08010e2c   0x0000004e   Code   RO         5246    .text               c_w.l(rt_memclr_w.o)
    0x08010e7a   0x08010e7a   0x00000006   Code   RO         5248    .text               c_w.l(heapauxi.o)
    0x08010e80   0x08010e80   0x00000008   Code   RO         5308    .text               c_w.l(libspace.o)
    0x08010e88   0x08010e88   0x0000004a   Code   RO         5311    .text               c_w.l(sys_stackheap_outer.o)
    0x08010ed2   0x08010ed2   0x00000012   Code   RO         5313    .text               c_w.l(exit.o)
    0x08010ee4   0x08010ee4   0x0000000c   Code   RO         5378    .text               c_w.l(sys_exit.o)
    0x08010ef0   0x08010ef0   0x00000002   Code   RO         5397    .text               c_w.l(use_no_semi.o)
    0x08010ef2   0x08010ef2   0x00000000   Code   RO         5399    .text               c_w.l(indicate_semi.o)
    0x08010ef2   0x08010ef2   0x0000000e   Code   RO         4078    i.$Sub$$main        components.o
    0x08010f00   0x08010f00   0x00000004   Code   RO            4    i.BusFault_Handler  at32f435_437_int.o
    0x08010f04   0x08010f04   0x0000002c   Code   RO         3878    i.CRC16_Table       verify_tool.o
    0x08010f30   0x08010f30   0x0000005e   Code   RO         3093    i.CRC8              scha16t.o
    0x08010f8e   0x08010f8e   0x00000002   PAD
    0x08010f90   0x08010f90   0x00000024   Code   RO         3880    i.CRC8_Table        verify_tool.o
    0x08010fb4   0x08010fb4   0x000000d8   Code   RO         3250    i.ConfigureInvDevices  icm42688.o
    0x0801108c   0x0801108c   0x0000003c   Code   RO            5    i.CortexM_Get_Us    at32f435_437_int.o
    0x080110c8   0x080110c8   0x00000002   Code   RO            6    i.DMA1_Channel1_IRQHandler  at32f435_437_int.o
    0x080110ca   0x080110ca   0x00000002   PAD
    0x080110cc   0x080110cc   0x00000044   Code   RO            7    i.DMA1_Channel2_IRQHandler  at32f435_437_int.o
    0x08011110   0x08011110   0x00000098   Code   RO            8    i.DMA1_Channel5_IRQHandler  at32f435_437_int.o
    0x080111a8   0x080111a8   0x0000002c   Code   RO            9    i.DMA1_Channel6_IRQHandler  at32f435_437_int.o
    0x080111d4   0x080111d4   0x00000094   Code   RO           10    i.DMA2_Channel4_IRQHandler  at32f435_437_int.o
    0x08011268   0x08011268   0x00000030   Code   RO           11    i.DMA2_Channel5_IRQHandler  at32f435_437_int.o
    0x08011298   0x08011298   0x00000002   Code   RO           12    i.DebugMon_Handler  at32f435_437_int.o
    0x0801129a   0x0801129a   0x00000002   PAD
    0x0801129c   0x0801129c   0x00000054   Code   RO           13    i.EXINT9_5_IRQHandler  at32f435_437_int.o
    0x080112f0   0x080112f0   0x00000088   Code   RO         2634    i.FDILinkManager_Init  fdilinkmanager.o
    0x08011378   0x08011378   0x00000080   Code   RO         2635    i.FDILinkSendCode   fdilinkmanager.o
    0x080113f8   0x080113f8   0x00000108   Code   RO         2636    i.FDILinkSend_RAWData  fdilinkmanager.o
    0x08011500   0x08011500   0x0000006a   Code   RO         2594    i.FDILink_Pack      fdilink.o
    0x0801156a   0x0801156a   0x00000002   PAD
    0x0801156c   0x0801156c   0x00000054   Code   RO          392    i.FDI_Flash_EOPB0_Set  main.o
    0x080115c0   0x080115c0   0x00000010   Code   RO         2637    i.GetDEVID          fdilinkmanager.o
    0x080115d0   0x080115d0   0x000000a4   Code   RO         3251    i.ICM42652_CLKIN_Config  icm42688.o
    0x08011674   0x08011674   0x000000c8   Code   RO         3253    i.ICM42652_INT1_DRDY  icm42688.o
    0x0801173c   0x0801173c   0x000001ec   Code   RO         3254    i.ICM42652_Read_INT1_Config  icm42688.o
    0x08011928   0x08011928   0x00000074   Code   RO         3255    i.ICM42652_Read_Reg  icm42688.o
    0x0801199c   0x0801199c   0x000001b0   Code   RO         3256    i.ICM42688_Conversion  icm42688.o
    0x08011b4c   0x08011b4c   0x0000000e   Code   RO         3259    i.ICM42688_GetS16   icm42688.o
    0x08011b5a   0x08011b5a   0x00000002   PAD
    0x08011b5c   0x08011b5c   0x00000070   Code   RO         3260    i.ICM42688_Write_Reg  icm42688.o
    0x08011bcc   0x08011bcc   0x00000048   Code   RO         3261    i.ICM42688_callback  icm42688.o
    0x08011c14   0x08011c14   0x00000070   Code   RO         3262    i.ICM42688_transmit  icm42688.o
    0x08011c84   0x08011c84   0x0000001c   Code   RO         2686    i.IMU_Handler       imu_task.o
    0x08011ca0   0x08011ca0   0x0000042c   Code   RO         2687    i.Imu_Task_Function  imu_task.o
    0x080120cc   0x080120cc   0x00000168   Code   RO         2873    i.LSM6DSR_Conversion  lsm6dsr.o
    0x08012234   0x08012234   0x0000000e   Code   RO         2875    i.LSM6DSR_GetS16    lsm6dsr.o
    0x08012242   0x08012242   0x00000004   Code   RO           14    i.MemManage_Handler  at32f435_437_int.o
    0x08012246   0x08012246   0x00000002   Code   RO           15    i.NMI_Handler       at32f435_437_int.o
    0x08012248   0x08012248   0x00000040   Code   RO          333    i.NVIC_EncodePriority  at32f435_437_wk_config.o
    0x08012288   0x08012288   0x00000010   Code   RO         3913    i.Queue_Init        queue.o
    0x08012298   0x08012298   0x0000006a   Code   RO         3914    i.Queue_Input       queue.o
    0x08012302   0x08012302   0x00000040   Code   RO         3915    i.Queue_Output      queue.o
    0x08012342   0x08012342   0x00000040   Code   RO         3916    i.Queue_Read        queue.o
    0x08012382   0x08012382   0x0000002e   Code   RO         2743    i.RawBuffer_Input   sensor.o
    0x080123b0   0x080123b0   0x00000030   Code   RO         3095    i.SCH16T_GetData20  scha16t.o
    0x080123e0   0x080123e0   0x0000000e   Code   RO         3096    i.SCH16T_GetTempRaw  scha16t.o
    0x080123ee   0x080123ee   0x0000004c   Code   RO         3097    i.SCH16T_MakeFrame48  scha16t.o
    0x0801243a   0x0801243a   0x0000005e   Code   RO         3098    i.SCH1_Freq_Config  scha16t.o
    0x08012498   0x08012498   0x000000ce   Code   RO         3100    i.SCH1_getStatus    scha16t.o
    0x08012566   0x08012566   0x0000002a   Code   RO         3101    i.SCH1_isValidFilterFreq  scha16t.o
    0x08012590   0x08012590   0x0000008e   Code   RO         3102    i.SCH1_setFilters   scha16t.o
    0x0801261e   0x0801261e   0x00000098   Code   RO         3103    i.SCH1_verifyStatus  scha16t.o
    0x080126b6   0x080126b6   0x00000002   PAD
    0x080126b8   0x080126b8   0x000001dc   Code   RO         3104    i.SCHA16T_Conversion  scha16t.o
    0x08012894   0x08012894   0x000000d4   Code   RO         3105    i.SCHA16T_Init      scha16t.o
    0x08012968   0x08012968   0x0000005a   Code   RO         3106    i.SCHA16T_Packet_Read  scha16t.o
    0x080129c2   0x080129c2   0x0000003e   Code   RO         3107    i.SCHA16T_Packet_Write  scha16t.o
    0x08012a00   0x08012a00   0x00000118   Code   RO         3108    i.SCHA16T_Read      scha16t.o
    0x08012b18   0x08012b18   0x000000a0   Code   RO         3109    i.SCHA16T_ReadData  scha16t.o
    0x08012bb8   0x08012bb8   0x00000094   Code   RO         3110    i.SCHA16T_ReadData_Once  scha16t.o
    0x08012c4c   0x08012c4c   0x0000007c   Code   RO         3111    i.SCHA16T_Write     scha16t.o
    0x08012cc8   0x08012cc8   0x00000038   Code   RO         3112    i.SCHA16T_callback  scha16t.o
    0x08012d00   0x08012d00   0x0000003c   Code   RO         2573    i.SPI_TransmitReceive_DMA  spi_serve.o
    0x08012d3c   0x08012d3c   0x00000002   Code   RO           16    i.SVC_Handler       at32f435_437_int.o
    0x08012d3e   0x08012d3e   0x00000002   PAD
    0x08012d40   0x08012d40   0x0000005c   Code   RO         2745    i.Sensor_Cqe_Task_Function  sensor.o
    0x08012d9c   0x08012d9c   0x000000f8   Code   RO         2746    i.Sensor_Init       sensor.o
    0x08012e94   0x08012e94   0x00000048   Code   RO         2747    i.Sensor_Sqe_Task_Function  sensor.o
    0x08012edc   0x08012edc   0x00000010   Code   RO         5195    i.SysTick_Handler   board.o
    0x08012eec   0x08012eec   0x00000002   Code   RO          393    i.SystemCoreClockUpdate  main.o
    0x08012eee   0x08012eee   0x00000002   PAD
    0x08012ef0   0x08012ef0   0x00000094   Code   RO         2536    i.SystemInit        system_at32f435_437.o
    0x08012f84   0x08012f84   0x0000002c   Code   RO           17    i.TMR2_GLOBAL_IRQHandler  at32f435_437_int.o
    0x08012fb0   0x08012fb0   0x0000003c   Code   RO           18    i.TMR4_GLOBAL_IRQHandler  at32f435_437_int.o
    0x08012fec   0x08012fec   0x00000050   Code   RO           19    i.TMR5_GLOBAL_IRQHandler  at32f435_437_int.o
    0x0801303c   0x0801303c   0x00000004   Code   RO           20    i.UsageFault_Handler  at32f435_437_int.o
    0x08013040   0x08013040   0x00000030   Code   RO         3002    i.XV7001_Conversion  xv7001.o
    0x08013070   0x08013070   0x00000020   Code   RO         3005    i.XV7011_GyroDataToFloat  xv7001.o
    0x08013090   0x08013090   0x00000030   Code   RO         5196    i._SysTick_Config   board.o
    0x080130c0   0x080130c0   0x00000010   Code   RO          334    i.__NVIC_GetPriorityGrouping  at32f435_437_wk_config.o
    0x080130d0   0x080130d0   0x00000028   Code   RO          335    i.__NVIC_SetPriority  at32f435_437_wk_config.o
    0x080130f8   0x080130f8   0x00000006   Code   RO         3263    i.__get_PRIMASK     icm42688.o
    0x080130fe   0x080130fe   0x00000002   PAD
    0x08013100   0x08013100   0x0000004c   Code   RO         4516    i.__rt_ffs          kservice.o
    0x0801314c   0x0801314c   0x00000006   Code   RO         2880    i.__set_PRIMASK     lsm6dsr.o
    0x08013152   0x08013152   0x00000006   Code   RO         3113    i.__set_PRIMASK     scha16t.o
    0x08013158   0x08013158   0x00000006   Code   RO         3264    i.__set_PRIMASK     icm42688.o
    0x0801315e   0x0801315e   0x00000006   Code   RO         3917    i.__set_PRIMASK     queue.o
    0x08013164   0x08013164   0x00000014   Code   RO         4152    i._has_defunct_thread  idle.o
    0x08013178   0x08013178   0x0000009c   Code   RO         4934    i._rt_thread_init   thread.o
    0x08013214   0x08013214   0x00000042   Code   RO         5075    i._rt_timer_init    timer.o
    0x08013256   0x08013256   0x0000002e   Code   RO         5076    i._rt_timer_remove  timer.o
    0x08013284   0x08013284   0x00000014   Code   RO          711    i.crm_ahb_div_set   at32f435_437_crm.o
    0x08013298   0x08013298   0x00000014   Code   RO          712    i.crm_apb1_div_set  at32f435_437_crm.o
    0x080132ac   0x080132ac   0x00000014   Code   RO          713    i.crm_apb2_div_set  at32f435_437_crm.o
    0x080132c0   0x080132c0   0x00000028   Code   RO          714    i.crm_auto_step_mode_enable  at32f435_437_crm.o
    0x080132e8   0x080132e8   0x00000068   Code   RO          721    i.crm_clock_source_enable  at32f435_437_crm.o
    0x08013350   0x08013350   0x00000114   Code   RO          722    i.crm_clocks_freq_get  at32f435_437_crm.o
    0x08013464   0x08013464   0x00000030   Code   RO          727    i.crm_flag_get      at32f435_437_crm.o
    0x08013494   0x08013494   0x0000002e   Code   RO          729    i.crm_hext_stable_wait  at32f435_437_crm.o
    0x080134c2   0x080134c2   0x00000002   PAD
    0x080134c4   0x080134c4   0x0000004c   Code   RO          737    i.crm_periph_clock_enable  at32f435_437_crm.o
    0x08013510   0x08013510   0x00000048   Code   RO          740    i.crm_pll_config    at32f435_437_crm.o
    0x08013558   0x08013558   0x00000078   Code   RO          742    i.crm_reset         at32f435_437_crm.o
    0x080135d0   0x080135d0   0x0000003c   Code   RO          743    i.crm_sysclk_switch  at32f435_437_crm.o
    0x0801360c   0x0801360c   0x00000010   Code   RO          744    i.crm_sysclk_switch_status_get  at32f435_437_crm.o
    0x0801361c   0x0801361c   0x0000000a   Code   RO         1894    i.dma_channel_enable  at32f435_437_dma.o
    0x08013626   0x08013626   0x00000018   Code   RO         1897    i.dma_default_para_init  at32f435_437_dma.o
    0x0801363e   0x0801363e   0x00000002   PAD
    0x08013640   0x08013640   0x00000020   Code   RO         1898    i.dma_flag_clear    at32f435_437_dma.o
    0x08013660   0x08013660   0x0000002c   Code   RO         1899    i.dma_flag_get      at32f435_437_dma.o
    0x0801368c   0x0801368c   0x00000062   Code   RO         1901    i.dma_init          at32f435_437_dma.o
    0x080136ee   0x080136ee   0x00000012   Code   RO         1902    i.dma_interrupt_enable  at32f435_437_dma.o
    0x08013700   0x08013700   0x00000070   Code   RO         1904    i.dma_reset         at32f435_437_dma.o
    0x08013770   0x08013770   0x0000000e   Code   RO         1905    i.dmamux_enable     at32f435_437_dma.o
    0x0801377e   0x0801377e   0x0000000a   Code   RO         1912    i.dmamux_init       at32f435_437_dma.o
    0x08013788   0x08013788   0x0000000e   Code   RO         2333    i.exint_default_para_init  at32f435_437_exint.o
    0x08013796   0x08013796   0x00000002   PAD
    0x08013798   0x08013798   0x0000000c   Code   RO         2335    i.exint_flag_clear  at32f435_437_exint.o
    0x080137a4   0x080137a4   0x00000098   Code   RO         2337    i.exint_init        at32f435_437_exint.o
    0x0801383c   0x0801383c   0x00000014   Code   RO         2074    i.flash_continue_read_enable  at32f435_437_flash.o
    0x08013850   0x08013850   0x00000064   Code   RO         2076    i.flash_eopb0_config  at32f435_437_flash.o
    0x080138b4   0x080138b4   0x00000010   Code   RO         2080    i.flash_fap_status_get  at32f435_437_flash.o
    0x080138c4   0x080138c4   0x00000028   Code   RO         2086    i.flash_lock        at32f435_437_flash.o
    0x080138ec   0x080138ec   0x00000014   Code   RO         2087    i.flash_nzw_boost_enable  at32f435_437_flash.o
    0x08013900   0x08013900   0x00000034   Code   RO         2088    i.flash_operation_status_get  at32f435_437_flash.o
    0x08013934   0x08013934   0x00000024   Code   RO         2089    i.flash_operation_wait_for  at32f435_437_flash.o
    0x08013958   0x08013958   0x00000024   Code   RO         2100    i.flash_unlock      at32f435_437_flash.o
    0x0801397c   0x0801397c   0x000000a4   Code   RO         2101    i.flash_user_system_data_erase  at32f435_437_flash.o
    0x08013a20   0x08013a20   0x0000000e   Code   RO         3114    i.getUint16data     scha16t.o
    0x08013a2e   0x08013a2e   0x00000004   Code   RO         1312    i.gpio_bits_reset   at32f435_437_gpio.o
    0x08013a32   0x08013a32   0x0000000a   Code   RO         1314    i.gpio_bits_write   at32f435_437_gpio.o
    0x08013a3c   0x08013a3c   0x00000014   Code   RO         1315    i.gpio_default_para_init  at32f435_437_gpio.o
    0x08013a50   0x08013a50   0x0000007a   Code   RO         1316    i.gpio_init         at32f435_437_gpio.o
    0x08013aca   0x08013aca   0x00000042   Code   RO         1321    i.gpio_pin_mux_config  at32f435_437_gpio.o
    0x08013b0c   0x08013b0c   0x00000060   Code   RO         2689    i.imu_task_init     imu_task.o
    0x08013b6c   0x08013b6c   0x00000030   Code   RO         3115    i.interval_us_get   scha16t.o
    0x08013b9c   0x08013b9c   0x0000014a   Code   RO         3430    i.inv_icm426xx_configure_fifo  icm426xxdriver_hl.o
    0x08013ce6   0x08013ce6   0x000000b8   Code   RO         3431    i.inv_icm426xx_configure_serial_interface  icm426xxdriver_hl.o
    0x08013d9e   0x08013d9e   0x00000036   Code   RO         3432    i.inv_icm426xx_configure_timestamp_resolution  icm426xxdriver_hl.o
    0x08013dd4   0x08013dd4   0x00000142   Code   RO         3434    i.inv_icm426xx_device_reset  icm426xxdriver_hl.o
    0x08013f16   0x08013f16   0x0000000a   Code   RO         3438    i.inv_icm426xx_disable_high_resolution_fifo  icm426xxdriver_hl.o
    0x08013f20   0x08013f20   0x00000092   Code   RO         3442    i.inv_icm426xx_enable_clkin_rtc  icm426xxdriver_hl.o
    0x08013fb2   0x08013fb2   0x000000ce   Code   RO         3452    i.inv_icm426xx_get_config_int1  icm426xxdriver_hl.o
    0x08014080   0x08014080   0x0000005e   Code   RO         3461    i.inv_icm426xx_init  icm426xxdriver_hl.o
    0x080140de   0x080140de   0x00000002   PAD
    0x080140e0   0x080140e0   0x000001dc   Code   RO         3462    i.inv_icm426xx_init_hardware_from_ui  icm426xxdriver_hl.o
    0x080142bc   0x080142bc   0x00000036   Code   RO         3269    i.inv_icm426xx_read_reg  icm42688.o
    0x080142f2   0x080142f2   0x000001b4   Code   RO         3470    i.inv_icm426xx_set_config_int1  icm426xxdriver_hl.o
    0x080144a6   0x080144a6   0x00000012   Code   RO         3475    i.inv_icm426xx_set_reg_bank  icm426xxdriver_hl.o
    0x080144b8   0x080144b8   0x00000018   Code   RO         3270    i.inv_icm426xx_sleep_us  icm42688.o
    0x080144d0   0x080144d0   0x00000036   Code   RO         3271    i.inv_icm426xx_write_reg  icm42688.o
    0x08014506   0x08014506   0x00000002   PAD
    0x08014508   0x08014508   0x00000034   Code   RO         3272    i.inv_io_hal_read_reg  icm42688.o
    0x0801453c   0x0801453c   0x00000034   Code   RO         3273    i.inv_io_hal_write_reg  icm42688.o
    0x08014570   0x08014570   0x00000094   Code   RO         3274    i.iotex_icm42605_init  icm42688.o
    0x08014604   0x08014604   0x0000015c   Code   RO          394    i.main              main.o
    0x08014760   0x08014760   0x0000000e   Code   RO         4079    i.main_thread_entry  components.o
    0x0801476e   0x0801476e   0x00000002   PAD
    0x08014770   0x08014770   0x000000c8   Code   RO         2406    i.nvic_irq_enable   at32f435_437_misc.o
    0x08014838   0x08014838   0x00000028   Code   RO         2408    i.nvic_priority_group_config  at32f435_437_misc.o
    0x08014860   0x08014860   0x00000078   Code   RO         4693    i.plug_holes        mem.o
    0x080148d8   0x080148d8   0x00000198   Code   RO         4518    i.print_number      kservice.o
    0x08014a70   0x08014a70   0x00000030   Code   RO         4080    i.rt_application_init  components.o
    0x08014aa0   0x08014aa0   0x0000001c   Code   RO         4081    i.rt_components_board_init  components.o
    0x08014abc   0x08014abc   0x0000001c   Code   RO         4082    i.rt_components_init  components.o
    0x08014ad8   0x08014ad8   0x00000020   Code   RO         4862    i.rt_enter_critical  scheduler.o
    0x08014af8   0x08014af8   0x0000003c   Code   RO         4863    i.rt_exit_critical  scheduler.o
    0x08014b34   0x08014b34   0x000000f8   Code   RO         4695    i.rt_free           mem.o
    0x08014c2c   0x08014c2c   0x00000008   Code   RO         5197    i.rt_heap_begin_get  board.o
    0x08014c34   0x08014c34   0x00000008   Code   RO         5198    i.rt_heap_end_get   board.o
    0x08014c3c   0x08014c3c   0x00000034   Code   RO         5199    i.rt_hw_board_init  board.o
    0x08014c70   0x08014c70   0x00000002   Code   RO         4521    i.rt_hw_console_output  kservice.o
    0x08014c72   0x08014c72   0x00000002   PAD
    0x08014c74   0x08014c74   0x00000224   Code   RO         4004    i.rt_hw_hard_fault_exception  cpuport.o
    0x08014e98   0x08014e98   0x00000050   Code   RO         4005    i.rt_hw_stack_init  cpuport.o
    0x08014ee8   0x08014ee8   0x00000034   Code   RO         4477    i.rt_interrupt_enter  irq.o
    0x08014f1c   0x08014f1c   0x00000034   Code   RO         4480    i.rt_interrupt_leave  irq.o
    0x08014f50   0x08014f50   0x00000014   Code   RO         4211    i.rt_ipc_list_resume  ipc.o
    0x08014f64   0x08014f64   0x00000032   Code   RO         4212    i.rt_ipc_list_resume_all  ipc.o
    0x08014f96   0x08014f96   0x0000006c   Code   RO         4213    i.rt_ipc_list_suspend  ipc.o
    0x08015002   0x08015002   0x00000010   Code   RO         4214    i.rt_ipc_object_init  ipc.o
    0x08015012   0x08015012   0x00000002   PAD
    0x08015014   0x08015014   0x00000030   Code   RO         4522    i.rt_kprintf        kservice.o
    0x08015044   0x08015044   0x00000006   Code   RO         4215    i.rt_list_init      ipc.o
    0x0801504a   0x0801504a   0x00000006   Code   RO         4864    i.rt_list_init      scheduler.o
    0x08015050   0x08015050   0x00000006   Code   RO         5077    i.rt_list_init      timer.o
    0x08015056   0x08015056   0x0000000e   Code   RO         4755    i.rt_list_insert_after  object.o
    0x08015064   0x08015064   0x0000000e   Code   RO         4935    i.rt_list_insert_after  thread.o
    0x08015072   0x08015072   0x0000000e   Code   RO         5078    i.rt_list_insert_after  timer.o
    0x08015080   0x08015080   0x0000000e   Code   RO         4216    i.rt_list_insert_before  ipc.o
    0x0801508e   0x0801508e   0x00000010   Code   RO         4217    i.rt_list_isempty   ipc.o
    0x0801509e   0x0801509e   0x00000010   Code   RO         5079    i.rt_list_isempty   timer.o
    0x080150ae   0x080150ae   0x00000012   Code   RO         4756    i.rt_list_remove    object.o
    0x080150c0   0x080150c0   0x00000012   Code   RO         4936    i.rt_list_remove    thread.o
    0x080150d2   0x080150d2   0x00000002   PAD
    0x080150d4   0x080150d4   0x00000188   Code   RO         4697    i.rt_malloc         mem.o
    0x0801525c   0x0801525c   0x00000052   Code   RO         4219    i.rt_mb_create      ipc.o
    0x080152ae   0x080152ae   0x00000002   PAD
    0x080152b0   0x080152b0   0x00000134   Code   RO         4223    i.rt_mb_recv        ipc.o
    0x080153e4   0x080153e4   0x00000012   Code   RO         4224    i.rt_mb_send        ipc.o
    0x080153f6   0x080153f6   0x00000002   PAD
    0x080153f8   0x080153f8   0x00000110   Code   RO         4225    i.rt_mb_send_wait   ipc.o
    0x08015508   0x08015508   0x0000007c   Code   RO         4526    i.rt_memcpy         kservice.o
    0x08015584   0x08015584   0x00000048   Code   RO         4528    i.rt_memset         kservice.o
    0x080155cc   0x080155cc   0x00000080   Code   RO         4227    i.rt_mq_create      ipc.o
    0x0801564c   0x0801564c   0x0000001c   Code   RO         4228    i.rt_mq_delete      ipc.o
    0x08015668   0x08015668   0x00000128   Code   RO         4231    i.rt_mq_recv        ipc.o
    0x08015790   0x08015790   0x000000a4   Code   RO         4232    i.rt_mq_send        ipc.o
    0x08015834   0x08015834   0x0000006c   Code   RO         4757    i.rt_object_allocate  object.o
    0x080158a0   0x080158a0   0x0000003c   Code   RO         4759    i.rt_object_delete  object.o
    0x080158dc   0x080158dc   0x00000034   Code   RO         4760    i.rt_object_detach  object.o
    0x08015910   0x08015910   0x00000028   Code   RO         4763    i.rt_object_get_information  object.o
    0x08015938   0x08015938   0x00000054   Code   RO         4765    i.rt_object_init    object.o
    0x0801598c   0x0801598c   0x00000012   Code   RO         4766    i.rt_object_is_systemobject  object.o
    0x0801599e   0x0801599e   0x00000002   PAD
    0x080159a0   0x080159a0   0x000000a8   Code   RO         4865    i.rt_schedule       scheduler.o
    0x08015a48   0x08015a48   0x00000050   Code   RO         4866    i.rt_schedule_insert_thread  scheduler.o
    0x08015a98   0x08015a98   0x00000054   Code   RO         4867    i.rt_schedule_remove_thread  scheduler.o
    0x08015aec   0x08015aec   0x00000026   Code   RO         4245    i.rt_sem_init       ipc.o
    0x08015b12   0x08015b12   0x00000002   PAD
    0x08015b14   0x08015b14   0x00000050   Code   RO         4246    i.rt_sem_release    ipc.o
    0x08015b64   0x08015b64   0x000000a0   Code   RO         4247    i.rt_sem_take       ipc.o
    0x08015c04   0x08015c04   0x000000b0   Code   RO         4530    i.rt_show_version   kservice.o
    0x08015cb4   0x08015cb4   0x00000012   Code   RO         4536    i.rt_strlen         kservice.o
    0x08015cc6   0x08015cc6   0x00000034   Code   RO         4538    i.rt_strncpy        kservice.o
    0x08015cfa   0x08015cfa   0x00000002   PAD
    0x08015cfc   0x08015cfc   0x000000f8   Code   RO         4701    i.rt_system_heap_init  mem.o
    0x08015df4   0x08015df4   0x0000004c   Code   RO         4869    i.rt_system_scheduler_init  scheduler.o
    0x08015e40   0x08015e40   0x00000030   Code   RO         4870    i.rt_system_scheduler_start  scheduler.o
    0x08015e70   0x08015e70   0x0000001c   Code   RO         5080    i.rt_system_timer_init  timer.o
    0x08015e8c   0x08015e8c   0x00000002   Code   RO         5081    i.rt_system_timer_thread_init  timer.o
    0x08015e8e   0x08015e8e   0x00000050   Code   RO         4938    i.rt_thread_create  thread.o
    0x08015ede   0x08015ede   0x0000000c   Code   RO         4939    i.rt_thread_delay   thread.o
    0x08015eea   0x08015eea   0x00000002   PAD
    0x08015eec   0x08015eec   0x00000054   Code   RO         4942    i.rt_thread_exit    thread.o
    0x08015f40   0x08015f40   0x00000028   Code   RO         4154    i.rt_thread_idle_entry  idle.o
    0x08015f68   0x08015f68   0x00000084   Code   RO         4155    i.rt_thread_idle_excute  idle.o
    0x08015fec   0x08015fec   0x0000003c   Code   RO         4157    i.rt_thread_idle_init  idle.o
    0x08016028   0x08016028   0x00000034   Code   RO         4944    i.rt_thread_init    thread.o
    0x0801605c   0x0801605c   0x00000014   Code   RO         4946    i.rt_thread_mdelay  thread.o
    0x08016070   0x08016070   0x00000054   Code   RO         4947    i.rt_thread_resume  thread.o
    0x080160c4   0x080160c4   0x0000000c   Code   RO         4949    i.rt_thread_self    thread.o
    0x080160d0   0x080160d0   0x00000044   Code   RO         4950    i.rt_thread_sleep   thread.o
    0x08016114   0x08016114   0x0000002c   Code   RO         4951    i.rt_thread_startup  thread.o
    0x08016140   0x08016140   0x0000005c   Code   RO         4952    i.rt_thread_suspend  thread.o
    0x0801619c   0x0801619c   0x00000020   Code   RO         4954    i.rt_thread_timeout  thread.o
    0x080161bc   0x080161bc   0x00000064   Code   RO         4955    i.rt_thread_yield   thread.o
    0x08016220   0x08016220   0x00000020   Code   RO         4041    i.rt_tick_from_millisecond  clock.o
    0x08016240   0x08016240   0x0000000c   Code   RO         4042    i.rt_tick_get       clock.o
    0x0801624c   0x0801624c   0x00000030   Code   RO         4043    i.rt_tick_increase  clock.o
    0x0801627c   0x0801627c   0x000000a8   Code   RO         5082    i.rt_timer_check    timer.o
    0x08016324   0x08016324   0x00000038   Code   RO         5083    i.rt_timer_control  timer.o
    0x0801635c   0x0801635c   0x00000020   Code   RO         5086    i.rt_timer_detach   timer.o
    0x0801637c   0x0801637c   0x0000002e   Code   RO         5089    i.rt_timer_init     timer.o
    0x080163aa   0x080163aa   0x00000002   PAD
    0x080163ac   0x080163ac   0x0000010c   Code   RO         5092    i.rt_timer_start    timer.o
    0x080164b8   0x080164b8   0x00000048   Code   RO         5093    i.rt_timer_stop     timer.o
    0x08016500   0x08016500   0x00000328   Code   RO         4541    i.rt_vsnprintf      kservice.o
    0x08016828   0x08016828   0x00000004   Code   RO         4083    i.rti_board_end     components.o
    0x0801682c   0x0801682c   0x00000004   Code   RO         4084    i.rti_board_start   components.o
    0x08016830   0x08016830   0x00000004   Code   RO         4085    i.rti_end           components.o
    0x08016834   0x08016834   0x00000004   Code   RO         4086    i.rti_start         components.o
    0x08016838   0x08016838   0x0000003c   Code   RO         2812    i.rtio_acquire      rtio.o
    0x08016874   0x08016874   0x00000050   Code   RO         2813    i.rtio_pool_init    rtio.o
    0x080168c4   0x080168c4   0x00000030   Code   RO         2814    i.rtio_release      rtio.o
    0x080168f4   0x080168f4   0x00000044   Code   RO         2815    i.rtio_sq_pop       rtio.o
    0x08016938   0x08016938   0x00000034   Code   RO         2816    i.rtio_submit_sq    rtio.o
    0x0801696c   0x0801696c   0x0000002a   Code   RO         4087    i.rtthread_startup  components.o
    0x08016996   0x08016996   0x00000002   PAD
    0x08016998   0x08016998   0x000000b4   Code   RO         2470    i.scfg_exint_line_config  at32f435_437_scfg.o
    0x08016a4c   0x08016a4c   0x00000026   Code   RO         4543    i.skip_atoi         kservice.o
    0x08016a72   0x08016a72   0x00000016   Code   RO         1734    i.spi_default_para_init  at32f435_437_spi.o
    0x08016a88   0x08016a88   0x0000000a   Code   RO         1735    i.spi_enable        at32f435_437_spi.o
    0x08016a92   0x08016a92   0x0000000a   Code   RO         1741    i.spi_i2s_dma_receiver_enable  at32f435_437_spi.o
    0x08016a9c   0x08016a9c   0x0000000a   Code   RO         1742    i.spi_i2s_dma_transmitter_enable  at32f435_437_spi.o
    0x08016aa6   0x08016aa6   0x00000158   Code   RO         1748    i.spi_init          at32f435_437_spi.o
    0x08016bfe   0x08016bfe   0x00000002   PAD
    0x08016c00   0x08016c00   0x000000f4   Code   RO         2537    i.system_core_clock_update  system_at32f435_437.o
    0x08016cf4   0x08016cf4   0x00000028   Code   RO         2411    i.systick_clock_source_config  at32f435_437_misc.o
    0x08016d1c   0x08016d1c   0x00000044   Code   RO          483    i.systick_interrupt_config  wk_system.o
    0x08016d60   0x08016d60   0x00000014   Code   RO          395    i.thread_init       main.o
    0x08016d74   0x08016d74   0x0000001c   Code   RO          946    i.tmr_32_bit_function_enable  at32f435_437_tmr.o
    0x08016d90   0x08016d90   0x00000010   Code   RO          947    i.tmr_base_init     at32f435_437_tmr.o
    0x08016da0   0x08016da0   0x00000048   Code   RO          948    i.tmr_brkdt_config  at32f435_437_tmr.o
    0x08016de8   0x08016de8   0x0000002e   Code   RO          955    i.tmr_channel_value_set  at32f435_437_tmr.o
    0x08016e16   0x08016e16   0x0000000a   Code   RO          956    i.tmr_clock_source_div_set  at32f435_437_tmr.o
    0x08016e20   0x08016e20   0x0000000a   Code   RO          957    i.tmr_cnt_dir_set   at32f435_437_tmr.o
    0x08016e2a   0x08016e2a   0x0000000a   Code   RO          958    i.tmr_counter_enable  at32f435_437_tmr.o
    0x08016e34   0x08016e34   0x0000004c   Code   RO          983    i.tmr_output_channel_buffer_enable  at32f435_437_tmr.o
    0x08016e80   0x08016e80   0x000001b2   Code   RO          984    i.tmr_output_channel_config  at32f435_437_tmr.o
    0x08017032   0x08017032   0x0000004c   Code   RO          985    i.tmr_output_channel_immediately_set  at32f435_437_tmr.o
    0x0801707e   0x0801707e   0x0000000a   Code   RO          990    i.tmr_output_enable  at32f435_437_tmr.o
    0x08017088   0x08017088   0x0000000a   Code   RO          993    i.tmr_period_buffer_enable  at32f435_437_tmr.o
    0x08017092   0x08017092   0x0000000a   Code   RO          996    i.tmr_primary_mode_select  at32f435_437_tmr.o
    0x0801709c   0x0801709c   0x0000000a   Code   RO          998    i.tmr_repetition_counter_set  at32f435_437_tmr.o
    0x080170a6   0x080170a6   0x0000000a   Code   RO         1001    i.tmr_sub_sync_mode_set  at32f435_437_tmr.o
    0x080170b0   0x080170b0   0x0000000a   Code   RO         1421    i.usart_dma_receiver_enable  at32f435_437_usart.o
    0x080170ba   0x080170ba   0x0000000a   Code   RO         1422    i.usart_dma_transmitter_enable  at32f435_437_usart.o
    0x080170c4   0x080170c4   0x0000000a   Code   RO         1423    i.usart_enable      at32f435_437_usart.o
    0x080170ce   0x080170ce   0x00000066   Code   RO         1426    i.usart_hardware_flow_control_set  at32f435_437_usart.o
    0x08017134   0x08017134   0x000000ac   Code   RO         1428    i.usart_init        at32f435_437_usart.o
    0x080171e0   0x080171e0   0x0000004c   Code   RO         1435    i.usart_parity_selection_config  at32f435_437_usart.o
    0x0801722c   0x0801722c   0x0000000a   Code   RO         1436    i.usart_receiver_enable  at32f435_437_usart.o
    0x08017236   0x08017236   0x0000000a   Code   RO         1446    i.usart_transmitter_enable  at32f435_437_usart.o
    0x08017240   0x08017240   0x00000058   Code   RO          531    i.wk_dma1_channel1_init  wk_dma.o
    0x08017298   0x08017298   0x00000064   Code   RO          532    i.wk_dma1_channel2_init  wk_dma.o
    0x080172fc   0x080172fc   0x00000064   Code   RO          533    i.wk_dma1_channel5_init  wk_dma.o
    0x08017360   0x08017360   0x00000068   Code   RO          534    i.wk_dma1_channel6_init  wk_dma.o
    0x080173c8   0x080173c8   0x00000060   Code   RO          535    i.wk_dma2_channel4_init  wk_dma.o
    0x08017428   0x08017428   0x00000064   Code   RO          536    i.wk_dma2_channel5_init  wk_dma.o
    0x0801748c   0x0801748c   0x00000008   Code   RO          537    i.wk_dma_channel_config  wk_dma.o
    0x08017494   0x08017494   0x00000054   Code   RO          633    i.wk_exint_config   wk_exint.o
    0x080174e8   0x080174e8   0x00000040   Code   RO          687    i.wk_gpio_config    wk_gpio.o
    0x08017528   0x08017528   0x00000124   Code   RO          336    i.wk_nvic_config    at32f435_437_wk_config.o
    0x0801764c   0x0801764c   0x0000008c   Code   RO          337    i.wk_periph_clock_config  at32f435_437_wk_config.o
    0x080176d8   0x080176d8   0x000000f0   Code   RO          657    i.wk_spi1_init      wk_spi.o
    0x080177c8   0x080177c8   0x000000f4   Code   RO          658    i.wk_spi2_init      wk_spi.o
    0x080178bc   0x080178bc   0x000000c8   Code   RO          338    i.wk_system_clock_config  at32f435_437_wk_config.o
    0x08017984   0x08017984   0x00000104   Code   RO          591    i.wk_tmr1_init      wk_tmr.o
    0x08017a88   0x08017a88   0x00000060   Code   RO          592    i.wk_tmr2_init      wk_tmr.o
    0x08017ae8   0x08017ae8   0x00000058   Code   RO          593    i.wk_tmr4_init      wk_tmr.o
    0x08017b40   0x08017b40   0x00000050   Code   RO          594    i.wk_tmr5_init      wk_tmr.o
    0x08017b90   0x08017b90   0x000000b4   Code   RO          507    i.wk_usart1_init    wk_usart.o
    0x08017c44   0x08017c44   0x0000000a   Code   RO         5393    x$fpl$fpinit        fz_wm.l(fpinit.o)
    0x08017c4e   0x08017c4e   0x00000026   Data   RO          747    .constdata          at32f435_437_crm.o
    0x08017c74   0x08017c74   0x00000016   Data   RO         2538    .constdata          system_at32f435_437.o
    0x08017c8a   0x08017c8a   0x00000002   PAD
    0x08017c8c   0x08017c8c   0x0000000e   Data   RO         3477    .constdata          icm426xxdriver_hl.o
    0x08017c9a   0x08017c9a   0x00000002   PAD
    0x08017c9c   0x08017c9c   0x00000b00   Data   RO         3882    .constdata          verify_tool.o
    0x0801879c   0x0801879c   0x00000122   Data   RO         4545    .constdata          kservice.o
    0x080188be   0x080188be   0x00000002   PAD
    0x080188c0   0x080188c0   0x00000004   Data   RO         4088    .rti_fn.0           components.o
    0x080188c4   0x080188c4   0x00000004   Data   RO         4089    .rti_fn.0.end       components.o
    0x080188c8   0x080188c8   0x00000004   Data   RO         4090    .rti_fn.1.end       components.o
    0x080188cc   0x080188cc   0x00000004   Data   RO         4091    .rti_fn.6.end       components.o
    0x080188d0   0x080188d0   0x00000020   Data   RO         5449    Region$$Table       anon$$obj.o


    Execution Region ER_IROM2 (Exec base: 0x08060000, Load base: 0x080188f0, Size: 0x00000000, Max: 0x0009f800, ABSOLUTE)

    **** No section assigned to this execution region ****


    Execution Region RW_IRAM1 (Exec base: 0x20000000, Load base: 0x080188f0, Size: 0x00005d50, Max: 0x00040000, ABSOLUTE, COMPRESSED[0x00000048])

    Exec Addr    Load Addr    Size         Type   Attr      Idx    E Section Name        Object

    0x20000000   COMPRESSED   0x00000014   Data   RW           21    .data               at32f435_437_int.o
    0x20000014   COMPRESSED   0x00000001   Data   RW          396    .data               main.o
    0x20000015   COMPRESSED   0x00000003   PAD
    0x20000018   COMPRESSED   0x00000004   Data   RW         2539    .data               system_at32f435_437.o
    0x2000001c   COMPRESSED   0x00000008   Data   RW         2639    .data               fdilinkmanager.o
    0x20000024   COMPRESSED   0x00000008   Data   RW         2691    .data               imu_task.o
    0x2000002c   COMPRESSED   0x00000009   Data   RW         2749    .data               sensor.o
    0x20000035   COMPRESSED   0x00000003   PAD
    0x20000038   COMPRESSED   0x00000010   Data   RW         3012    .data               xv7001.o
    0x20000048   COMPRESSED   0x00000072   Data   RW         3117    .data               scha16t.o
    0x200000ba   COMPRESSED   0x00000006   PAD
    0x200000c0   COMPRESSED   0x00000036   Data   RW         3276    .data               icm42688.o
    0x200000f6   COMPRESSED   0x00000002   PAD
    0x200000f8   COMPRESSED   0x00000010   Data   RW         4006    .data               cpuport.o
    0x20000108   COMPRESSED   0x00000004   Data   RW         4045    .data               clock.o
    0x2000010c   COMPRESSED   0x00000009   Data   RW         4482    .data               irq.o
    0x20000115   COMPRESSED   0x00000003   PAD
    0x20000118   COMPRESSED   0x00000020   Data   RW         4703    .data               mem.o
    0x20000138   COMPRESSED   0x00000084   Data   RW         4771    .data               object.o
    0x200001bc   COMPRESSED   0x0000001c   Data   RW         4872    .data               scheduler.o
    0x200001d8   COMPRESSED   0x0000000c   Data   RW         4956    .data               thread.o
    0x200001e4   COMPRESSED   0x00000014   Data   RW         5094    .data               timer.o
    0x200001f8        -       0x00001028   Zero   RW         2638    .bss                fdilinkmanager.o
    0x20001220        -       0x00000be0   Zero   RW         2690    .bss                imu_task.o
    0x20001e00        -       0x000011c0   Zero   RW         2748    .bss                sensor.o
    0x20002fc0        -       0x000000be   Zero   RW         2881    .bss                lsm6dsr.o
    0x2000307e   COMPRESSED   0x00000002   PAD
    0x20003080        -       0x00000060   Zero   RW         3011    .bss                xv7001.o
    0x200030e0        -       0x000000d0   Zero   RW         3116    .bss                scha16t.o
    0x200031b0        -       0x00000a0c   Zero   RW         3275    .bss                icm42688.o
    0x20003bbc   COMPRESSED   0x00000004   PAD
    0x20003bc0        -       0x00000190   Zero   RW         4159    .bss                idle.o
    0x20003d50        -       0x00000080   Zero   RW         4544    .bss                kservice.o
    0x20003dd0        -       0x00000020   Zero   RW         4702    .bss                mem.o
    0x20003df0        -       0x00000100   Zero   RW         4871    .bss                scheduler.o
    0x20003ef0        -       0x00001800   Zero   RW         5200    .bss                board.o
    0x200056f0        -       0x00000060   Zero   RW         5309    .bss                c_w.l(libspace.o)
    0x20005750        -       0x00000200   Zero   RW         2527    HEAP                startup_at32f435_437.o
    0x20005950        -       0x00000400   Zero   RW         2526    STACK               startup_at32f435_437.o



  Load Region LR$$.ARM.__AT_0x08010000 (Base: 0x08010000, Size: 0x00000800, Max: 0x00000800, ABSOLUTE)

    Execution Region ER$$.ARM.__AT_0x08010000 (Exec base: 0x08010000, Load base: 0x08010000, Size: 0x00000800, Max: 0x00000800, ABSOLUTE, UNINIT)

    Exec Addr    Load Addr    Size         Type   Attr      Idx    E Section Name        Object

    0x08010000   0x08010000   0x00000800   Data   RO         3881    .ARM.__AT_0x08010000  verify_tool.o


==============================================================================

Image component sizes


      Code (inc. data)   RO Data    RW Data    ZI Data      Debug   Object Name

       918        110         38          0          0       8688   at32f435_437_crm.o
       362         30          0          0          0       5921   at32f435_437_dma.o
       178         10          0          0          0       2170   at32f435_437_exint.o
       484         72          0          0          0       5489   at32f435_437_flash.o
       222          0          0          0          0       3691   at32f435_437_gpio.o
       808        132          0         20          0     146787   at32f435_437_int.o
       280         18          0          0          0      32680   at32f435_437_misc.o
       180          4          0          0          0        705   at32f435_437_scfg.o
       396          0          0          0          0       3531   at32f435_437_spi.o
       828         38          0          0          0      10276   at32f435_437_tmr.o
       400         10          0          0          0       5680   at32f435_437_usart.o
       752         44          0          0          0      33450   at32f435_437_wk_config.o
       132         16          0          0       6144       3435   board.o
        92         12          0          4          0       1956   clock.o
       190         30         16          0          0       6592   components.o
       308         26          0          0          0        944   context_rvds.o
       628        342          0         16          0       4354   cpuport.o
       106          0          0          0          0       2471   fdilink.o
       544         96          0          8       4136       5894   fdilinkmanager.o
      2326        388          0         54       2572      19769   icm42688.o
      2276          4         14          0          0      13466   icm426xxdriver_hl.o
       252         34          0          0        400       6126   idle.o
      1192         62          0          8       3040      13967   imu_task.o
      1804         40          0          0          0      17132   ipc.o
       104         20          0          9          0       1886   irq.o
      1822        164        290          0        128      10951   kservice.o
       380         16          0          0        190      23180   lsm6dsr.o
       454         44          0          1          0      32509   main.o
      1008        234          0         32         32       4340   mem.o
       394         26          0        132          0       9252   object.o
       256          0          0          0          0       4098   queue.o
       308          0          0          0          0       3738   rtio.o
      2544        144          0        114        208      21101   scha16t.o
       554         90          0         28        256       9238   scheduler.o
       458        126          0          9       4544       4428   sensor.o
        60          0          0          0          0       1262   spi_serve.o
        80         34        524          0       1536        828   startup_at32f435_437.o
       392         52         22          4          0       2280   system_at32f435_437.o
       868         54          0         12          0      14521   thread.o
       820         36          0         20          0      12453   timer.o
        80         10       4864          0          0       3017   verify_tool.o
       596         32          0          0          0       4524   wk_dma.o
        84          4          0          0          0        614   wk_exint.o
        64          6          0          0          0        537   wk_gpio.o
       484         24          0          0          0       1334   wk_spi.o
        68          0          0          0          0        771   wk_system.o
       524         20          0          0          0       2256   wk_tmr.o
       180          8          0          0          0        601   wk_usart.o
        80         12          0         16         96       3476   xv7001.o

    ----------------------------------------------------------------------
     28374       2674       5806        504      23288     528369   Object Totals
         0          0         32          0          0          0   (incl. Generated)
        54          0          6         17          6          0   (incl. Padding)

    ----------------------------------------------------------------------

      Code (inc. data)   RO Data    RW Data    ZI Data      Debug   Library Member Name

        90          0          0          0          0          0   __dczerorl2.o
         8          0          0          0          0         68   __main.o
         0          0          0          0          0          0   __rtentry.o
        12          0          0          0          0          0   __rtentry2.o
         6          0          0          0          0          0   __rtentry4.o
        52          8          0          0          0          0   __scatter.o
        28          0          0          0          0          0   __scatter_zi.o
        18          0          0          0          0         80   exit.o
         6          0          0          0          0        152   heapauxi.o
         0          0          0          0          0          0   indicate_semi.o
         2          0          0          0          0          0   libinit.o
         6          0          0          0          0          0   libinit2.o
         2          0          0          0          0          0   libshutdown.o
         2          0          0          0          0          0   libshutdown2.o
         8          4          0          0         96         68   libspace.o
       238          0          0          0          0        100   lludivv7m.o
        38          0          0          0          0         68   llushr.o
        68          0          0          0          0         68   rt_memclr.o
        78          0          0          0          0         80   rt_memclr_w.o
       100          0          0          0          0         80   rt_memcpy_w.o
         2          0          0          0          0          0   rtexit.o
        10          0          0          0          0          0   rtexit2.o
        12          4          0          0          0         68   sys_exit.o
        74          0          0          0          0         80   sys_stackheap_outer.o
         2          0          0          0          0         68   use_no_semi.o
        10          0          0          0          0        116   fpinit.o

    ----------------------------------------------------------------------
       876         16          0          0         96       1096   Library Totals
         4          0          0          0          0          0   (incl. Padding)

    ----------------------------------------------------------------------

      Code (inc. data)   RO Data    RW Data    ZI Data      Debug   Library Name

       862         16          0          0         96        980   c_w.l
        10          0          0          0          0        116   fz_wm.l

    ----------------------------------------------------------------------
       876         16          0          0         96       1096   Library Totals

    ----------------------------------------------------------------------

==============================================================================


      Code (inc. data)   RO Data    RW Data    ZI Data      Debug   

     29250       2690       5806        504      23384     499649   Grand Totals
     29250       2690       5806         72      23384     499649   ELF Image Totals (compressed)
     29250       2690       5806         72          0          0   ROM Totals

==============================================================================

    Total RO  Size (Code + RO Data)                35056 (  34.23kB)
    Total RW  Size (RW Data + ZI Data)             23888 (  23.33kB)
    Total ROM Size (Code + RO Data + RW Data)      35128 (  34.30kB)

==============================================================================

