


ARM Macro Assembler    Page 1 


    1 00000000         ;*******************************************************
                       *******************
    2 00000000         ;* @file     startup_at32f435_437.s
    3 00000000         ;* @brief    at32f435_437 startup file for keil
    4 00000000         ;* <<< Use Configuration Wizard in Context Menu >>>  
    5 00000000         ;*******************************************************
                       *******************
    6 00000000         ;
    7 00000000         
    8 00000000         ; Amount of memory (in bytes) allocated for Stack
    9 00000000         ; Tailor this value to your application needs
   10 00000000         ; <h> Stack Configuration
   11 00000000         ;   <o> Stack Size (in Bytes) <0x0-0xFFFFFFFF:8>
   12 00000000         ; </h>
   13 00000000         
   14 00000000 00000400 
                       Stack_Size
                               EQU              0x00000400
   15 00000000         
   16 00000000                 AREA             STACK, NOINIT, READWRITE, ALIGN
=3
   17 00000000         Stack_Mem
                               SPACE            Stack_Size
   18 00000400         __initial_sp
   19 00000400         
   20 00000400         ; <h> Heap Configuration
   21 00000400         ;   <o>  Heap Size (in Bytes) <0x0-0xFFFFFFFF:8>
   22 00000400         ; </h>
   23 00000400         
   24 00000400 00000200 
                       Heap_Size
                               EQU              0x00000200
   25 00000400         
   26 00000400                 AREA             HEAP, NOINIT, READWRITE, ALIGN=
3
   27 00000000         __heap_base
   28 00000000         Heap_Mem
                               SPACE            Heap_Size
   29 00000200         __heap_limit
   30 00000200         
   31 00000200                 PRESERVE8
   32 00000200                 THUMB
   33 00000200         
   34 00000200         
   35 00000200         ; Vector Table Mapped to Address 0 at Reset
   36 00000200                 AREA             RESET, DATA, READONLY
   37 00000000                 EXPORT           __Vectors
   38 00000000                 EXPORT           __Vectors_End
   39 00000000                 EXPORT           __Vectors_Size
   40 00000000         
   41 00000000 00000000 
                       __Vectors
                               DCD              __initial_sp ; Top of Stack
   42 00000004 00000000        DCD              Reset_Handler ; Reset Handler
   43 00000008 00000000        DCD              NMI_Handler ; NMI Handler
   44 0000000C 00000000        DCD              HardFault_Handler ; Hard Fault 
                                                            Handler
   45 00000010 00000000        DCD              MemManage_Handler 
                                                            ; MPU Fault Handler



ARM Macro Assembler    Page 2 


                                                            
   46 00000014 00000000        DCD              BusFault_Handler 
                                                            ; Bus Fault Handler
                                                            
   47 00000018 00000000        DCD              UsageFault_Handler ; Usage Faul
                                                            t Handler
   48 0000001C 00000000        DCD              0           ; Reserved
   49 00000020 00000000        DCD              0           ; Reserved
   50 00000024 00000000        DCD              0           ; Reserved
   51 00000028 00000000        DCD              0           ; Reserved
   52 0000002C 00000000        DCD              SVC_Handler ; SVCall Handler
   53 00000030 00000000        DCD              DebugMon_Handler ; Debug Monito
                                                            r Handler
   54 00000034 00000000        DCD              0           ; Reserved
   55 00000038 00000000        DCD              PendSV_Handler ; PendSV Handler
                                                            
   56 0000003C 00000000        DCD              SysTick_Handler 
                                                            ; SysTick Handler
   57 00000040         
   58 00000040         ; External Interrupts
   59 00000040 00000000        DCD              WWDT_IRQHandler ; Window Watchd
                                                            og Timer
   60 00000044 00000000        DCD              PVM_IRQHandler ; PVM through EX
                                                            INT Line detect
   61 00000048 00000000        DCD              TAMP_STAMP_IRQHandler ; Tamper 
                                                            and TimeStamps thro
                                                            ugh the EXINT line
   62 0000004C 00000000        DCD              ERTC_WKUP_IRQHandler ; ERTC Wak
                                                            eup through the EXI
                                                            NT line
   63 00000050 00000000        DCD              FLASH_IRQHandler ; Flash
   64 00000054 00000000        DCD              CRM_IRQHandler ; CRM
   65 00000058 00000000        DCD              EXINT0_IRQHandler 
                                                            ; EXINT Line 0
   66 0000005C 00000000        DCD              EXINT1_IRQHandler 
                                                            ; EXINT Line 1
   67 00000060 00000000        DCD              EXINT2_IRQHandler 
                                                            ; EXINT Line 2
   68 00000064 00000000        DCD              EXINT3_IRQHandler 
                                                            ; EXINT Line 3
   69 00000068 00000000        DCD              EXINT4_IRQHandler 
                                                            ; EXINT Line 4
   70 0000006C 00000000        DCD              EDMA_Stream1_IRQHandler 
                                                            ; EDMA Stream 1
   71 00000070 00000000        DCD              EDMA_Stream2_IRQHandler 
                                                            ; EDMA Stream 2
   72 00000074 00000000        DCD              EDMA_Stream3_IRQHandler 
                                                            ; EDMA Stream 3
   73 00000078 00000000        DCD              EDMA_Stream4_IRQHandler 
                                                            ; EDMA Stream 4
   74 0000007C 00000000        DCD              EDMA_Stream5_IRQHandler 
                                                            ; EDMA Stream 5
   75 00000080 00000000        DCD              EDMA_Stream6_IRQHandler 
                                                            ; EDMA Stream 6
   76 00000084 00000000        DCD              EDMA_Stream7_IRQHandler 
                                                            ; EDMA Stream 7
   77 00000088 00000000        DCD              ADC1_2_3_IRQHandler ; ADC1 & AD
                                                            C2 & ADC3
   78 0000008C 00000000        DCD              CAN1_TX_IRQHandler ; CAN1 TX



ARM Macro Assembler    Page 3 


   79 00000090 00000000        DCD              CAN1_RX0_IRQHandler ; CAN1 RX0
   80 00000094 00000000        DCD              CAN1_RX1_IRQHandler ; CAN1 RX1
   81 00000098 00000000        DCD              CAN1_SE_IRQHandler ; CAN1 SE
   82 0000009C 00000000        DCD              EXINT9_5_IRQHandler 
                                                            ; EXINT Line [9:5]
   83 000000A0 00000000        DCD              TMR1_BRK_TMR9_IRQHandler ; TMR1
                                                             Brake and TMR9
   84 000000A4 00000000        DCD              TMR1_OVF_TMR10_IRQHandler ; TMR
                                                            1 Overflow and TMR1
                                                            0
   85 000000A8 00000000        DCD              TMR1_TRG_HALL_TMR11_IRQHandler 
                                                            ; TMR1 Trigger and 
                                                            hall and TMR11
   86 000000AC 00000000        DCD              TMR1_CH_IRQHandler 
                                                            ; TMR1 Channel
   87 000000B0 00000000        DCD              TMR2_GLOBAL_IRQHandler ; TMR2
   88 000000B4 00000000        DCD              TMR3_GLOBAL_IRQHandler ; TMR3
   89 000000B8 00000000        DCD              TMR4_GLOBAL_IRQHandler ; TMR4
   90 000000BC 00000000        DCD              I2C1_EVT_IRQHandler 
                                                            ; I2C1 Event
   91 000000C0 00000000        DCD              I2C1_ERR_IRQHandler 
                                                            ; I2C1 Error
   92 000000C4 00000000        DCD              I2C2_EVT_IRQHandler 
                                                            ; I2C2 Event
   93 000000C8 00000000        DCD              I2C2_ERR_IRQHandler 
                                                            ; I2C2 Error
   94 000000CC 00000000        DCD              SPI1_IRQHandler ; SPI1
   95 000000D0 00000000        DCD              SPI2_I2S2EXT_IRQHandler ; SPI2
   96 000000D4 00000000        DCD              USART1_IRQHandler ; USART1
   97 000000D8 00000000        DCD              USART2_IRQHandler ; USART2
   98 000000DC 00000000        DCD              USART3_IRQHandler ; USART3
   99 000000E0 00000000        DCD              EXINT15_10_IRQHandler ; EXINT L
                                                            ine [15:10]
  100 000000E4 00000000        DCD              ERTCAlarm_IRQHandler ; RTC Alar
                                                            m through EXINT Lin
                                                            e
  101 000000E8 00000000        DCD              OTGFS1_WKUP_IRQHandler ; OTGFS1
                                                             Wakeup from suspen
                                                            d
  102 000000EC 00000000        DCD              TMR8_BRK_TMR12_IRQHandler ; TMR
                                                            8 Brake and TMR12
  103 000000F0 00000000        DCD              TMR8_OVF_TMR13_IRQHandler ; TMR
                                                            8 Overflow and TMR1
                                                            3
  104 000000F4 00000000        DCD              TMR8_TRG_HALL_TMR14_IRQHandler 
                                                            ; TMR8 Trigger and 
                                                            hall and TMR14
  105 000000F8 00000000        DCD              TMR8_CH_IRQHandler 
                                                            ; TMR8 Channel
  106 000000FC 00000000        DCD              EDMA_Stream8_IRQHandler 
                                                            ; EDMA Stream 8
  107 00000100 00000000        DCD              XMC_IRQHandler ; XMC
  108 00000104 00000000        DCD              SDIO1_IRQHandler ; SDIO1
  109 00000108 00000000        DCD              TMR5_GLOBAL_IRQHandler ; TMR5
  110 0000010C 00000000        DCD              SPI3_I2S3EXT_IRQHandler ; SPI3
  111 00000110 00000000        DCD              UART4_IRQHandler ; UART4
  112 00000114 00000000        DCD              UART5_IRQHandler ; UART5
  113 00000118 00000000        DCD              TMR6_DAC_GLOBAL_IRQHandler 
                                                            ; TMR6 & DAC



ARM Macro Assembler    Page 4 


  114 0000011C 00000000        DCD              TMR7_GLOBAL_IRQHandler ; TMR7
  115 00000120 00000000        DCD              DMA1_Channel1_IRQHandler 
                                                            ; DMA1 Channel 1
  116 00000124 00000000        DCD              DMA1_Channel2_IRQHandler 
                                                            ; DMA1 Channel 2
  117 00000128 00000000        DCD              DMA1_Channel3_IRQHandler 
                                                            ; DMA1 Channel 3
  118 0000012C 00000000        DCD              DMA1_Channel4_IRQHandler 
                                                            ; DMA1 Channel 4
  119 00000130 00000000        DCD              DMA1_Channel5_IRQHandler 
                                                            ; DMA1 Channel 5
  120 00000134 00000000        DCD              EMAC_IRQHandler ; EMAC
  121 00000138 00000000        DCD              EMAC_WKUP_IRQHandler 
                                                            ; EMAC Wakeup
  122 0000013C 00000000        DCD              CAN2_TX_IRQHandler ; CAN2 TX
  123 00000140 00000000        DCD              CAN2_RX0_IRQHandler ; CAN2 RX0
  124 00000144 00000000        DCD              CAN2_RX1_IRQHandler ; CAN2 RX1
  125 00000148 00000000        DCD              CAN2_SE_IRQHandler ; CAN2 SE
  126 0000014C 00000000        DCD              OTGFS1_IRQHandler ; OTGFS1
  127 00000150 00000000        DCD              DMA1_Channel6_IRQHandler 
                                                            ; DMA1 Channel 6
  128 00000154 00000000        DCD              DMA1_Channel7_IRQHandler 
                                                            ; DMA1 Channel 7
  129 00000158 00000000        DCD              0           ; Reserved
  130 0000015C 00000000        DCD              USART6_IRQHandler ; USART6
  131 00000160 00000000        DCD              I2C3_EVT_IRQHandler 
                                                            ; I2C3 Event
  132 00000164 00000000        DCD              I2C3_ERR_IRQHandler 
                                                            ; I2C3 Error
  133 00000168 00000000        DCD              0           ; Reserved
  134 0000016C 00000000        DCD              0           ; Reserved
  135 00000170 00000000        DCD              OTGFS2_WKUP_IRQHandler ; OTGFS2
                                                             Wakeup from suspen
                                                            d
  136 00000174 00000000        DCD              OTGFS2_IRQHandler ; OTGFS2
  137 00000178 00000000        DCD              DVP_IRQHandler ; DVP
  138 0000017C 00000000        DCD              0           ; Reserved
  139 00000180 00000000        DCD              0           ; Reserved
  140 00000184 00000000        DCD              FPU_IRQHandler ; FPU
  141 00000188 00000000        DCD              UART7_IRQHandler ; UART7
  142 0000018C 00000000        DCD              UART8_IRQHandler ; UART8
  143 00000190 00000000        DCD              SPI4_IRQHandler ; SPI4
  144 00000194 00000000        DCD              0           ; Reserved
  145 00000198 00000000        DCD              0           ; Reserved
  146 0000019C 00000000        DCD              0           ; Reserved
  147 000001A0 00000000        DCD              0           ; Reserved
  148 000001A4 00000000        DCD              0           ; Reserved
  149 000001A8 00000000        DCD              0           ; Reserved
  150 000001AC 00000000        DCD              QSPI2_IRQHandler ; QSPI2
  151 000001B0 00000000        DCD              QSPI1_IRQHandler ; QSPI1
  152 000001B4 00000000        DCD              0           ; Reserved
  153 000001B8 00000000        DCD              DMAMUX_IRQHandler ; Reserved
  154 000001BC 00000000        DCD              0           ; Reserved
  155 000001C0 00000000        DCD              0           ; Reserved
  156 000001C4 00000000        DCD              0           ; Reserved
  157 000001C8 00000000        DCD              0           ; Reserved
  158 000001CC 00000000        DCD              0           ; Reserved
  159 000001D0 00000000        DCD              0           ; Reserved
  160 000001D4 00000000        DCD              0           ; Reserved



ARM Macro Assembler    Page 5 


  161 000001D8 00000000        DCD              SDIO2_IRQHandler ; SDIO2
  162 000001DC 00000000        DCD              ACC_IRQHandler ; ACC
  163 000001E0 00000000        DCD              TMR20_BRK_IRQHandler 
                                                            ; TMR20 Brake
  164 000001E4 00000000        DCD              TMR20_OVF_IRQHandler 
                                                            ; TMR20 Overflow
  165 000001E8 00000000        DCD              TMR20_TRG_HALL_IRQHandler ; TMR
                                                            20 Trigger and hall
                                                            
  166 000001EC 00000000        DCD              TMR20_CH_IRQHandler 
                                                            ; TMR20 Channel
  167 000001F0 00000000        DCD              DMA2_Channel1_IRQHandler 
                                                            ; DMA2 Channel 1
  168 000001F4 00000000        DCD              DMA2_Channel2_IRQHandler 
                                                            ; DMA2 Channel 2
  169 000001F8 00000000        DCD              DMA2_Channel3_IRQHandler 
                                                            ; DMA2 Channel 3
  170 000001FC 00000000        DCD              DMA2_Channel4_IRQHandler 
                                                            ; DMA2 Channel 4
  171 00000200 00000000        DCD              DMA2_Channel5_IRQHandler 
                                                            ; DMA2 Channel 5
  172 00000204 00000000        DCD              DMA2_Channel6_IRQHandler 
                                                            ; DMA2 Channel 6
  173 00000208 00000000        DCD              DMA2_Channel7_IRQHandler 
                                                            ; DMA2 Channel 7
  174 0000020C         __Vectors_End
  175 0000020C         
  176 0000020C 0000020C 
                       __Vectors_Size
                               EQU              __Vectors_End - __Vectors
  177 0000020C         
  178 0000020C                 AREA             |.text|, CODE, READONLY
  179 00000000         
  180 00000000         ; Reset handler
  181 00000000         Reset_Handler
                               PROC
  182 00000000                 EXPORT           Reset_Handler                  
     [WEAK]
  183 00000000                 IMPORT           __main
  184 00000000                 IMPORT           SystemInit
  185 00000000                 IMPORT           FDI_Flash_EOPB0_Set
  186 00000000         
  187 00000000 480B            LDR              R0,=0x20040000 ;±£Ö¤Ö÷Õ»ÔÚÒ»¸ö°
                                                            ²È«µÄÎ»ÖÃ
  188 00000002 4685            MOV              SP,R0
  189 00000004         
  190 00000004 480B            LDR              R0,=FDI_Flash_EOPB0_Set
  191 00000006 4780            BLX              R0
  192 00000008 480B            LDR              R0, =SystemInit
  193 0000000A 4780            BLX              R0
  194 0000000C 480B            LDR              R0, =__main
  195 0000000E 4700            BX               R0
  196 00000010                 ENDP
  197 00000010         
  198 00000010         ; Dummy Exception Handlers (infinite loops which can be 
                       modified)
  199 00000010         
  200 00000010         NMI_Handler
                               PROC



ARM Macro Assembler    Page 6 


  201 00000010                 EXPORT           NMI_Handler                    
     [WEAK]
  202 00000010 E7FE            B                .
  203 00000012                 ENDP
  205 00000012         HardFault_Handler
                               PROC
  206 00000012                 EXPORT           HardFault_Handler              
     [WEAK]
  207 00000012 E7FE            B                .
  208 00000014                 ENDP
  210 00000014         MemManage_Handler
                               PROC
  211 00000014                 EXPORT           MemManage_Handler              
     [WEAK]
  212 00000014 E7FE            B                .
  213 00000016                 ENDP
  215 00000016         BusFault_Handler
                               PROC
  216 00000016                 EXPORT           BusFault_Handler               
     [WEAK]
  217 00000016 E7FE            B                .
  218 00000018                 ENDP
  220 00000018         UsageFault_Handler
                               PROC
  221 00000018                 EXPORT           UsageFault_Handler             
     [WEAK]
  222 00000018 E7FE            B                .
  223 0000001A                 ENDP
  224 0000001A         SVC_Handler
                               PROC
  225 0000001A                 EXPORT           SVC_Handler                    
     [WEAK]
  226 0000001A E7FE            B                .
  227 0000001C                 ENDP
  229 0000001C         DebugMon_Handler
                               PROC
  230 0000001C                 EXPORT           DebugMon_Handler               
     [WEAK]
  231 0000001C E7FE            B                .
  232 0000001E                 ENDP
  233 0000001E         PendSV_Handler
                               PROC
  234 0000001E                 EXPORT           PendSV_Handler                 
     [WEAK]
  235 0000001E E7FE            B                .
  236 00000020                 ENDP
  237 00000020         SysTick_Handler
                               PROC
  238 00000020                 EXPORT           SysTick_Handler                
     [WEAK]
  239 00000020 E7FE            B                .
  240 00000022                 ENDP
  241 00000022         
  242 00000022         Default_Handler
                               PROC
  243 00000022                 EXPORT           WWDT_IRQHandler                
     [WEAK]
  244 00000022                 EXPORT           PVM_IRQHandler                 
     [WEAK]



ARM Macro Assembler    Page 7 


  245 00000022                 EXPORT           TAMP_STAMP_IRQHandler          
     [WEAK]
  246 00000022                 EXPORT           ERTC_WKUP_IRQHandler           
     [WEAK]
  247 00000022                 EXPORT           FLASH_IRQHandler               
     [WEAK]
  248 00000022                 EXPORT           CRM_IRQHandler                 
     [WEAK]
  249 00000022                 EXPORT           EXINT0_IRQHandler              
     [WEAK]
  250 00000022                 EXPORT           EXINT1_IRQHandler              
     [WEAK]
  251 00000022                 EXPORT           EXINT2_IRQHandler              
     [WEAK]
  252 00000022                 EXPORT           EXINT3_IRQHandler              
     [WEAK]
  253 00000022                 EXPORT           EXINT4_IRQHandler              
     [WEAK]
  254 00000022                 EXPORT           EDMA_Stream1_IRQHandler        
     [WEAK]
  255 00000022                 EXPORT           EDMA_Stream2_IRQHandler        
     [WEAK]
  256 00000022                 EXPORT           EDMA_Stream3_IRQHandler        
     [WEAK]
  257 00000022                 EXPORT           EDMA_Stream4_IRQHandler        
     [WEAK]
  258 00000022                 EXPORT           EDMA_Stream5_IRQHandler        
     [WEAK]
  259 00000022                 EXPORT           EDMA_Stream6_IRQHandler        
     [WEAK]
  260 00000022                 EXPORT           EDMA_Stream7_IRQHandler        
     [WEAK]
  261 00000022                 EXPORT           ADC1_2_3_IRQHandler            
     [WEAK]
  262 00000022                 EXPORT           CAN1_TX_IRQHandler             
     [WEAK]
  263 00000022                 EXPORT           CAN1_RX0_IRQHandler            
     [WEAK]
  264 00000022                 EXPORT           CAN1_RX1_IRQHandler            
     [WEAK]
  265 00000022                 EXPORT           CAN1_SE_IRQHandler             
     [WEAK]
  266 00000022                 EXPORT           EXINT9_5_IRQHandler            
     [WEAK]
  267 00000022                 EXPORT           TMR1_BRK_TMR9_IRQHandler       
     [WEAK]
  268 00000022                 EXPORT           TMR1_OVF_TMR10_IRQHandler      
     [WEAK]
  269 00000022                 EXPORT           TMR1_TRG_HALL_TMR11_IRQHandler 
     [WEAK]
  270 00000022                 EXPORT           TMR1_CH_IRQHandler             
     [WEAK]
  271 00000022                 EXPORT           TMR2_GLOBAL_IRQHandler         
     [WEAK]
  272 00000022                 EXPORT           TMR3_GLOBAL_IRQHandler         
     [WEAK]
  273 00000022                 EXPORT           TMR4_GLOBAL_IRQHandler         
     [WEAK]
  274 00000022                 EXPORT           I2C1_EVT_IRQHandler            



ARM Macro Assembler    Page 8 


     [WEAK]
  275 00000022                 EXPORT           I2C1_ERR_IRQHandler            
     [WEAK]
  276 00000022                 EXPORT           I2C2_EVT_IRQHandler            
     [WEAK]
  277 00000022                 EXPORT           I2C2_ERR_IRQHandler            
     [WEAK]
  278 00000022                 EXPORT           SPI1_IRQHandler                
     [WEAK]
  279 00000022                 EXPORT           SPI2_I2S2EXT_IRQHandler        
     [WEAK]
  280 00000022                 EXPORT           USART1_IRQHandler              
     [WEAK]
  281 00000022                 EXPORT           USART2_IRQHandler              
     [WEAK]
  282 00000022                 EXPORT           USART3_IRQHandler              
     [WEAK]
  283 00000022                 EXPORT           EXINT15_10_IRQHandler          
     [WEAK]
  284 00000022                 EXPORT           ERTCAlarm_IRQHandler           
     [WEAK]
  285 00000022                 EXPORT           OTGFS1_WKUP_IRQHandler         
     [WEAK]
  286 00000022                 EXPORT           TMR8_BRK_TMR12_IRQHandler      
     [WEAK]
  287 00000022                 EXPORT           TMR8_OVF_TMR13_IRQHandler      
     [WEAK]
  288 00000022                 EXPORT           TMR8_TRG_HALL_TMR14_IRQHandler 
     [WEAK]
  289 00000022                 EXPORT           TMR8_CH_IRQHandler             
     [WEAK]
  290 00000022                 EXPORT           EDMA_Stream8_IRQHandler        
     [WEAK]
  291 00000022                 EXPORT           XMC_IRQHandler                 
     [WEAK]
  292 00000022                 EXPORT           SDIO1_IRQHandler               
     [WEAK]
  293 00000022                 EXPORT           TMR5_GLOBAL_IRQHandler         
     [WEAK]
  294 00000022                 EXPORT           SPI3_I2S3EXT_IRQHandler        
     [WEAK]
  295 00000022                 EXPORT           UART4_IRQHandler               
     [WEAK]
  296 00000022                 EXPORT           UART5_IRQHandler               
     [WEAK]
  297 00000022                 EXPORT           TMR6_DAC_GLOBAL_IRQHandler     
     [WEAK]
  298 00000022                 EXPORT           TMR7_GLOBAL_IRQHandler         
     [WEAK]
  299 00000022                 EXPORT           DMA1_Channel1_IRQHandler       
     [WEAK]
  300 00000022                 EXPORT           DMA1_Channel2_IRQHandler       
     [WEAK]
  301 00000022                 EXPORT           DMA1_Channel3_IRQHandler       
     [WEAK]
  302 00000022                 EXPORT           DMA1_Channel4_IRQHandler       
     [WEAK]
  303 00000022                 EXPORT           DMA1_Channel5_IRQHandler       
     [WEAK]



ARM Macro Assembler    Page 9 


  304 00000022                 EXPORT           EMAC_IRQHandler                
     [WEAK]
  305 00000022                 EXPORT           EMAC_WKUP_IRQHandler           
     [WEAK]
  306 00000022                 EXPORT           CAN2_TX_IRQHandler             
     [WEAK]
  307 00000022                 EXPORT           CAN2_RX0_IRQHandler            
     [WEAK]
  308 00000022                 EXPORT           CAN2_RX1_IRQHandler            
     [WEAK]
  309 00000022                 EXPORT           CAN2_SE_IRQHandler             
     [WEAK]
  310 00000022                 EXPORT           OTGFS1_IRQHandler              
     [WEAK]
  311 00000022                 EXPORT           DMA1_Channel6_IRQHandler       
     [WEAK]
  312 00000022                 EXPORT           DMA1_Channel7_IRQHandler       
     [WEAK]
  313 00000022                 EXPORT           USART6_IRQHandler              
     [WEAK]
  314 00000022                 EXPORT           I2C3_EVT_IRQHandler            
     [WEAK]
  315 00000022                 EXPORT           I2C3_ERR_IRQHandler            
     [WEAK]
  316 00000022                 EXPORT           OTGFS2_WKUP_IRQHandler         
     [WEAK]
  317 00000022                 EXPORT           OTGFS2_IRQHandler              
     [WEAK]
  318 00000022                 EXPORT           DVP_IRQHandler                 
     [WEAK]
  319 00000022                 EXPORT           FPU_IRQHandler                 
     [WEAK]
  320 00000022                 EXPORT           UART7_IRQHandler               
     [WEAK]
  321 00000022                 EXPORT           UART8_IRQHandler               
     [WEAK]
  322 00000022                 EXPORT           SPI4_IRQHandler                
     [WEAK]
  323 00000022                 EXPORT           QSPI2_IRQHandler               
     [WEAK]
  324 00000022                 EXPORT           QSPI1_IRQHandler               
     [WEAK]
  325 00000022                 EXPORT           DMAMUX_IRQHandler              
     [WEAK]
  326 00000022                 EXPORT           SDIO2_IRQHandler               
     [WEAK]
  327 00000022                 EXPORT           ACC_IRQHandler                 
     [WEAK]
  328 00000022                 EXPORT           TMR20_BRK_IRQHandler           
     [WEAK]
  329 00000022                 EXPORT           TMR20_OVF_IRQHandler           
     [WEAK]
  330 00000022                 EXPORT           TMR20_TRG_HALL_IRQHandler      
     [WEAK]
  331 00000022                 EXPORT           TMR20_CH_IRQHandler            
     [WEAK]
  332 00000022                 EXPORT           DMA2_Channel1_IRQHandler       
     [WEAK]
  333 00000022                 EXPORT           DMA2_Channel2_IRQHandler       



ARM Macro Assembler    Page 10 


     [WEAK]
  334 00000022                 EXPORT           DMA2_Channel3_IRQHandler       
     [WEAK]
  335 00000022                 EXPORT           DMA2_Channel4_IRQHandler       
     [WEAK]
  336 00000022                 EXPORT           DMA2_Channel5_IRQHandler       
     [WEAK]
  337 00000022                 EXPORT           DMA2_Channel6_IRQHandler       
     [WEAK]
  338 00000022                 EXPORT           DMA2_Channel7_IRQHandler       
     [WEAK]
  339 00000022         WWDT_IRQHandler
  340 00000022         PVM_IRQHandler
  341 00000022         TAMP_STAMP_IRQHandler
  342 00000022         ERTC_WKUP_IRQHandler
  343 00000022         FLASH_IRQHandler
  344 00000022         CRM_IRQHandler
  345 00000022         EXINT0_IRQHandler
  346 00000022         EXINT1_IRQHandler
  347 00000022         EXINT2_IRQHandler
  348 00000022         EXINT3_IRQHandler
  349 00000022         EXINT4_IRQHandler
  350 00000022         EDMA_Stream1_IRQHandler
  351 00000022         EDMA_Stream2_IRQHandler
  352 00000022         EDMA_Stream3_IRQHandler
  353 00000022         EDMA_Stream4_IRQHandler
  354 00000022         EDMA_Stream5_IRQHandler
  355 00000022         EDMA_Stream6_IRQHandler
  356 00000022         EDMA_Stream7_IRQHandler
  357 00000022         ADC1_2_3_IRQHandler
  358 00000022         CAN1_TX_IRQHandler
  359 00000022         CAN1_RX0_IRQHandler
  360 00000022         CAN1_RX1_IRQHandler
  361 00000022         CAN1_SE_IRQHandler
  362 00000022         EXINT9_5_IRQHandler
  363 00000022         TMR1_BRK_TMR9_IRQHandler
  364 00000022         TMR1_OVF_TMR10_IRQHandler
  365 00000022         TMR1_TRG_HALL_TMR11_IRQHandler
  366 00000022         TMR1_CH_IRQHandler
  367 00000022         TMR2_GLOBAL_IRQHandler
  368 00000022         TMR3_GLOBAL_IRQHandler
  369 00000022         TMR4_GLOBAL_IRQHandler
  370 00000022         I2C1_EVT_IRQHandler
  371 00000022         I2C1_ERR_IRQHandler
  372 00000022         I2C2_EVT_IRQHandler
  373 00000022         I2C2_ERR_IRQHandler
  374 00000022         SPI1_IRQHandler
  375 00000022         SPI2_I2S2EXT_IRQHandler
  376 00000022         USART1_IRQHandler
  377 00000022         USART2_IRQHandler
  378 00000022         USART3_IRQHandler
  379 00000022         EXINT15_10_IRQHandler
  380 00000022         ERTCAlarm_IRQHandler
  381 00000022         OTGFS1_WKUP_IRQHandler
  382 00000022         TMR8_BRK_TMR12_IRQHandler
  383 00000022         TMR8_OVF_TMR13_IRQHandler
  384 00000022         TMR8_TRG_HALL_TMR14_IRQHandler
  385 00000022         TMR8_CH_IRQHandler
  386 00000022         EDMA_Stream8_IRQHandler



ARM Macro Assembler    Page 11 


  387 00000022         XMC_IRQHandler
  388 00000022         SDIO1_IRQHandler
  389 00000022         TMR5_GLOBAL_IRQHandler
  390 00000022         SPI3_I2S3EXT_IRQHandler
  391 00000022         UART4_IRQHandler
  392 00000022         UART5_IRQHandler
  393 00000022         TMR6_DAC_GLOBAL_IRQHandler
  394 00000022         TMR7_GLOBAL_IRQHandler
  395 00000022         DMA1_Channel1_IRQHandler
  396 00000022         DMA1_Channel2_IRQHandler
  397 00000022         DMA1_Channel3_IRQHandler
  398 00000022         DMA1_Channel4_IRQHandler
  399 00000022         DMA1_Channel5_IRQHandler
  400 00000022         EMAC_IRQHandler
  401 00000022         EMAC_WKUP_IRQHandler
  402 00000022         CAN2_TX_IRQHandler
  403 00000022         CAN2_RX0_IRQHandler
  404 00000022         CAN2_RX1_IRQHandler
  405 00000022         CAN2_SE_IRQHandler
  406 00000022         OTGFS1_IRQHandler
  407 00000022         DMA1_Channel6_IRQHandler
  408 00000022         DMA1_Channel7_IRQHandler
  409 00000022         USART6_IRQHandler
  410 00000022         I2C3_EVT_IRQHandler
  411 00000022         I2C3_ERR_IRQHandler
  412 00000022         OTGFS2_WKUP_IRQHandler
  413 00000022         OTGFS2_IRQHandler
  414 00000022         DVP_IRQHandler
  415 00000022         FPU_IRQHandler
  416 00000022         UART7_IRQHandler
  417 00000022         UART8_IRQHandler
  418 00000022         SPI4_IRQHandler
  419 00000022         QSPI2_IRQHandler
  420 00000022         QSPI1_IRQHandler
  421 00000022         DMAMUX_IRQHandler
  422 00000022         SDIO2_IRQHandler
  423 00000022         ACC_IRQHandler
  424 00000022         TMR20_BRK_IRQHandler
  425 00000022         TMR20_OVF_IRQHandler
  426 00000022         TMR20_TRG_HALL_IRQHandler
  427 00000022         TMR20_CH_IRQHandler
  428 00000022         DMA2_Channel1_IRQHandler
  429 00000022         DMA2_Channel2_IRQHandler
  430 00000022         DMA2_Channel3_IRQHandler
  431 00000022         DMA2_Channel4_IRQHandler
  432 00000022         DMA2_Channel5_IRQHandler
  433 00000022         DMA2_Channel6_IRQHandler
  434 00000022         DMA2_Channel7_IRQHandler
  435 00000022 E7FE            B                .
  436 00000024         
  437 00000024                 ENDP
  438 00000024         
  439 00000024                 ALIGN
  440 00000024         
  441 00000024         ;*******************************************************
                       ************************
  442 00000024         ; User Stack and Heap initialization
  443 00000024         ;*******************************************************
                       ************************



ARM Macro Assembler    Page 12 


  444 00000024                 IF               :DEF:__MICROLIB
  451 00000024         
  452 00000024                 IMPORT           __use_two_region_memory
  453 00000024                 EXPORT           __user_initial_stackheap
  454 00000024         
  455 00000024         __user_initial_stackheap
  456 00000024         
  457 00000024 4806            LDR              R0, = Heap_Mem
  458 00000026 4907            LDR              R1, = (Stack_Mem + Stack_Size)
  459 00000028 4A07            LDR              R2, = (Heap_Mem +  Heap_Size)
  460 0000002A 4B08            LDR              R3, = Stack_Mem
  461 0000002C 4770            BX               LR
  462 0000002E         
  463 0000002E 00 00           ALIGN
  464 00000030         
  465 00000030                 ENDIF
  466 00000030         
  467 00000030                 END
              20040000 
              00000000 
              00000000 
              00000000 
              00000000 
              00000400 
              00000200 
              00000000 
Command Line: --debug --xref --diag_suppress=9931 --cpu=Cortex-M4.fp.sp --apcs=
interwork --depend=.\objects\startup_at32f435_437.d -o.\objects\startup_at32f43
5_437.o -I.\RTE\RTOS -I.\RTE\_AT32F435CGU7_WorkBench -IC:\Users\Dell\AppData\Lo
cal\Arm\Packs\ArteryTek\AT32F435_437_DFP\2.2.3\Device\Include -IC:\Users\Dell\A
ppData\Local\Arm\Packs\RealThread\RT-Thread\3.1.2\include -IC:\Keil_v5\ARM\CMSI
S\Include --predefine="__UVISION_VERSION SETA 529" --predefine="_RTE_ SETA 1" -
-predefine="AT32F435CGU7 SETA 1" --list=.\listings\startup_at32f435_437.lst sta
rtup_at32f435_437.s



ARM Macro Assembler    Page 1 Alphabetic symbol ordering
Relocatable symbols

STACK 00000000

Symbol: STACK
   Definitions
      At line 16 in file startup_at32f435_437.s
   Uses
      None
Comment: STACK unused
Stack_Mem 00000000

Symbol: Stack_Mem
   Definitions
      At line 17 in file startup_at32f435_437.s
   Uses
      At line 458 in file startup_at32f435_437.s
      At line 460 in file startup_at32f435_437.s

__initial_sp 00000400

Symbol: __initial_sp
   Definitions
      At line 18 in file startup_at32f435_437.s
   Uses
      At line 41 in file startup_at32f435_437.s
Comment: __initial_sp used once
3 symbols



ARM Macro Assembler    Page 1 Alphabetic symbol ordering
Relocatable symbols

HEAP 00000000

Symbol: HEAP
   Definitions
      At line 26 in file startup_at32f435_437.s
   Uses
      None
Comment: HEAP unused
Heap_Mem 00000000

Symbol: Heap_Mem
   Definitions
      At line 28 in file startup_at32f435_437.s
   Uses
      At line 457 in file startup_at32f435_437.s
      At line 459 in file startup_at32f435_437.s

__heap_base 00000000

Symbol: __heap_base
   Definitions
      At line 27 in file startup_at32f435_437.s
   Uses
      None
Comment: __heap_base unused
__heap_limit 00000200

Symbol: __heap_limit
   Definitions
      At line 29 in file startup_at32f435_437.s
   Uses
      None
Comment: __heap_limit unused
4 symbols



ARM Macro Assembler    Page 1 Alphabetic symbol ordering
Relocatable symbols

RESET 00000000

Symbol: RESET
   Definitions
      At line 36 in file startup_at32f435_437.s
   Uses
      None
Comment: RESET unused
__Vectors 00000000

Symbol: __Vectors
   Definitions
      At line 41 in file startup_at32f435_437.s
   Uses
      At line 37 in file startup_at32f435_437.s
      At line 176 in file startup_at32f435_437.s

__Vectors_End 0000020C

Symbol: __Vectors_End
   Definitions
      At line 174 in file startup_at32f435_437.s
   Uses
      At line 38 in file startup_at32f435_437.s
      At line 176 in file startup_at32f435_437.s

3 symbols



ARM Macro Assembler    Page 1 Alphabetic symbol ordering
Relocatable symbols

.text 00000000

Symbol: .text
   Definitions
      At line 178 in file startup_at32f435_437.s
   Uses
      None
Comment: .text unused
ACC_IRQHandler 00000022

Symbol: ACC_IRQHandler
   Definitions
      At line 423 in file startup_at32f435_437.s
   Uses
      At line 162 in file startup_at32f435_437.s
      At line 327 in file startup_at32f435_437.s

ADC1_2_3_IRQHandler 00000022

Symbol: ADC1_2_3_IRQHandler
   Definitions
      At line 357 in file startup_at32f435_437.s
   Uses
      At line 77 in file startup_at32f435_437.s
      At line 261 in file startup_at32f435_437.s

BusFault_Handler 00000016

Symbol: BusFault_Handler
   Definitions
      At line 215 in file startup_at32f435_437.s
   Uses
      At line 46 in file startup_at32f435_437.s
      At line 216 in file startup_at32f435_437.s

CAN1_RX0_IRQHandler 00000022

Symbol: CAN1_RX0_IRQHandler
   Definitions
      At line 359 in file startup_at32f435_437.s
   Uses
      At line 79 in file startup_at32f435_437.s
      At line 263 in file startup_at32f435_437.s

CAN1_RX1_IRQHandler 00000022

Symbol: CAN1_RX1_IRQHandler
   Definitions
      At line 360 in file startup_at32f435_437.s
   Uses
      At line 80 in file startup_at32f435_437.s
      At line 264 in file startup_at32f435_437.s

CAN1_SE_IRQHandler 00000022

Symbol: CAN1_SE_IRQHandler
   Definitions
      At line 361 in file startup_at32f435_437.s
   Uses



ARM Macro Assembler    Page 2 Alphabetic symbol ordering
Relocatable symbols

      At line 81 in file startup_at32f435_437.s
      At line 265 in file startup_at32f435_437.s

CAN1_TX_IRQHandler 00000022

Symbol: CAN1_TX_IRQHandler
   Definitions
      At line 358 in file startup_at32f435_437.s
   Uses
      At line 78 in file startup_at32f435_437.s
      At line 262 in file startup_at32f435_437.s

CAN2_RX0_IRQHandler 00000022

Symbol: CAN2_RX0_IRQHandler
   Definitions
      At line 403 in file startup_at32f435_437.s
   Uses
      At line 123 in file startup_at32f435_437.s
      At line 307 in file startup_at32f435_437.s

CAN2_RX1_IRQHandler 00000022

Symbol: CAN2_RX1_IRQHandler
   Definitions
      At line 404 in file startup_at32f435_437.s
   Uses
      At line 124 in file startup_at32f435_437.s
      At line 308 in file startup_at32f435_437.s

CAN2_SE_IRQHandler 00000022

Symbol: CAN2_SE_IRQHandler
   Definitions
      At line 405 in file startup_at32f435_437.s
   Uses
      At line 125 in file startup_at32f435_437.s
      At line 309 in file startup_at32f435_437.s

CAN2_TX_IRQHandler 00000022

Symbol: CAN2_TX_IRQHandler
   Definitions
      At line 402 in file startup_at32f435_437.s
   Uses
      At line 122 in file startup_at32f435_437.s
      At line 306 in file startup_at32f435_437.s

CRM_IRQHandler 00000022

Symbol: CRM_IRQHandler
   Definitions
      At line 344 in file startup_at32f435_437.s
   Uses
      At line 64 in file startup_at32f435_437.s
      At line 248 in file startup_at32f435_437.s

DMA1_Channel1_IRQHandler 00000022




ARM Macro Assembler    Page 3 Alphabetic symbol ordering
Relocatable symbols

Symbol: DMA1_Channel1_IRQHandler
   Definitions
      At line 395 in file startup_at32f435_437.s
   Uses
      At line 115 in file startup_at32f435_437.s
      At line 299 in file startup_at32f435_437.s

DMA1_Channel2_IRQHandler 00000022

Symbol: DMA1_Channel2_IRQHandler
   Definitions
      At line 396 in file startup_at32f435_437.s
   Uses
      At line 116 in file startup_at32f435_437.s
      At line 300 in file startup_at32f435_437.s

DMA1_Channel3_IRQHandler 00000022

Symbol: DMA1_Channel3_IRQHandler
   Definitions
      At line 397 in file startup_at32f435_437.s
   Uses
      At line 117 in file startup_at32f435_437.s
      At line 301 in file startup_at32f435_437.s

DMA1_Channel4_IRQHandler 00000022

Symbol: DMA1_Channel4_IRQHandler
   Definitions
      At line 398 in file startup_at32f435_437.s
   Uses
      At line 118 in file startup_at32f435_437.s
      At line 302 in file startup_at32f435_437.s

DMA1_Channel5_IRQHandler 00000022

Symbol: DMA1_Channel5_IRQHandler
   Definitions
      At line 399 in file startup_at32f435_437.s
   Uses
      At line 119 in file startup_at32f435_437.s
      At line 303 in file startup_at32f435_437.s

DMA1_Channel6_IRQHandler 00000022

Symbol: DMA1_Channel6_IRQHandler
   Definitions
      At line 407 in file startup_at32f435_437.s
   Uses
      At line 127 in file startup_at32f435_437.s
      At line 311 in file startup_at32f435_437.s

DMA1_Channel7_IRQHandler 00000022

Symbol: DMA1_Channel7_IRQHandler
   Definitions
      At line 408 in file startup_at32f435_437.s
   Uses
      At line 128 in file startup_at32f435_437.s



ARM Macro Assembler    Page 4 Alphabetic symbol ordering
Relocatable symbols

      At line 312 in file startup_at32f435_437.s

DMA2_Channel1_IRQHandler 00000022

Symbol: DMA2_Channel1_IRQHandler
   Definitions
      At line 428 in file startup_at32f435_437.s
   Uses
      At line 167 in file startup_at32f435_437.s
      At line 332 in file startup_at32f435_437.s

DMA2_Channel2_IRQHandler 00000022

Symbol: DMA2_Channel2_IRQHandler
   Definitions
      At line 429 in file startup_at32f435_437.s
   Uses
      At line 168 in file startup_at32f435_437.s
      At line 333 in file startup_at32f435_437.s

DMA2_Channel3_IRQHandler 00000022

Symbol: DMA2_Channel3_IRQHandler
   Definitions
      At line 430 in file startup_at32f435_437.s
   Uses
      At line 169 in file startup_at32f435_437.s
      At line 334 in file startup_at32f435_437.s

DMA2_Channel4_IRQHandler 00000022

Symbol: DMA2_Channel4_IRQHandler
   Definitions
      At line 431 in file startup_at32f435_437.s
   Uses
      At line 170 in file startup_at32f435_437.s
      At line 335 in file startup_at32f435_437.s

DMA2_Channel5_IRQHandler 00000022

Symbol: DMA2_Channel5_IRQHandler
   Definitions
      At line 432 in file startup_at32f435_437.s
   Uses
      At line 171 in file startup_at32f435_437.s
      At line 336 in file startup_at32f435_437.s

DMA2_Channel6_IRQHandler 00000022

Symbol: DMA2_Channel6_IRQHandler
   Definitions
      At line 433 in file startup_at32f435_437.s
   Uses
      At line 172 in file startup_at32f435_437.s
      At line 337 in file startup_at32f435_437.s

DMA2_Channel7_IRQHandler 00000022

Symbol: DMA2_Channel7_IRQHandler



ARM Macro Assembler    Page 5 Alphabetic symbol ordering
Relocatable symbols

   Definitions
      At line 434 in file startup_at32f435_437.s
   Uses
      At line 173 in file startup_at32f435_437.s
      At line 338 in file startup_at32f435_437.s

DMAMUX_IRQHandler 00000022

Symbol: DMAMUX_IRQHandler
   Definitions
      At line 421 in file startup_at32f435_437.s
   Uses
      At line 153 in file startup_at32f435_437.s
      At line 325 in file startup_at32f435_437.s

DVP_IRQHandler 00000022

Symbol: DVP_IRQHandler
   Definitions
      At line 414 in file startup_at32f435_437.s
   Uses
      At line 137 in file startup_at32f435_437.s
      At line 318 in file startup_at32f435_437.s

DebugMon_Handler 0000001C

Symbol: DebugMon_Handler
   Definitions
      At line 229 in file startup_at32f435_437.s
   Uses
      At line 53 in file startup_at32f435_437.s
      At line 230 in file startup_at32f435_437.s

Default_Handler 00000022

Symbol: Default_Handler
   Definitions
      At line 242 in file startup_at32f435_437.s
   Uses
      None
Comment: Default_Handler unused
EDMA_Stream1_IRQHandler 00000022

Symbol: EDMA_Stream1_IRQHandler
   Definitions
      At line 350 in file startup_at32f435_437.s
   Uses
      At line 70 in file startup_at32f435_437.s
      At line 254 in file startup_at32f435_437.s

EDMA_Stream2_IRQHandler 00000022

Symbol: EDMA_Stream2_IRQHandler
   Definitions
      At line 351 in file startup_at32f435_437.s
   Uses
      At line 71 in file startup_at32f435_437.s
      At line 255 in file startup_at32f435_437.s




ARM Macro Assembler    Page 6 Alphabetic symbol ordering
Relocatable symbols

EDMA_Stream3_IRQHandler 00000022

Symbol: EDMA_Stream3_IRQHandler
   Definitions
      At line 352 in file startup_at32f435_437.s
   Uses
      At line 72 in file startup_at32f435_437.s
      At line 256 in file startup_at32f435_437.s

EDMA_Stream4_IRQHandler 00000022

Symbol: EDMA_Stream4_IRQHandler
   Definitions
      At line 353 in file startup_at32f435_437.s
   Uses
      At line 73 in file startup_at32f435_437.s
      At line 257 in file startup_at32f435_437.s

EDMA_Stream5_IRQHandler 00000022

Symbol: EDMA_Stream5_IRQHandler
   Definitions
      At line 354 in file startup_at32f435_437.s
   Uses
      At line 74 in file startup_at32f435_437.s
      At line 258 in file startup_at32f435_437.s

EDMA_Stream6_IRQHandler 00000022

Symbol: EDMA_Stream6_IRQHandler
   Definitions
      At line 355 in file startup_at32f435_437.s
   Uses
      At line 75 in file startup_at32f435_437.s
      At line 259 in file startup_at32f435_437.s

EDMA_Stream7_IRQHandler 00000022

Symbol: EDMA_Stream7_IRQHandler
   Definitions
      At line 356 in file startup_at32f435_437.s
   Uses
      At line 76 in file startup_at32f435_437.s
      At line 260 in file startup_at32f435_437.s

EDMA_Stream8_IRQHandler 00000022

Symbol: EDMA_Stream8_IRQHandler
   Definitions
      At line 386 in file startup_at32f435_437.s
   Uses
      At line 106 in file startup_at32f435_437.s
      At line 290 in file startup_at32f435_437.s

EMAC_IRQHandler 00000022

Symbol: EMAC_IRQHandler
   Definitions
      At line 400 in file startup_at32f435_437.s



ARM Macro Assembler    Page 7 Alphabetic symbol ordering
Relocatable symbols

   Uses
      At line 120 in file startup_at32f435_437.s
      At line 304 in file startup_at32f435_437.s

EMAC_WKUP_IRQHandler 00000022

Symbol: EMAC_WKUP_IRQHandler
   Definitions
      At line 401 in file startup_at32f435_437.s
   Uses
      At line 121 in file startup_at32f435_437.s
      At line 305 in file startup_at32f435_437.s

ERTCAlarm_IRQHandler 00000022

Symbol: ERTCAlarm_IRQHandler
   Definitions
      At line 380 in file startup_at32f435_437.s
   Uses
      At line 100 in file startup_at32f435_437.s
      At line 284 in file startup_at32f435_437.s

ERTC_WKUP_IRQHandler 00000022

Symbol: ERTC_WKUP_IRQHandler
   Definitions
      At line 342 in file startup_at32f435_437.s
   Uses
      At line 62 in file startup_at32f435_437.s
      At line 246 in file startup_at32f435_437.s

EXINT0_IRQHandler 00000022

Symbol: EXINT0_IRQHandler
   Definitions
      At line 345 in file startup_at32f435_437.s
   Uses
      At line 65 in file startup_at32f435_437.s
      At line 249 in file startup_at32f435_437.s

EXINT15_10_IRQHandler 00000022

Symbol: EXINT15_10_IRQHandler
   Definitions
      At line 379 in file startup_at32f435_437.s
   Uses
      At line 99 in file startup_at32f435_437.s
      At line 283 in file startup_at32f435_437.s

EXINT1_IRQHandler 00000022

Symbol: EXINT1_IRQHandler
   Definitions
      At line 346 in file startup_at32f435_437.s
   Uses
      At line 66 in file startup_at32f435_437.s
      At line 250 in file startup_at32f435_437.s

EXINT2_IRQHandler 00000022



ARM Macro Assembler    Page 8 Alphabetic symbol ordering
Relocatable symbols


Symbol: EXINT2_IRQHandler
   Definitions
      At line 347 in file startup_at32f435_437.s
   Uses
      At line 67 in file startup_at32f435_437.s
      At line 251 in file startup_at32f435_437.s

EXINT3_IRQHandler 00000022

Symbol: EXINT3_IRQHandler
   Definitions
      At line 348 in file startup_at32f435_437.s
   Uses
      At line 68 in file startup_at32f435_437.s
      At line 252 in file startup_at32f435_437.s

EXINT4_IRQHandler 00000022

Symbol: EXINT4_IRQHandler
   Definitions
      At line 349 in file startup_at32f435_437.s
   Uses
      At line 69 in file startup_at32f435_437.s
      At line 253 in file startup_at32f435_437.s

EXINT9_5_IRQHandler 00000022

Symbol: EXINT9_5_IRQHandler
   Definitions
      At line 362 in file startup_at32f435_437.s
   Uses
      At line 82 in file startup_at32f435_437.s
      At line 266 in file startup_at32f435_437.s

FLASH_IRQHandler 00000022

Symbol: FLASH_IRQHandler
   Definitions
      At line 343 in file startup_at32f435_437.s
   Uses
      At line 63 in file startup_at32f435_437.s
      At line 247 in file startup_at32f435_437.s

FPU_IRQHandler 00000022

Symbol: FPU_IRQHandler
   Definitions
      At line 415 in file startup_at32f435_437.s
   Uses
      At line 140 in file startup_at32f435_437.s
      At line 319 in file startup_at32f435_437.s

HardFault_Handler 00000012

Symbol: HardFault_Handler
   Definitions
      At line 205 in file startup_at32f435_437.s
   Uses



ARM Macro Assembler    Page 9 Alphabetic symbol ordering
Relocatable symbols

      At line 44 in file startup_at32f435_437.s
      At line 206 in file startup_at32f435_437.s

I2C1_ERR_IRQHandler 00000022

Symbol: I2C1_ERR_IRQHandler
   Definitions
      At line 371 in file startup_at32f435_437.s
   Uses
      At line 91 in file startup_at32f435_437.s
      At line 275 in file startup_at32f435_437.s

I2C1_EVT_IRQHandler 00000022

Symbol: I2C1_EVT_IRQHandler
   Definitions
      At line 370 in file startup_at32f435_437.s
   Uses
      At line 90 in file startup_at32f435_437.s
      At line 274 in file startup_at32f435_437.s

I2C2_ERR_IRQHandler 00000022

Symbol: I2C2_ERR_IRQHandler
   Definitions
      At line 373 in file startup_at32f435_437.s
   Uses
      At line 93 in file startup_at32f435_437.s
      At line 277 in file startup_at32f435_437.s

I2C2_EVT_IRQHandler 00000022

Symbol: I2C2_EVT_IRQHandler
   Definitions
      At line 372 in file startup_at32f435_437.s
   Uses
      At line 92 in file startup_at32f435_437.s
      At line 276 in file startup_at32f435_437.s

I2C3_ERR_IRQHandler 00000022

Symbol: I2C3_ERR_IRQHandler
   Definitions
      At line 411 in file startup_at32f435_437.s
   Uses
      At line 132 in file startup_at32f435_437.s
      At line 315 in file startup_at32f435_437.s

I2C3_EVT_IRQHandler 00000022

Symbol: I2C3_EVT_IRQHandler
   Definitions
      At line 410 in file startup_at32f435_437.s
   Uses
      At line 131 in file startup_at32f435_437.s
      At line 314 in file startup_at32f435_437.s

MemManage_Handler 00000014




ARM Macro Assembler    Page 10 Alphabetic symbol ordering
Relocatable symbols

Symbol: MemManage_Handler
   Definitions
      At line 210 in file startup_at32f435_437.s
   Uses
      At line 45 in file startup_at32f435_437.s
      At line 211 in file startup_at32f435_437.s

NMI_Handler 00000010

Symbol: NMI_Handler
   Definitions
      At line 200 in file startup_at32f435_437.s
   Uses
      At line 43 in file startup_at32f435_437.s
      At line 201 in file startup_at32f435_437.s

OTGFS1_IRQHandler 00000022

Symbol: OTGFS1_IRQHandler
   Definitions
      At line 406 in file startup_at32f435_437.s
   Uses
      At line 126 in file startup_at32f435_437.s
      At line 310 in file startup_at32f435_437.s

OTGFS1_WKUP_IRQHandler 00000022

Symbol: OTGFS1_WKUP_IRQHandler
   Definitions
      At line 381 in file startup_at32f435_437.s
   Uses
      At line 101 in file startup_at32f435_437.s
      At line 285 in file startup_at32f435_437.s

OTGFS2_IRQHandler 00000022

Symbol: OTGFS2_IRQHandler
   Definitions
      At line 413 in file startup_at32f435_437.s
   Uses
      At line 136 in file startup_at32f435_437.s
      At line 317 in file startup_at32f435_437.s

OTGFS2_WKUP_IRQHandler 00000022

Symbol: OTGFS2_WKUP_IRQHandler
   Definitions
      At line 412 in file startup_at32f435_437.s
   Uses
      At line 135 in file startup_at32f435_437.s
      At line 316 in file startup_at32f435_437.s

PVM_IRQHandler 00000022

Symbol: PVM_IRQHandler
   Definitions
      At line 340 in file startup_at32f435_437.s
   Uses
      At line 60 in file startup_at32f435_437.s



ARM Macro Assembler    Page 11 Alphabetic symbol ordering
Relocatable symbols

      At line 244 in file startup_at32f435_437.s

PendSV_Handler 0000001E

Symbol: PendSV_Handler
   Definitions
      At line 233 in file startup_at32f435_437.s
   Uses
      At line 55 in file startup_at32f435_437.s
      At line 234 in file startup_at32f435_437.s

QSPI1_IRQHandler 00000022

Symbol: QSPI1_IRQHandler
   Definitions
      At line 420 in file startup_at32f435_437.s
   Uses
      At line 151 in file startup_at32f435_437.s
      At line 324 in file startup_at32f435_437.s

QSPI2_IRQHandler 00000022

Symbol: QSPI2_IRQHandler
   Definitions
      At line 419 in file startup_at32f435_437.s
   Uses
      At line 150 in file startup_at32f435_437.s
      At line 323 in file startup_at32f435_437.s

Reset_Handler 00000000

Symbol: Reset_Handler
   Definitions
      At line 181 in file startup_at32f435_437.s
   Uses
      At line 42 in file startup_at32f435_437.s
      At line 182 in file startup_at32f435_437.s

SDIO1_IRQHandler 00000022

Symbol: SDIO1_IRQHandler
   Definitions
      At line 388 in file startup_at32f435_437.s
   Uses
      At line 108 in file startup_at32f435_437.s
      At line 292 in file startup_at32f435_437.s

SDIO2_IRQHandler 00000022

Symbol: SDIO2_IRQHandler
   Definitions
      At line 422 in file startup_at32f435_437.s
   Uses
      At line 161 in file startup_at32f435_437.s
      At line 326 in file startup_at32f435_437.s

SPI1_IRQHandler 00000022

Symbol: SPI1_IRQHandler



ARM Macro Assembler    Page 12 Alphabetic symbol ordering
Relocatable symbols

   Definitions
      At line 374 in file startup_at32f435_437.s
   Uses
      At line 94 in file startup_at32f435_437.s
      At line 278 in file startup_at32f435_437.s

SPI2_I2S2EXT_IRQHandler 00000022

Symbol: SPI2_I2S2EXT_IRQHandler
   Definitions
      At line 375 in file startup_at32f435_437.s
   Uses
      At line 95 in file startup_at32f435_437.s
      At line 279 in file startup_at32f435_437.s

SPI3_I2S3EXT_IRQHandler 00000022

Symbol: SPI3_I2S3EXT_IRQHandler
   Definitions
      At line 390 in file startup_at32f435_437.s
   Uses
      At line 110 in file startup_at32f435_437.s
      At line 294 in file startup_at32f435_437.s

SPI4_IRQHandler 00000022

Symbol: SPI4_IRQHandler
   Definitions
      At line 418 in file startup_at32f435_437.s
   Uses
      At line 143 in file startup_at32f435_437.s
      At line 322 in file startup_at32f435_437.s

SVC_Handler 0000001A

Symbol: SVC_Handler
   Definitions
      At line 224 in file startup_at32f435_437.s
   Uses
      At line 52 in file startup_at32f435_437.s
      At line 225 in file startup_at32f435_437.s

SysTick_Handler 00000020

Symbol: SysTick_Handler
   Definitions
      At line 237 in file startup_at32f435_437.s
   Uses
      At line 56 in file startup_at32f435_437.s
      At line 238 in file startup_at32f435_437.s

TAMP_STAMP_IRQHandler 00000022

Symbol: TAMP_STAMP_IRQHandler
   Definitions
      At line 341 in file startup_at32f435_437.s
   Uses
      At line 61 in file startup_at32f435_437.s
      At line 245 in file startup_at32f435_437.s



ARM Macro Assembler    Page 13 Alphabetic symbol ordering
Relocatable symbols


TMR1_BRK_TMR9_IRQHandler 00000022

Symbol: TMR1_BRK_TMR9_IRQHandler
   Definitions
      At line 363 in file startup_at32f435_437.s
   Uses
      At line 83 in file startup_at32f435_437.s
      At line 267 in file startup_at32f435_437.s

TMR1_CH_IRQHandler 00000022

Symbol: TMR1_CH_IRQHandler
   Definitions
      At line 366 in file startup_at32f435_437.s
   Uses
      At line 86 in file startup_at32f435_437.s
      At line 270 in file startup_at32f435_437.s

TMR1_OVF_TMR10_IRQHandler 00000022

Symbol: TMR1_OVF_TMR10_IRQHandler
   Definitions
      At line 364 in file startup_at32f435_437.s
   Uses
      At line 84 in file startup_at32f435_437.s
      At line 268 in file startup_at32f435_437.s

TMR1_TRG_HALL_TMR11_IRQHandler 00000022

Symbol: TMR1_TRG_HALL_TMR11_IRQHandler
   Definitions
      At line 365 in file startup_at32f435_437.s
   Uses
      At line 85 in file startup_at32f435_437.s
      At line 269 in file startup_at32f435_437.s

TMR20_BRK_IRQHandler 00000022

Symbol: TMR20_BRK_IRQHandler
   Definitions
      At line 424 in file startup_at32f435_437.s
   Uses
      At line 163 in file startup_at32f435_437.s
      At line 328 in file startup_at32f435_437.s

TMR20_CH_IRQHandler 00000022

Symbol: TMR20_CH_IRQHandler
   Definitions
      At line 427 in file startup_at32f435_437.s
   Uses
      At line 166 in file startup_at32f435_437.s
      At line 331 in file startup_at32f435_437.s

TMR20_OVF_IRQHandler 00000022

Symbol: TMR20_OVF_IRQHandler
   Definitions



ARM Macro Assembler    Page 14 Alphabetic symbol ordering
Relocatable symbols

      At line 425 in file startup_at32f435_437.s
   Uses
      At line 164 in file startup_at32f435_437.s
      At line 329 in file startup_at32f435_437.s

TMR20_TRG_HALL_IRQHandler 00000022

Symbol: TMR20_TRG_HALL_IRQHandler
   Definitions
      At line 426 in file startup_at32f435_437.s
   Uses
      At line 165 in file startup_at32f435_437.s
      At line 330 in file startup_at32f435_437.s

TMR2_GLOBAL_IRQHandler 00000022

Symbol: TMR2_GLOBAL_IRQHandler
   Definitions
      At line 367 in file startup_at32f435_437.s
   Uses
      At line 87 in file startup_at32f435_437.s
      At line 271 in file startup_at32f435_437.s

TMR3_GLOBAL_IRQHandler 00000022

Symbol: TMR3_GLOBAL_IRQHandler
   Definitions
      At line 368 in file startup_at32f435_437.s
   Uses
      At line 88 in file startup_at32f435_437.s
      At line 272 in file startup_at32f435_437.s

TMR4_GLOBAL_IRQHandler 00000022

Symbol: TMR4_GLOBAL_IRQHandler
   Definitions
      At line 369 in file startup_at32f435_437.s
   Uses
      At line 89 in file startup_at32f435_437.s
      At line 273 in file startup_at32f435_437.s

TMR5_GLOBAL_IRQHandler 00000022

Symbol: TMR5_GLOBAL_IRQHandler
   Definitions
      At line 389 in file startup_at32f435_437.s
   Uses
      At line 109 in file startup_at32f435_437.s
      At line 293 in file startup_at32f435_437.s

TMR6_DAC_GLOBAL_IRQHandler 00000022

Symbol: TMR6_DAC_GLOBAL_IRQHandler
   Definitions
      At line 393 in file startup_at32f435_437.s
   Uses
      At line 113 in file startup_at32f435_437.s
      At line 297 in file startup_at32f435_437.s




ARM Macro Assembler    Page 15 Alphabetic symbol ordering
Relocatable symbols

TMR7_GLOBAL_IRQHandler 00000022

Symbol: TMR7_GLOBAL_IRQHandler
   Definitions
      At line 394 in file startup_at32f435_437.s
   Uses
      At line 114 in file startup_at32f435_437.s
      At line 298 in file startup_at32f435_437.s

TMR8_BRK_TMR12_IRQHandler 00000022

Symbol: TMR8_BRK_TMR12_IRQHandler
   Definitions
      At line 382 in file startup_at32f435_437.s
   Uses
      At line 102 in file startup_at32f435_437.s
      At line 286 in file startup_at32f435_437.s

TMR8_CH_IRQHandler 00000022

Symbol: TMR8_CH_IRQHandler
   Definitions
      At line 385 in file startup_at32f435_437.s
   Uses
      At line 105 in file startup_at32f435_437.s
      At line 289 in file startup_at32f435_437.s

TMR8_OVF_TMR13_IRQHandler 00000022

Symbol: TMR8_OVF_TMR13_IRQHandler
   Definitions
      At line 383 in file startup_at32f435_437.s
   Uses
      At line 103 in file startup_at32f435_437.s
      At line 287 in file startup_at32f435_437.s

TMR8_TRG_HALL_TMR14_IRQHandler 00000022

Symbol: TMR8_TRG_HALL_TMR14_IRQHandler
   Definitions
      At line 384 in file startup_at32f435_437.s
   Uses
      At line 104 in file startup_at32f435_437.s
      At line 288 in file startup_at32f435_437.s

UART4_IRQHandler 00000022

Symbol: UART4_IRQHandler
   Definitions
      At line 391 in file startup_at32f435_437.s
   Uses
      At line 111 in file startup_at32f435_437.s
      At line 295 in file startup_at32f435_437.s

UART5_IRQHandler 00000022

Symbol: UART5_IRQHandler
   Definitions
      At line 392 in file startup_at32f435_437.s



ARM Macro Assembler    Page 16 Alphabetic symbol ordering
Relocatable symbols

   Uses
      At line 112 in file startup_at32f435_437.s
      At line 296 in file startup_at32f435_437.s

UART7_IRQHandler 00000022

Symbol: UART7_IRQHandler
   Definitions
      At line 416 in file startup_at32f435_437.s
   Uses
      At line 141 in file startup_at32f435_437.s
      At line 320 in file startup_at32f435_437.s

UART8_IRQHandler 00000022

Symbol: UART8_IRQHandler
   Definitions
      At line 417 in file startup_at32f435_437.s
   Uses
      At line 142 in file startup_at32f435_437.s
      At line 321 in file startup_at32f435_437.s

USART1_IRQHandler 00000022

Symbol: USART1_IRQHandler
   Definitions
      At line 376 in file startup_at32f435_437.s
   Uses
      At line 96 in file startup_at32f435_437.s
      At line 280 in file startup_at32f435_437.s

USART2_IRQHandler 00000022

Symbol: USART2_IRQHandler
   Definitions
      At line 377 in file startup_at32f435_437.s
   Uses
      At line 97 in file startup_at32f435_437.s
      At line 281 in file startup_at32f435_437.s

USART3_IRQHandler 00000022

Symbol: USART3_IRQHandler
   Definitions
      At line 378 in file startup_at32f435_437.s
   Uses
      At line 98 in file startup_at32f435_437.s
      At line 282 in file startup_at32f435_437.s

USART6_IRQHandler 00000022

Symbol: USART6_IRQHandler
   Definitions
      At line 409 in file startup_at32f435_437.s
   Uses
      At line 130 in file startup_at32f435_437.s
      At line 313 in file startup_at32f435_437.s

UsageFault_Handler 00000018



ARM Macro Assembler    Page 17 Alphabetic symbol ordering
Relocatable symbols


Symbol: UsageFault_Handler
   Definitions
      At line 220 in file startup_at32f435_437.s
   Uses
      At line 47 in file startup_at32f435_437.s
      At line 221 in file startup_at32f435_437.s

WWDT_IRQHandler 00000022

Symbol: WWDT_IRQHandler
   Definitions
      At line 339 in file startup_at32f435_437.s
   Uses
      At line 59 in file startup_at32f435_437.s
      At line 243 in file startup_at32f435_437.s

XMC_IRQHandler 00000022

Symbol: XMC_IRQHandler
   Definitions
      At line 387 in file startup_at32f435_437.s
   Uses
      At line 107 in file startup_at32f435_437.s
      At line 291 in file startup_at32f435_437.s

__user_initial_stackheap 00000024

Symbol: __user_initial_stackheap
   Definitions
      At line 455 in file startup_at32f435_437.s
   Uses
      At line 453 in file startup_at32f435_437.s
Comment: __user_initial_stackheap used once
109 symbols



ARM Macro Assembler    Page 1 Alphabetic symbol ordering
Absolute symbols

Heap_Size 00000200

Symbol: Heap_Size
   Definitions
      At line 24 in file startup_at32f435_437.s
   Uses
      At line 28 in file startup_at32f435_437.s
      At line 459 in file startup_at32f435_437.s

Stack_Size 00000400

Symbol: Stack_Size
   Definitions
      At line 14 in file startup_at32f435_437.s
   Uses
      At line 17 in file startup_at32f435_437.s
      At line 458 in file startup_at32f435_437.s

__Vectors_Size 0000020C

Symbol: __Vectors_Size
   Definitions
      At line 176 in file startup_at32f435_437.s
   Uses
      At line 39 in file startup_at32f435_437.s
Comment: __Vectors_Size used once
3 symbols



ARM Macro Assembler    Page 1 Alphabetic symbol ordering
External symbols

FDI_Flash_EOPB0_Set 00000000

Symbol: FDI_Flash_EOPB0_Set
   Definitions
      At line 185 in file startup_at32f435_437.s
   Uses
      At line 190 in file startup_at32f435_437.s
Comment: FDI_Flash_EOPB0_Set used once
SystemInit 00000000

Symbol: SystemInit
   Definitions
      At line 184 in file startup_at32f435_437.s
   Uses
      At line 192 in file startup_at32f435_437.s
Comment: SystemInit used once
__main 00000000

Symbol: __main
   Definitions
      At line 183 in file startup_at32f435_437.s
   Uses
      At line 194 in file startup_at32f435_437.s
Comment: __main used once
__use_two_region_memory 00000000

Symbol: __use_two_region_memory
   Definitions
      At line 452 in file startup_at32f435_437.s
   Uses
      None
Comment: __use_two_region_memory unused
4 symbols
464 symbols in table
