<html>
<body>
<pre>
<h1>µVision Build Log</h1>
<h2>Tool Versions:</h2>
IDE-Version: ¦ÌVision V5.29.0.0
Copyright (C) 2019 ARM Ltd and ARM Germany GmbH. All rights reserved.
License Information: 1 1, 11, LIC=47GU5-GN50C-DYTV3-ADDIL-5UIXD-RI4KR
 
Tool Versions:
Toolchain:       MDK-ARM Plus  Version: 5.29.0.0
Toolchain Path:  C:\Keil_v5\ARM\ARMCC\Bin
C Compiler:      Armcc.exe V5.06 update 6 (build 750)
Assembler:       Armasm.exe V5.06 update 6 (build 750)
Linker/Locator:  ArmLink.exe V5.06 update 6 (build 750)
Library Manager: ArmAr.exe V5.06 update 6 (build 750)
Hex Converter:   FromElf.exe V5.06 update 6 (build 750)
CPU DLL:         SARMCM3.DLL V5.29.0.0
Dialog DLL:      DCM.DLL V1.17.3.0
Target DLL:      STLink\ST-LINKIII-KEIL_SWO.dll V3.0.7.0
Dialog DLL:      TCM.DLL V1.36.5.0
 
<h2>Project:</h2>
D:\at32_repository\AT32F435CGU7_WorkBench\project\MDK_V5\AT32F435CGU7_WorkBench.uvprojx
Project File Date:  08/07/2026

<h2>Output:</h2>
*** Using Compiler 'V5.06 update 6 (build 750)', folder: 'C:\Keil_v5\ARM\ARMCC\Bin'
Build target 'AT32F435CGU7_WorkBench'
compiling at32f435_437_int.c...
linking...
Program Size: Code=11770 RO-data=922 RW-data=264 ZI-data=10768  
FromELF: creating hex file...
".\objects\AT32F435CGU7_WorkBench.axf" - 0 Error(s), 0 Warning(s).

<h2>Software Packages used:</h2>

Package Vendor: ArteryTek
                
                ArteryTek.AT32F435_437_DFP.2.2.3
                ArteryTek AT32F4 Series Device Support,Drivers

Package Vendor: RealThread
                https://www.rt-thread.org/download/mdk/RealThread.RT-Thread.3.1.2.pack
                RealThread.RT-Thread.3.1.2
                RT-Thread Software Components
   * Component: kernel Version: 3.1.2

<h2>Collection of Component include folders:</h2>
  .\RTE\RTOS
  .\RTE\_AT32F435CGU7_WorkBench
  C:\Users\Dell\AppData\Local\Arm\Packs\ArteryTek\AT32F435_437_DFP\2.2.3\Device\Include
  C:\Users\Dell\AppData\Local\Arm\Packs\RealThread\RT-Thread\3.1.2\include

<h2>Collection of Component Files used:</h2>

   * Component: RealThread.RT-Thread::RTOS:kernel:3.1.2
      Source file:   src\clock.c
      Source file:   src\device.c
      Source file:   src\idle.c
      Source file:   src\ipc.c
      Source file:   src\irq.c
      Source file:   src\components.c
      Source file:   src\kservice.c
      Include file:  bsp\rtconfig.h
      Source file:   bsp\board.c
      Source file:   src\thread.c
      Source file:   libcpu\arm\cortex-m4\context_rvds.S
      Source file:   libcpu\arm\cortex-m4\cpuport.c
      Source file:   src\mem.c
      Source file:   src\scheduler.c
      Source file:   src\object.c
      Source file:   src\timer.c
Build Time Elapsed:  00:00:01
</pre>
</body>
</html>
